[25/06/2014 12:50:49] (Notice - virtual void ProtocolGame::parsePacket(NetworkMessage&)) PLAYER: Jamil sent unknown byte: 0x24ff164

[25/06/2014 12:51:42] (Notice - virtual void ProtocolGame::parsePacket(NetworkMessage&)) PLAYER: Jamil sent unknown byte: 0x24ff164

[25/06/2014 12:51:42] (Notice - virtual void ProtocolGame::parsePacket(NetworkMessage&)) PLAYER: Jamil sent unknown byte: 0x24ff164

[25/06/2014 12:51:42] (Notice - virtual void ProtocolGame::parsePacket(NetworkMessage&)) PLAYER: Jamil sent unknown byte: 0x24ff164

[25/06/2014 12:51:43] (Notice - virtual void ProtocolGame::parsePacket(NetworkMessage&)) PLAYER: Jamil sent unknown byte: 0x24ff164

[25/06/2014 12:51:43] (Notice - virtual void ProtocolGame::parsePacket(NetworkMessage&)) PLAYER: Jamil sent unknown byte: 0x24ff164

[25/06/2014 12:51:43] (Notice - virtual void ProtocolGame::parsePacket(NetworkMessage&)) PLAYER: Jamil sent unknown byte: 0x24ff164

[25/06/2014 12:51:43] (Notice - virtual void ProtocolGame::parsePacket(NetworkMessage&)) PLAYER: Jamil sent unknown byte: 0x24ff164

[25/06/2014 12:51:43] (Notice - virtual void ProtocolGame::parsePacket(NetworkMessage&)) PLAYER: Jamil sent unknown byte: 0x24ff164

[25/06/2014 17:31:08] (Notice - virtual void ProtocolGame::parsePacket(NetworkMessage&)) PLAYER: Black Movier sent unknown byte: 0x24bf164

[25/06/2014 17:31:17] (Notice - virtual void ProtocolGame::parsePacket(NetworkMessage&)) PLAYER: Black Movier sent unknown byte: 0x24bf164

[12/02/2016 07:39:30] (Notice - virtual void ProtocolGame::parsePacket(NetworkMessage&)) PLAYER: Daark Booy sent unknown byte: 0x12cf1a0

[12/02/2016 07:39:30] (Notice - virtual void ProtocolGame::parsePacket(NetworkMessage&)) PLAYER: Daark Booy sent unknown byte: 0x12cf1a0

[12/02/2016 07:39:31] (Notice - virtual void ProtocolGame::parsePacket(NetworkMessage&)) PLAYER: Daark Booy sent unknown byte: 0x12cf1a0

[12/02/2016 07:39:40] (Notice - virtual void ProtocolGame::parsePacket(NetworkMessage&)) PLAYER: Daark Booy sent unknown byte: 0x12cf1a0

[12/02/2016 07:39:41] (Notice - virtual void ProtocolGame::parsePacket(NetworkMessage&)) PLAYER: Daark Booy sent unknown byte: 0x12cf1a0

[12/02/2016 07:39:42] (Notice - virtual void ProtocolGame::parsePacket(NetworkMessage&)) PLAYER: Daark Booy sent unknown byte: 0x12cf1a0

[12/02/2016 07:39:59] (Notice - virtual void ProtocolGame::parsePacket(NetworkMessage&)) PLAYER: Daark Booy sent unknown byte: 0x12cf1a0

[12/02/2016 07:40:00] (Notice - virtual void ProtocolGame::parsePacket(NetworkMessage&)) PLAYER: Daark Booy sent unknown byte: 0x12cf1a0

[12/02/2016 07:40:02] (Notice - virtual void ProtocolGame::parsePacket(NetworkMessage&)) PLAYER: Daark Booy sent unknown byte: 0x12cf1a0

[12/02/2016 07:40:02] (Notice - virtual void ProtocolGame::parsePacket(NetworkMessage&)) PLAYER: Daark Booy sent unknown byte: 0x12cf1a0

[12/02/2016 07:40:03] (Notice - virtual void ProtocolGame::parsePacket(NetworkMessage&)) PLAYER: Daark Booy sent unknown byte: 0x12cf1a0

[12/02/2016 07:40:04] (Notice - virtual void ProtocolGame::parsePacket(NetworkMessage&)) PLAYER: Daark Booy sent unknown byte: 0x12cf1a0

[12/02/2016 07:40:04] (Notice - virtual void ProtocolGame::parsePacket(NetworkMessage&)) PLAYER: Daark Booy sent unknown byte: 0x12cf1a0

[12/02/2016 07:40:06] (Notice - virtual void ProtocolGame::parsePacket(NetworkMessage&)) PLAYER: Daark Booy sent unknown byte: 0x12cf1a0

[15/02/2016 21:38:32] (Notice - virtual void ProtocolGame::parsePacket(NetworkMessage&)) PLAYER: Alisson sent unknown byte: 0x12cf1a0

[15/02/2016 21:38:40] (Notice - virtual void ProtocolGame::parsePacket(NetworkMessage&)) PLAYER: Alisson sent unknown byte: 0x12cf1a0

[15/02/2016 21:38:40] (Notice - virtual void ProtocolGame::parsePacket(NetworkMessage&)) PLAYER: Alisson sent unknown byte: 0x12cf1a0

[15/02/2016 21:38:41] (Notice - virtual void ProtocolGame::parsePacket(NetworkMessage&)) PLAYER: Alisson sent unknown byte: 0x12cf1a0

[15/02/2016 21:38:41] (Notice - virtual void ProtocolGame::parsePacket(NetworkMessage&)) PLAYER: Alisson sent unknown byte: 0x12cf1a0

[15/02/2016 21:38:41] (Notice - virtual void ProtocolGame::parsePacket(NetworkMessage&)) PLAYER: Alisson sent unknown byte: 0x12cf1a0

[15/02/2016 21:38:41] (Notice - virtual void ProtocolGame::parsePacket(NetworkMessage&)) PLAYER: Alisson sent unknown byte: 0x12cf1a0

[15/02/2016 21:38:41] (Notice - virtual void ProtocolGame::parsePacket(NetworkMessage&)) PLAYER: Alisson sent unknown byte: 0x12cf1a0

[15/02/2016 21:38:42] (Notice - virtual void ProtocolGame::parsePacket(NetworkMessage&)) PLAYER: Alisson sent unknown byte: 0x12cf1a0

[15/02/2016 21:38:42] (Notice - virtual void ProtocolGame::parsePacket(NetworkMessage&)) PLAYER: Alisson sent unknown byte: 0x12cf1a0

[15/02/2016 21:38:42] (Notice - virtual void ProtocolGame::parsePacket(NetworkMessage&)) PLAYER: Alisson sent unknown byte: 0x12cf1a0

[15/02/2016 21:38:42] (Notice - virtual void ProtocolGame::parsePacket(NetworkMessage&)) PLAYER: Alisson sent unknown byte: 0x12cf1a0

[15/02/2016 21:38:43] (Notice - virtual void ProtocolGame::parsePacket(NetworkMessage&)) PLAYER: Alisson sent unknown byte: 0x12cf1a0

[15/02/2016 21:38:43] (Notice - virtual void ProtocolGame::parsePacket(NetworkMessage&)) PLAYER: Alisson sent unknown byte: 0x12cf1a0

[15/02/2016 21:38:43] (Notice - virtual void ProtocolGame::parsePacket(NetworkMessage&)) PLAYER: Alisson sent unknown byte: 0x12cf1a0

[15/02/2016 21:38:43] (Notice - virtual void ProtocolGame::parsePacket(NetworkMessage&)) PLAYER: Alisson sent unknown byte: 0x12cf1a0

[15/02/2016 21:38:43] (Notice - virtual void ProtocolGame::parsePacket(NetworkMessage&)) PLAYER: Alisson sent unknown byte: 0x12cf1a0

[15/02/2016 21:38:44] (Notice - virtual void ProtocolGame::parsePacket(NetworkMessage&)) PLAYER: Alisson sent unknown byte: 0x12cf1a0

[15/02/2016 21:38:44] (Notice - virtual void ProtocolGame::parsePacket(NetworkMessage&)) PLAYER: Alisson sent unknown byte: 0x12cf1a0

[15/02/2016 21:38:44] (Notice - virtual void ProtocolGame::parsePacket(NetworkMessage&)) PLAYER: Alisson sent unknown byte: 0x12cf1a0

[15/02/2016 21:38:44] (Notice - virtual void ProtocolGame::parsePacket(NetworkMessage&)) PLAYER: Alisson sent unknown byte: 0x12cf1a0

[15/02/2016 21:38:44] (Notice - virtual void ProtocolGame::parsePacket(NetworkMessage&)) PLAYER: Alisson sent unknown byte: 0x12cf1a0

[15/02/2016 21:38:45] (Notice - virtual void ProtocolGame::parsePacket(NetworkMessage&)) PLAYER: Alisson sent unknown byte: 0x12cf1a0

[15/02/2016 21:38:47] (Notice - virtual void ProtocolGame::parsePacket(NetworkMessage&)) PLAYER: Alisson sent unknown byte: 0x12cf1a0

[15/02/2016 21:38:49] (Notice - virtual void ProtocolGame::parsePacket(NetworkMessage&)) PLAYER: Alisson sent unknown byte: 0x12cf1a0

[15/02/2016 21:42:24] (Notice - virtual void ProtocolGame::parsePacket(NetworkMessage&)) PLAYER: Alisson sent unknown byte: 0x12cf1a0

[15/02/2016 21:42:32] (Notice - virtual void ProtocolGame::parsePacket(NetworkMessage&)) PLAYER: Alisson sent unknown byte: 0x12cf1a0

[15/02/2016 21:42:32] (Notice - virtual void ProtocolGame::parsePacket(NetworkMessage&)) PLAYER: Alisson sent unknown byte: 0x12cf1a0

[15/02/2016 21:42:32] (Notice - virtual void ProtocolGame::parsePacket(NetworkMessage&)) PLAYER: Alisson sent unknown byte: 0x12cf1a0

[15/02/2016 21:42:32] (Notice - virtual void ProtocolGame::parsePacket(NetworkMessage&)) PLAYER: Alisson sent unknown byte: 0x12cf1a0

[15/02/2016 21:42:32] (Notice - virtual void ProtocolGame::parsePacket(NetworkMessage&)) PLAYER: Alisson sent unknown byte: 0x12cf1a0

[15/02/2016 21:42:32] (Notice - virtual void ProtocolGame::parsePacket(NetworkMessage&)) PLAYER: Alisson sent unknown byte: 0x12cf1a0

[15/02/2016 21:42:33] (Notice - virtual void ProtocolGame::parsePacket(NetworkMessage&)) PLAYER: Alisson sent unknown byte: 0x12cf1a0

[15/02/2016 21:42:33] (Notice - virtual void ProtocolGame::parsePacket(NetworkMessage&)) PLAYER: Alisson sent unknown byte: 0x12cf1a0

[15/02/2016 21:42:33] (Notice - virtual void ProtocolGame::parsePacket(NetworkMessage&)) PLAYER: Alisson sent unknown byte: 0x12cf1a0

[15/02/2016 21:42:33] (Notice - virtual void ProtocolGame::parsePacket(NetworkMessage&)) PLAYER: Alisson sent unknown byte: 0x12cf1a0

[15/02/2016 21:42:33] (Notice - virtual void ProtocolGame::parsePacket(NetworkMessage&)) PLAYER: Alisson sent unknown byte: 0x12cf1a0

[15/02/2016 21:42:33] (Notice - virtual void ProtocolGame::parsePacket(NetworkMessage&)) PLAYER: Alisson sent unknown byte: 0x12cf1a0

[15/02/2016 21:42:33] (Notice - virtual void ProtocolGame::parsePacket(NetworkMessage&)) PLAYER: Alisson sent unknown byte: 0x12cf1a0

[15/02/2016 21:42:33] (Notice - virtual void ProtocolGame::parsePacket(NetworkMessage&)) PLAYER: Alisson sent unknown byte: 0x12cf1a0

[15/02/2016 21:42:33] (Notice - virtual void ProtocolGame::parsePacket(NetworkMessage&)) PLAYER: Alisson sent unknown byte: 0x12cf1a0

[15/02/2016 21:42:33] (Notice - virtual void ProtocolGame::parsePacket(NetworkMessage&)) PLAYER: Alisson sent unknown byte: 0x12cf1a0

[15/02/2016 21:42:34] (Notice - virtual void ProtocolGame::parsePacket(NetworkMessage&)) PLAYER: Alisson sent unknown byte: 0x12cf1a0

[15/02/2016 21:42:34] (Notice - virtual void ProtocolGame::parsePacket(NetworkMessage&)) PLAYER: Alisson sent unknown byte: 0x12cf1a0

[15/02/2016 21:42:34] (Notice - virtual void ProtocolGame::parsePacket(NetworkMessage&)) PLAYER: Alisson sent unknown byte: 0x12cf1a0

[15/02/2016 21:42:34] (Notice - virtual void ProtocolGame::parsePacket(NetworkMessage&)) PLAYER: Alisson sent unknown byte: 0x12cf1a0

[15/02/2016 21:42:34] (Notice - virtual void ProtocolGame::parsePacket(NetworkMessage&)) PLAYER: Alisson sent unknown byte: 0x12cf1a0

[15/02/2016 21:42:34] (Notice - virtual void ProtocolGame::parsePacket(NetworkMessage&)) PLAYER: Alisson sent unknown byte: 0x12cf1a0

[15/02/2016 21:42:34] (Notice - virtual void ProtocolGame::parsePacket(NetworkMessage&)) PLAYER: Alisson sent unknown byte: 0x12cf1a0

[15/02/2016 21:42:34] (Notice - virtual void ProtocolGame::parsePacket(NetworkMessage&)) PLAYER: Alisson sent unknown byte: 0x12cf1a0

[15/02/2016 21:42:35] (Notice - virtual void ProtocolGame::parsePacket(NetworkMessage&)) PLAYER: Alisson sent unknown byte: 0x12cf1a0

[15/02/2016 21:42:35] (Notice - virtual void ProtocolGame::parsePacket(NetworkMessage&)) PLAYER: Alisson sent unknown byte: 0x12cf1a0

[15/02/2016 21:42:35] (Notice - virtual void ProtocolGame::parsePacket(NetworkMessage&)) PLAYER: Alisson sent unknown byte: 0x12cf1a0

[15/02/2016 21:42:53] (Notice - virtual void ProtocolGame::parsePacket(NetworkMessage&)) PLAYER: Alisson sent unknown byte: 0x12cf1a0

[15/02/2016 21:43:42] (Notice - virtual void ProtocolGame::parsePacket(NetworkMessage&)) PLAYER: Alisson sent unknown byte: 0x12cf1a0

[15/02/2016 21:43:43] (Notice - virtual void ProtocolGame::parsePacket(NetworkMessage&)) PLAYER: Alisson sent unknown byte: 0x12cf1a0

[15/02/2016 21:43:45] (Notice - virtual void ProtocolGame::parsePacket(NetworkMessage&)) PLAYER: Alisson sent unknown byte: 0x12cf1a0

[15/02/2016 21:43:47] (Notice - virtual void ProtocolGame::parsePacket(NetworkMessage&)) PLAYER: Alisson sent unknown byte: 0x12cf1a0

[15/02/2016 21:43:47] (Notice - virtual void ProtocolGame::parsePacket(NetworkMessage&)) PLAYER: Alisson sent unknown byte: 0x12cf1a0

[15/02/2016 21:43:48] (Notice - virtual void ProtocolGame::parsePacket(NetworkMessage&)) PLAYER: Alisson sent unknown byte: 0x12cf1a0

[15/02/2016 21:44:54] (Notice - virtual void ProtocolGame::parsePacket(NetworkMessage&)) PLAYER: Alisson sent unknown byte: 0x12cf1a0

[15/02/2016 21:44:54] (Notice - virtual void ProtocolGame::parsePacket(NetworkMessage&)) PLAYER: Alisson sent unknown byte: 0x12cf1a0

[15/02/2016 21:45:08] (Notice - virtual void ProtocolGame::parsePacket(NetworkMessage&)) PLAYER: Alisson sent unknown byte: 0x12cf1a0

[16/02/2016 20:21:07] (Notice - virtual void ProtocolGame::parsePacket(NetworkMessage&)) PLAYER: Zika virus supremo sent unknown byte: 0x12cf1a0

[16/02/2016 20:21:07] (Notice - virtual void ProtocolGame::parsePacket(NetworkMessage&)) PLAYER: Zika virus supremo sent unknown byte: 0x12cf1a0

[16/02/2016 20:23:12] (Notice - virtual void ProtocolGame::parsePacket(NetworkMessage&)) PLAYER: Zika virus supremo sent unknown byte: 0x12cf1a0

[16/02/2016 20:23:17] (Notice - virtual void ProtocolGame::parsePacket(NetworkMessage&)) PLAYER: Zika virus supremo sent unknown byte: 0x12cf1a0

[16/02/2016 20:23:27] (Notice - virtual void ProtocolGame::parsePacket(NetworkMessage&)) PLAYER: Zika virus supremo sent unknown byte: 0x12cf1a0

[16/02/2016 20:23:27] (Notice - virtual void ProtocolGame::parsePacket(NetworkMessage&)) PLAYER: Zika virus supremo sent unknown byte: 0x12cf1a0

[16/02/2016 20:23:28] (Notice - virtual void ProtocolGame::parsePacket(NetworkMessage&)) PLAYER: Zika virus supremo sent unknown byte: 0x12cf1a0

[16/02/2016 20:23:29] (Notice - virtual void ProtocolGame::parsePacket(NetworkMessage&)) PLAYER: Zika virus supremo sent unknown byte: 0x12cf1a0

[16/02/2016 20:23:29] (Notice - virtual void ProtocolGame::parsePacket(NetworkMessage&)) PLAYER: Zika virus supremo sent unknown byte: 0x12cf1a0

[16/02/2016 20:23:30] (Notice - virtual void ProtocolGame::parsePacket(NetworkMessage&)) PLAYER: Zika virus supremo sent unknown byte: 0x12cf1a0

[16/02/2016 20:23:30] (Notice - virtual void ProtocolGame::parsePacket(NetworkMessage&)) PLAYER: Zika virus supremo sent unknown byte: 0x12cf1a0

[16/02/2016 20:23:35] (Notice - virtual void ProtocolGame::parsePacket(NetworkMessage&)) PLAYER: Zika virus supremo sent unknown byte: 0x12cf1a0

[16/02/2016 20:23:36] (Notice - virtual void ProtocolGame::parsePacket(NetworkMessage&)) PLAYER: Zika virus supremo sent unknown byte: 0x12cf1a0

[16/02/2016 20:23:37] (Notice - virtual void ProtocolGame::parsePacket(NetworkMessage&)) PLAYER: Zika virus supremo sent unknown byte: 0x12cf1a0

[16/02/2016 20:23:38] (Notice - virtual void ProtocolGame::parsePacket(NetworkMessage&)) PLAYER: Zika virus supremo sent unknown byte: 0x12cf1a0

[16/02/2016 20:23:38] (Notice - virtual void ProtocolGame::parsePacket(NetworkMessage&)) PLAYER: Zika virus supremo sent unknown byte: 0x12cf1a0

[16/02/2016 20:23:39] (Notice - virtual void ProtocolGame::parsePacket(NetworkMessage&)) PLAYER: Zika virus supremo sent unknown byte: 0x12cf1a0

[16/02/2016 20:23:39] (Notice - virtual void ProtocolGame::parsePacket(NetworkMessage&)) PLAYER: Zika virus supremo sent unknown byte: 0x12cf1a0

[16/02/2016 20:23:40] (Notice - virtual void ProtocolGame::parsePacket(NetworkMessage&)) PLAYER: Zika virus supremo sent unknown byte: 0x12cf1a0

[16/02/2016 20:23:40] (Notice - virtual void ProtocolGame::parsePacket(NetworkMessage&)) PLAYER: Zika virus supremo sent unknown byte: 0x12cf1a0

[16/02/2016 20:23:41] (Notice - virtual void ProtocolGame::parsePacket(NetworkMessage&)) PLAYER: Zika virus supremo sent unknown byte: 0x12cf1a0

[16/02/2016 20:23:41] (Notice - virtual void ProtocolGame::parsePacket(NetworkMessage&)) PLAYER: Zika virus supremo sent unknown byte: 0x12cf1a0

[16/02/2016 20:23:42] (Notice - virtual void ProtocolGame::parsePacket(NetworkMessage&)) PLAYER: Zika virus supremo sent unknown byte: 0x12cf1a0

[16/02/2016 20:23:42] (Notice - virtual void ProtocolGame::parsePacket(NetworkMessage&)) PLAYER: Zika virus supremo sent unknown byte: 0x12cf1a0

[16/02/2016 20:23:43] (Notice - virtual void ProtocolGame::parsePacket(NetworkMessage&)) PLAYER: Zika virus supremo sent unknown byte: 0x12cf1a0

[16/02/2016 20:23:46] (Notice - virtual void ProtocolGame::parsePacket(NetworkMessage&)) PLAYER: Zika virus supremo sent unknown byte: 0x12cf1a0

[16/02/2016 20:23:46] (Notice - virtual void ProtocolGame::parsePacket(NetworkMessage&)) PLAYER: Zika virus supremo sent unknown byte: 0x12cf1a0

[16/02/2016 20:23:47] (Notice - virtual void ProtocolGame::parsePacket(NetworkMessage&)) PLAYER: Zika virus supremo sent unknown byte: 0x12cf1a0

[16/02/2016 20:23:47] (Notice - virtual void ProtocolGame::parsePacket(NetworkMessage&)) PLAYER: Zika virus supremo sent unknown byte: 0x12cf1a0

[16/02/2016 20:23:48] (Notice - virtual void ProtocolGame::parsePacket(NetworkMessage&)) PLAYER: Zika virus supremo sent unknown byte: 0x12cf1a0

[16/02/2016 20:23:48] (Notice - virtual void ProtocolGame::parsePacket(NetworkMessage&)) PLAYER: Zika virus supremo sent unknown byte: 0x12cf1a0

[16/02/2016 20:23:49] (Notice - virtual void ProtocolGame::parsePacket(NetworkMessage&)) PLAYER: Zika virus supremo sent unknown byte: 0x12cf1a0

[16/02/2016 20:23:49] (Notice - virtual void ProtocolGame::parsePacket(NetworkMessage&)) PLAYER: Zika virus supremo sent unknown byte: 0x12cf1a0

[16/02/2016 20:23:50] (Notice - virtual void ProtocolGame::parsePacket(NetworkMessage&)) PLAYER: Zika virus supremo sent unknown byte: 0x12cf1a0

[16/02/2016 20:26:32] (Notice - virtual void ProtocolGame::parsePacket(NetworkMessage&)) PLAYER: Zika virus supremo sent unknown byte: 0x12cf1a0

[23/02/2016 17:12:03] (Notice - virtual void ProtocolGame::parsePacket(NetworkMessage&)) PLAYER: Hynnin sent unknown byte: 0x12cf1a0

[23/02/2016 17:12:09] (Notice - virtual void ProtocolGame::parsePacket(NetworkMessage&)) PLAYER: Hynnin sent unknown byte: 0x12cf1a0

[25/02/2016 13:03:36] (Notice - virtual void ProtocolGame::parsePacket(NetworkMessage&)) PLAYER: Matheuss sent unknown byte: 0x12cf1a0

[25/02/2016 13:03:40] (Notice - virtual void ProtocolGame::parsePacket(NetworkMessage&)) PLAYER: Matheuss sent unknown byte: 0x12cf1a0

[25/02/2016 13:03:56] (Notice - virtual void ProtocolGame::parsePacket(NetworkMessage&)) PLAYER: Matheuss sent unknown byte: 0x12cf1a0

[25/02/2016 13:03:56] (Notice - virtual void ProtocolGame::parsePacket(NetworkMessage&)) PLAYER: Matheuss sent unknown byte: 0x12cf1a0

[04/06/2025 10:55:16] (Error - void ServicePort::open(uint16_t)) NETWORK: bind: Address already in use
