[14/02/2016 15:05:23] /town 5
[14/02/2016 15:05:32] /m giant primeape
[14/02/2016 15:05:46] /m giant victreebel
[14/02/2016 15:05:58] /m giant magneton
[14/02/2016 15:06:04] /m giant poliwrath
[14/02/2016 15:06:14] /t
[14/02/2016 15:07:32] /goto [HELP TESTE] Harlley Swwiit
[14/02/2016 15:09:37] /ghost
[14/02/2016 15:09:59] /m ho-oh
[14/02/2016 15:10:10] /r
[14/02/2016 15:10:20] /m mega charizardy
[14/02/2016 15:55:33] /i x-attack t7
[14/02/2016 15:56:00] /attr set boost 450
[14/02/2016 15:56:20] /i y-cure t7
[14/02/2016 15:56:31] /ghost
[14/02/2016 15:56:32] /ghost
[14/02/2016 15:56:46] /attr health -100000
[14/02/2016 15:57:25] /goto kyogre
[14/02/2016 15:59:16] /goto kyogre
[14/02/2016 15:59:39] /goto kyogre
[14/02/2016 16:00:12] /t
[14/02/2016 16:00:32] /b Saindo Povo, ensaio coral daqui a pouco, mais a noite eu entro.
[14/02/2016 16:00:53] /bc green Querem q eu renicie para arrumar Lendarios?
[14/02/2016 16:00:55] /bc green Querem q eu renicie para arrumar Lendarios?
[14/02/2016 16:01:17] /bc green Servidor Reinicia em 30 Segundos.
[14/02/2016 16:01:19] /bc green Servidor Reinicia em 30 Segundos.
[14/02/2016 16:01:19] /bc green Servidor Reinicia em 30 Segundos.
[14/02/2016 16:01:26] /bc green Servidor Reinicia em 30 Segundos.
[14/02/2016 16:01:39] /bc green 20
[14/02/2016 16:01:42] /bc green 19
[14/02/2016 16:01:44] /bc green 18
[14/02/2016 16:01:46] /bc green 17
[14/02/2016 16:01:48] /bc green 16
[14/02/2016 16:01:50] /bc green 15
[14/02/2016 16:01:51] /bc green 14
[14/02/2016 16:01:54] /bc green 13
[14/02/2016 16:01:56] /bc green 12
[14/02/2016 16:01:58] /bc green 11
[14/02/2016 16:02:00] /bc green 10
[14/02/2016 16:02:01] /bc green 9
[14/02/2016 16:02:03] /bc green 8
[14/02/2016 16:02:05] /bc green 7
[14/02/2016 16:02:07] /bc green 6
[14/02/2016 16:02:09] /bc green 5
[14/02/2016 16:02:11] /bc green 4
[14/02/2016 16:02:13] /bc green 3
[14/02/2016 16:02:14] /bc green 2
[14/02/2016 16:02:17] /bc green 1
[14/02/2016 16:02:18] /bc green 0
[14/02/2016 16:02:24] /bc green Salvando e reiniciando.
[14/02/2016 16:02:29] /closeserver
[14/02/2016 16:02:55] /save
[14/02/2016 16:03:00] /save
[14/02/2016 16:03:06] /shutdown
[14/02/2016 16:08:12] /i 2160
[14/02/2016 16:08:23] /ghost
[14/02/2016 16:08:24] /ghost
[14/02/2016 16:08:27] /a 2
[14/02/2016 16:08:29] /a 2
[14/02/2016 16:08:29] /a 2
[14/02/2016 16:08:30] /a 2
[14/02/2016 16:08:30] /a 2
[14/02/2016 16:08:31] /a 2
[14/02/2016 16:09:34] /b bom celebi ta com defesa fraca agora
[14/02/2016 16:09:36] /t
[14/02/2016 16:09:51] /goto [HELP TESTE] Harlley Swwiit
[14/02/2016 16:10:36] /i x-attack t7
[14/02/2016 16:12:55] /goto sanbica
[14/02/2016 16:12:57] /ghost
[14/02/2016 16:13:45] /a 5
[14/02/2016 16:13:46] /a 5
[14/02/2016 16:14:02] /a 5
[14/02/2016 16:14:03] /a 5
[14/02/2016 16:14:20] /b Saindo ^^, a so para lembrar boa sorte ho-oh e lugia eles tem Restore.
[14/02/2016 16:14:21] /b Saindo ^^, a so para lembrar boa sorte ho-oh e lugia eles tem Restore.
[14/02/2016 16:14:40] /goto mayumi
[14/02/2016 16:15:00] /c mayumi
[14/02/2016 16:15:14] /t
[14/02/2016 16:15:53] /reload monster
[15/02/2016 08:45:33] /ghost
[15/02/2016 08:45:34] /ghost
[15/02/2016 08:46:44] /i 2160
[15/02/2016 08:47:45] /r all
[15/02/2016 08:47:49] /a 5
[15/02/2016 08:47:50] /a 5
[15/02/2016 08:47:50] /a 5
[15/02/2016 08:47:58] /goto ho-oh
[15/02/2016 08:49:12] /a 5
[15/02/2016 08:49:13] /a 5
[15/02/2016 08:49:15] /a 5
[15/02/2016 08:49:16] /a 5
[15/02/2016 08:49:42] /goto shiny bronzong
[15/02/2016 08:50:18] /t
[15/02/2016 08:51:04] /mc
[15/02/2016 08:52:09] /goto luis killer
[15/02/2016 08:52:15] /ghost
[15/02/2016 08:59:44] /goto luis killer
[15/02/2016 09:01:45] /m shiny hariyama
[16/02/2016 22:38:59] /t
[16/02/2016 22:40:28] /ghost
[16/02/2016 22:40:33] /kick zika virus x
[16/02/2016 22:41:07] /goto shiny bronzong
[16/02/2016 22:41:24] /mc
[16/02/2016 22:44:00] /kick zika virus x
[16/02/2016 23:38:53] /town 5
[16/02/2016 23:38:56] /ghost
[16/02/2016 23:38:56] /ghost
[16/02/2016 23:39:11] /i fainted shiny milotic
[16/02/2016 23:39:42] /ghost
[16/02/2016 23:39:43] /ghost
[16/02/2016 23:39:45] /goto buch
[16/02/2016 23:42:28] /i 2145,45
[16/02/2016 23:47:00] /i fainted shiny gengar
[16/02/2016 23:47:06] /i fainted shiny jolteon
[16/02/2016 23:47:15] /i fainted shiny dragonite
[16/02/2016 23:47:57] /i fainted shiny blaziken
[16/02/2016 23:48:21] /goto buch
[17/02/2016 23:47:32] /t
[17/02/2016 23:47:46] /goto sakigami haku
[17/02/2016 23:48:47] /t
[17/02/2016 23:48:59] /goto crowley
[17/02/2016 23:49:46] /bc green So Passei para dar um premio diario, bom xau players.
[17/02/2016 23:50:11] /goto morphred
[17/02/2016 23:50:21] /ghost
[17/02/2016 23:50:55] /t
[17/02/2016 23:50:58] /ghost
[20/02/2016 12:11:24] /goto buch
[20/02/2016 12:11:35] /r
[20/02/2016 12:11:50] /t
[20/02/2016 12:24:39] /bc green Povo Querem Evento Double XP ou Catch? Hoje so será 1
[20/02/2016 12:24:54] /bc green Povo Querem Evento Double XP ou Catch? Hoje so será 1 So responda Game Chat e sem flood.
[20/02/2016 12:25:48] /bc green Bom o Povo decidiu Catch
[20/02/2016 12:26:49] /bc green So Ande com 20 Millions em Sua bag, ou ira perder seu dinheiro.
[20/02/2016 12:26:55] /goto mayumi
[20/02/2016 12:27:01] /town 5
[20/02/2016 12:27:03] /town 6
[20/02/2016 12:27:10] /c mayumi
[20/02/2016 12:30:04] /bc green Jaja coloco Double Catch.
[20/02/2016 12:32:20] /ghost
[20/02/2016 12:33:47] /reload config
[20/02/2016 12:34:01] /bc green Double Catch Ativado.
[20/02/2016 12:35:15] /bc green Vai Legar por que estou vps vendo um erro.
[20/02/2016 12:45:39] /ghost
[20/02/2016 12:49:29] /c mayumi
[20/02/2016 12:49:35] /bc green Mayumi está ai?
[20/02/2016 12:49:39] /save
[20/02/2016 12:50:22] /c shihouin yoruichi
[20/02/2016 12:50:51] /reload actions
[20/02/2016 12:51:33] /goto misdreavus
[20/02/2016 12:51:35] /c Shihouin Yoruichi
[20/02/2016 12:52:19] /bc green Vou Almoçar depois vou arrumar ataques de alguns pokes.
[20/02/2016 12:52:41] /ghost
[20/02/2016 12:52:41] /ghost
[20/02/2016 12:52:51] /goto misdreavus
[20/02/2016 12:52:57] /goto shiny misdreavus
[20/02/2016 12:53:50] /c Shihouin Yoruichi
[20/02/2016 12:54:42] /bc green Saindo.
[20/02/2016 12:54:54] /t
[20/02/2016 13:27:17] /goto xtremex
[20/02/2016 13:27:34] /ghost
[20/02/2016 13:27:38] /t
[20/02/2016 13:27:40] /ghost
[20/02/2016 13:33:09] /bc green povo Vou Reiniciar servidor para por Double XP Okay?
[20/02/2016 13:33:12] /town 5
[20/02/2016 13:33:13] /town 6
[20/02/2016 13:33:53] /bc green Ja está double catch a quer saber agente tenta agradar e fica uns ignorante falando merda nem vo por mais.
[20/02/2016 13:36:39] /goto shihouin yoruichi
[20/02/2016 13:37:16] /a 50
[20/02/2016 13:37:17] /a 50
[20/02/2016 13:37:17] /a 50
[20/02/2016 13:37:18] /a 50
[20/02/2016 13:37:19] /a 50
[20/02/2016 13:37:26] /a 5
[20/02/2016 13:38:05] /t Shihouin yoruichi
[20/02/2016 13:38:41] /bc green Não irei mais por Double EXP.
[20/02/2016 13:42:15] /bc green Cansei ja se nao esta Double Catch vou remover ele simples, agora aproveitem ai sem nada para pararem de reclamar simples.
[20/02/2016 13:42:23] /bc green Cansei ja se nao esta Double Catch vou remover ele simples, agora aproveitem ai sem nada para pararem de reclamar simples.
[20/02/2016 13:45:11] /bc green Double Catch fica mais vou reiniciar servidor.
[20/02/2016 13:46:21] /bc green Servidor Será reiniciado em 1 Minuto Para Adicionamento de Double XP e Readicionamento de Double Catch.
[20/02/2016 13:46:25] /bc green Servidor Será reiniciado em 1 Minuto Para Adicionamento de Double XP e Readicionamento de Double Catch.
[20/02/2016 13:46:45] /bc green Servidor Será reiniciado em 1 Minuto Para Adicionamento de Double XP e Readicionamento de Double Catch.
[20/02/2016 13:46:52] /c [Dono] Hisoka Fail
[20/02/2016 13:47:58] /bc green Reiniciamento Em 50 Segundos.
[20/02/2016 13:48:32] /bc green Servidor Volta em 5 a 10 Minutos.
[20/02/2016 13:48:33] /bc green Servidor Volta em 5 a 10 Minutos.
[20/02/2016 13:49:55] /bc green Reiniciando em 3
[20/02/2016 13:49:57] /bc green Reiniciando em 2
[20/02/2016 13:50:00] /bc green Reiniciando em 1
[20/02/2016 13:50:02] /save
[20/02/2016 13:50:31] /closeserver
[20/02/2016 13:50:58] /save
[20/02/2016 13:51:04] /shutdown
[20/02/2016 13:56:46] /m caterpie
[20/02/2016 13:57:18] /ghost
[20/02/2016 13:59:44] /ghost
[20/02/2016 15:14:31] /goto seven
[20/02/2016 15:14:34] /ghost
[20/02/2016 15:14:35] /ghost
[20/02/2016 15:14:39] /a 15
[20/02/2016 15:14:40] /a 15
[20/02/2016 15:14:41] /a 15
[20/02/2016 15:14:49] /c buch
[20/02/2016 15:15:11] /a 55
[20/02/2016 15:15:13] /a 55
[20/02/2016 15:15:16] /a 3
[20/02/2016 15:15:25] /c buch
[20/02/2016 15:16:29] /a 5
[20/02/2016 15:16:31] /a 5
[20/02/2016 15:17:59] /goto buch
[20/02/2016 15:18:08] /goto buch
[20/02/2016 15:18:12] /a 5
[20/02/2016 15:18:13] /a 5
[20/02/2016 15:18:17] /c buch
[20/02/2016 15:18:39] /a 5
[20/02/2016 15:18:40] /a 5
[20/02/2016 15:18:42] /a 5
[20/02/2016 15:18:46] /a 2
[20/02/2016 15:18:56] /c buch
[20/02/2016 15:18:56] /c buch
[20/02/2016 15:18:56] /c buch
[20/02/2016 15:18:56] /c buch
[20/02/2016 15:18:57] /c buch
[20/02/2016 15:18:57] /c buch
[20/02/2016 15:57:28] /addskill Zaki,lvl,400
[20/02/2016 15:57:29] /c zaki
[20/02/2016 15:57:36] /i 2145,40
[20/02/2016 16:35:56] /bc green TUTOR HARLLEY VOU TE PUCHAR
[20/02/2016 16:35:59] /town 6
[20/02/2016 16:36:13] /c [HELP TESTE] Harlley Swwiit
[20/02/2016 16:36:15] /ghost
[20/02/2016 16:37:00] /rename [HELP TESTE] Harlley Swwiit,Harlley Swwiit
[20/02/2016 16:37:05] /attr group 3
[20/02/2016 16:37:06] /r
[20/02/2016 16:38:14] /t Harlley Swwiit
[20/02/2016 16:39:54] /c Harlley Swwiit
[20/02/2016 16:39:57] /attr group 1
[20/02/2016 16:40:10] /goto swellow
[20/02/2016 16:40:14] /c Harlley Swwiit
[20/02/2016 16:40:32] /town 5
[20/02/2016 16:41:39] /bc green Lembrando Staff que der Notação ou Ban sem Motivos perde Cargo, E PLAYERS que chingarem Staff Serão BANIDOS, Não terá mais aviso de notação para CHingamentos SObre Staff.
[20/02/2016 16:41:40] /bc green Lembrando Staff que der Notação ou Ban sem Motivos perde Cargo, E PLAYERS que chingarem Staff Serão BANIDOS, Não terá mais aviso de notação para CHingamentos SObre Staff.
[20/02/2016 16:41:45] /c [Help Teste] Kills Black
[20/02/2016 16:41:58] /bc green Lembrando Staff que der Notação ou Ban sem Motivos perde Cargo, E PLAYERS que chingarem Staff Serão BANIDOS, Não terá mais aviso de notação para CHingamentos SObre Staff.
[20/02/2016 16:42:00] /bc green Lembrando Staff que der Notação ou Ban sem Motivos perde Cargo, E PLAYERS que chingarem Staff Serão BANIDOS, Não terá mais aviso de notação para CHingamentos SObre Staff.
[20/02/2016 16:42:53] /attr group 1
[20/02/2016 16:43:01] /rename [Help Teste] Kills Black,Kills Black
[20/02/2016 16:43:03] /r
[20/02/2016 16:43:10] /bc green [Help Teste] Kills Black Renunciou o Cargo.
[20/02/2016 16:45:46] /bc green Até eu ver pessoas que merecem eu mesmo fico no help  e game chat e garanto que comigo as coisas muda.
[20/02/2016 16:51:58] /goto Wiaa
[20/02/2016 16:52:02] /ghost
[20/02/2016 16:52:04] /ghost
[20/02/2016 16:52:35] /attr group 3
[20/02/2016 16:52:45] /rename Wiaa,[TESTE - HELP] Wiaa
[20/02/2016 16:53:03] /bc green Wia Será um tutor teste se ele fizer merda eu tiro.
[20/02/2016 16:55:26] /t
[20/02/2016 16:56:12] /bc green Vou Observar tudo durante 1 Semana, lembrando se alguem me reporta que algum player chingo staff no facebook so me mandar a mensagem do player que irei conferir " Tenho tudo que vcs fala gravado em uma pasta" E Darei Ban :D
[20/02/2016 16:56:28] /bc green Vou Observar tudo durante 1 Semana, lembrando se alguem me reporta que algum player chingo staff no facebook so me mandar a mensagem do player que irei conferir " Tenho tudo que vcs fala gravado em uma pasta" E Darei Ban :D
[20/02/2016 16:58:19] /goto kills black
[20/02/2016 16:58:45] /t
[20/02/2016 17:00:53] /bc green Lembrando, Qualquer Abuso de Poder irei tirar Staff, estarei de olho.
[20/02/2016 17:00:55] /bc green Lembrando, Qualquer Abuso de Poder irei tirar Staff, estarei de olho.
[20/02/2016 17:04:08] /bc green Para a Outra Vaga TUTOR irei criar um Formulario e quem tiver intereçe Poderá preencher, e quem eu achar mas qualificado ganha.
[20/02/2016 17:08:22] /bc green Lembrando não vem querendo Bancar o esperto quando não é Firmeza? Aqui nao tem troxa.
[20/02/2016 17:30:28] /bc green Estou Elaborando o Formulario Ainda.
[20/02/2016 17:30:29] /bc green Estou Elaborando o Formulario Ainda.
[20/02/2016 17:31:12] /unban Charllote
[20/02/2016 17:31:20] /unban Charlotte
[20/02/2016 17:43:17] /bc green Formulario Criado: https://form.jotformz.com/60506206776658  
[20/02/2016 17:43:44] /bc green Formulario Criado: https://form.jotformz.com/60506206776658  
[20/02/2016 17:43:45] /bc green Formulario Criado: https://form.jotformz.com/60506206776658  
[20/02/2016 17:43:57] /bc green Formulario Criado: https://form.jotformz.com/60506206776658  
[20/02/2016 17:43:57] /bc green Formulario Criado: https://form.jotformz.com/60506206776658  
[20/02/2016 17:44:55] /bc green Formulario Criado: https://form.jotformz.com/60506206776658  
[20/02/2016 17:45:35] /bc green Formulario Criado: https://form.jotformz.com/60506206776658  
[20/02/2016 17:45:58] /bc green Formulario Para Vaga Staff Criado, se tem intere-se  Se Escreva: /bc green Formulario Criado: https://form.jotformz.com/60506206776658  
[20/02/2016 17:46:00] /ghost
[20/02/2016 17:46:01] /bc green Formulario Para Vaga Staff Criado, se tem intere-se  Se Escreva: /bc green Formulario Criado: https://form.jotformz.com/60506206776658  
[20/02/2016 17:46:26] /bc green Formulario Para Vaga Staff Criado, se tem intere-se  Se Escreva: https://form.jotformz.com/60506206776658  
[20/02/2016 17:46:27] /bc green Formulario Para Vaga Staff Criado, se tem intere-se  Se Escreva: https://form.jotformz.com/60506206776658  
[20/02/2016 17:46:27] /bc green Formulario Para Vaga Staff Criado, se tem intere-se  Se Escreva: https://form.jotformz.com/60506206776658  
[20/02/2016 17:46:28] /bc green Formulario Para Vaga Staff Criado, se tem intere-se  Se Escreva: https://form.jotformz.com/60506206776658  
[20/02/2016 17:46:28] /bc green Formulario Para Vaga Staff Criado, se tem intere-se  Se Escreva: https://form.jotformz.com/60506206776658  
[20/02/2016 17:47:04] /bc green Formulario Para Vaga Staff Criado, se tem intere-se  Se Escreva: https://form.jotformz.com/60506206776658  
[20/02/2016 17:47:06] /bc green Formulario Para Vaga Staff Criado, se tem intere-se  Se Escreva: https://form.jotformz.com/60506206776658  
[20/02/2016 17:47:34] /bc green Formulario Para Vaga Staff Criado, se tem intere-se  Se Escreva: https://form.jotformz.com/60506206776658  
[20/02/2016 17:48:10] /bc green Formulario Para Vaga Staff Criado, se tem intere-se  Se Escreva: https://form.jotformz.com/60506206776658  
[20/02/2016 17:48:20] /bc green Formulario Para Vaga Staff Criado, se tem interese  Se Escreva: https://form.jotformz.com/60506206776658  
[20/02/2016 17:48:20] /bc green Formulario Para Vaga Staff Criado, se tem interese  Se Escreva: https://form.jotformz.com/60506206776658  
[20/02/2016 17:48:20] /bc green Formulario Para Vaga Staff Criado, se tem interese  Se Escreva: https://form.jotformz.com/60506206776658  
[20/02/2016 17:51:45] /bc green Formulario Para Vaga Staff Criado, se tem interese  Se Escreva: https://form.jotformz.com/60506206776658  
[20/02/2016 17:51:46] /bc green Formulario Para Vaga Staff Criado, se tem interese  Se Escreva: https://form.jotformz.com/60506206776658  
[20/02/2016 17:53:23] /bc green Formulario Para Vaga Staff Criado, se tem interese  Se Escreva: https://form.jotformz.com/60506206776658  
[20/02/2016 18:01:59] /bc green 3 Formularios Anulados, Por Falta de Preenchimento e por duplicação.
[20/02/2016 18:04:37] /bc green Jogador Lord Proximo Formulario Ira Ser Punido dentro do jogo, e perdeu suas chances de ganhar Vaga.
[20/02/2016 18:06:22] /bc green Guiz e Breal Por Mais de 1 FOrmulario Tbm perderão chance de ganhar a vaga.
[20/02/2016 18:06:23] /bc green Guiz e Breal Por Mais de 1 FOrmulario Tbm perderão chance de ganhar a vaga.
[20/02/2016 18:07:49] /bc green Ash e Holly Tambem Perderam Chances Por Duplicarem Formularios.
[20/02/2016 18:07:51] /bc green Ash e Holly Tambem Perderam Chances Por Duplicarem Formularios.
[20/02/2016 18:08:42] /bc green Formulario Para Vaga Staff Criado, se tem interese  Se Escreva: https://form.jotformz.com/60506206776658  
[20/02/2016 18:08:51] /bc green Formulario Para Vaga Staff Criado, se tem interese  Se Escreva: https://form.jotformz.com/60506206776658  
[20/02/2016 18:10:46] /bc green Formulario Para Vaga Staff Criado, se tem interese  Se Escreva: https://form.jotformz.com/60506206776658  
[20/02/2016 18:11:26] /bc green Lembrando se sua Pagina ficou em branco o formulario foi enviado tambem.
[20/02/2016 18:12:48] /bc green Jean Roqua Desclassificado por falta de preenchimentos.
[20/02/2016 18:13:54] /bc green Light Yagami Desclassificado Por Falta de Preenchimento.
[20/02/2016 18:18:16] /bc green Lembrando COmo alguns tutores não da sinal de vida serão 2 vagas ;D
[20/02/2016 18:18:17] /bc green Lembrando COmo alguns tutores não da sinal de vida serão 2 vagas ;D
[20/02/2016 18:18:37] /bc green Formulario Para Vaga Staff Criado, se tem interese  Se Escreva: https://form.jotformz.com/60506206776658  
[20/02/2016 18:25:19] /bc green Irei Informar Quem ganhou as Duas Vagas, Em 30 Minutos.
[20/02/2016 18:25:20] /bc green Irei Informar Quem ganhou as Duas Vagas, Em 30 Minutos.
[20/02/2016 18:34:57] /goto charlotte
[20/02/2016 18:36:40] /r
[20/02/2016 18:36:45] /i 1042
[20/02/2016 18:36:50] /r
[20/02/2016 18:36:55] /i 5152
[20/02/2016 18:37:13] /goto [TESTE - HELP] Wiaa
[20/02/2016 18:39:04] /town 3
[20/02/2016 18:43:55] /bc green Formularios Preenchidos Apartir de Agora nem um Formulario Ira Valer Mais, Irei Ler todos e avaliar os Melhores.
[20/02/2016 18:43:56] /bc green Formularios Preenchidos Apartir de Agora nem um Formulario Ira Valer Mais, Irei Ler todos e avaliar os Melhores.
[20/02/2016 18:47:25] /bc green Vou Ler os Formularios, Em 15 Minutos aviso.
[20/02/2016 18:47:26] /bc green Vou Ler os Formularios, Em 15 Minutos aviso.
[20/02/2016 18:54:49] /unban Harlley Swwiit
[20/02/2016 18:57:55] /bc green Uma Vaga Ja está Preenchida, Irei Escolher o Proximo.
[20/02/2016 18:58:35] /mc
[20/02/2016 19:00:09] /bc green Pronto Escolhidos Irei Falar os Nomes e o Motivo.
[20/02/2016 19:00:11] /bc green Pronto Escolhidos Irei Falar os Nomes e o Motivo.
[20/02/2016 19:00:13] /town 7
[20/02/2016 19:01:22] /bc green Nick: Daddyz        Motivo : Bela Organização no Formulario, Respostas Boas e de Qualidade, Contudo Avaliados os Defeitos e Qualidade do Carater Como um Perfil Bom e Comum, Sem Possuir Mentiras.
[20/02/2016 19:01:27] /c Daddyz
[20/02/2016 19:01:36] /attr group 3
[20/02/2016 19:01:37] /ghost
[20/02/2016 19:01:49] /rename Daddyz,[TESTE - HELP] Daddyz
[20/02/2016 19:02:44] /bc green Nick: Seven       Motivo : Bela Organização no Formulario, Respostas Exelentes, Contudo Avaliados os Defeitos e Qualidade do Carater Como um Perfil Bom e Comum, Sem Possuir Mentiras, E Por Conter Experiencias no Servidor.
[20/02/2016 19:02:52] /c Seven
[20/02/2016 19:02:56] /bc green Ultimo.
[20/02/2016 19:03:47] /bc green Nick Vasto Lord            Motivo: Ajudou o Help, Respostas Bem Elaboradas, Organização No HELP Muito Boa.
[20/02/2016 19:03:53] /c Vasto Lord
[20/02/2016 19:03:59] /c vasto lord
[20/02/2016 19:04:05] /c Vasto Lorde
[20/02/2016 19:04:22] /bc green bem Foram Essas 3 Pessoas.
[20/02/2016 19:04:42] /attr group 3
[20/02/2016 19:04:44] /attr group 3
[20/02/2016 19:04:45] /attr group 3
[20/02/2016 19:05:03] /rename Seven,[HELP - TESTE] Seven
[20/02/2016 19:05:16] /rename Vasto Lorde,[HELP - TESTE] Vasto Lorde
[20/02/2016 19:08:57] /goto kayzun
[20/02/2016 19:09:35] /t
[20/02/2016 19:10:25] /ghost
[23/02/2016 10:55:30] /bc green Sabado Que Vem Irei Lançar Mega Boxs Quests Fiquem Atentos, e Lembrando o Ot Continua Double XP e Catch ainda não removi irei tirar QUarta.
[23/02/2016 10:55:35] /bc green Sabado Que Vem Irei Lançar Mega Boxs Quests Fiquem Atentos, e Lembrando o Ot Continua Double XP e Catch ainda não removi irei tirar QUarta.
[23/02/2016 10:57:03] /bc green Sabado Que Vem Irei Lançar Mega Boxs Quests Fiquem Atentos, e Lembrando o Ot Continua Double XP e Catch ainda não removi irei tirar QUarta.
[23/02/2016 10:59:42] /town 9
[23/02/2016 10:59:51] /c kills black
[23/02/2016 10:59:59] /m giant victreebel
[23/02/2016 11:00:09] /ghost
[23/02/2016 11:00:20] /c kills black
[23/02/2016 11:01:04] /r
[23/02/2016 11:02:35] /m giant primeape
[23/02/2016 11:03:42] /m giant victreebel
[23/02/2016 11:04:06] /r
[23/02/2016 11:04:15] /attr health -10000000
[23/02/2016 11:04:19] /attr health -10000000
[23/02/2016 11:04:20] /attr health -10000000
[23/02/2016 11:04:34] /attr health -10000000
[23/02/2016 11:04:59] /info kills black
[24/02/2016 10:22:10] /mc
[24/02/2016 10:22:15] /ghost
[24/02/2016 10:22:17] /t
[26/02/2016 00:28:44] /t
[26/02/2016 00:28:56] /goto charlotte
[26/02/2016 00:29:06] /town 6
[26/02/2016 00:30:08] /t
[26/02/2016 00:30:27] /goto shiny gardevoir
[26/02/2016 00:30:30] /r
[26/02/2016 00:30:32] /r
[26/02/2016 00:30:33] /goto shiny gardevoir
[26/02/2016 00:30:35] /r
[26/02/2016 00:30:35] /goto shiny gardevoir
[26/02/2016 00:30:37] /r
[26/02/2016 00:30:39] /r
[26/02/2016 00:30:40] /r
[26/02/2016 00:30:42] /r
[26/02/2016 00:30:43] /goto shiny gardevoir
[26/02/2016 00:30:45] /r
[26/02/2016 00:30:45] /goto shiny gardevoir
[26/02/2016 00:30:48] /r
[26/02/2016 00:30:49] /goto shiny gardevoir
[26/02/2016 00:30:52] /goto shiny gardevoir
[26/02/2016 00:30:54] /r
[26/02/2016 00:30:55] /goto shiny gardevoir
[26/02/2016 00:30:57] /r
[26/02/2016 00:30:58] /r
[26/02/2016 00:31:01] /r
[26/02/2016 00:31:01] /r
[26/02/2016 00:31:02] /goto shiny gardevoir
[26/02/2016 00:31:06] /r
[26/02/2016 00:31:07] /goto shiny gardevoir
[26/02/2016 00:31:23] /t
[26/02/2016 00:32:03] /m medicham
[26/02/2016 00:32:57] /mc meditite
[26/02/2016 00:34:16] /ghost
[26/02/2016 00:34:20] /i x-attack t7
[26/02/2016 00:34:35] /i y-regeneration t7
[26/02/2016 00:34:49] /attr set boost 550
[26/02/2016 00:35:25] /addskill [ADM] Lucas Da Silva,lvl,50
[26/02/2016 00:39:11] /info Felipe Malinha
[26/02/2016 00:40:11] /i poke box +15
[26/02/2016 00:40:13] /i poke box +15
[26/02/2016 00:40:14] /i poke box +15
[26/02/2016 00:40:14] /i poke box +15
[26/02/2016 00:41:19] /i fainted medicham
[26/02/2016 00:49:16] /ghost
[26/02/2016 00:49:32] /bc green Os Meditites e Medichams Invadiram Saffron.
[26/02/2016 00:49:33] /bc green Os Meditites e Medichams Invadiram Saffron.
[26/02/2016 00:49:34] /bc green Os Meditites e Medichams Invadiram Saffron.
[26/02/2016 00:49:35] /bc green Os Meditites e Medichams Invadiram Saffron.
[26/02/2016 00:49:37] /m meditite
[26/02/2016 00:49:38] /m meditite
[26/02/2016 00:49:38] /m meditite
[26/02/2016 00:49:39] /m meditite
[26/02/2016 00:49:39] /m meditite
[26/02/2016 00:49:40] /m meditite
[26/02/2016 00:49:40] /m meditite
[26/02/2016 00:49:41] /m meditite
[26/02/2016 00:49:41] /m meditite
[26/02/2016 00:49:41] /m meditite
[26/02/2016 00:49:42] /m meditite
[26/02/2016 00:49:42] /m meditite
[26/02/2016 00:49:42] /m meditite
[26/02/2016 00:49:43] /m meditite
[26/02/2016 00:49:54] /m meditite
[26/02/2016 00:49:54] /m meditite
[26/02/2016 00:49:54] /m meditite
[26/02/2016 00:49:54] /m meditite
[26/02/2016 00:49:54] /m meditite
[26/02/2016 00:49:55] /m meditite
[26/02/2016 00:49:55] /m meditite
[26/02/2016 00:49:55] /m meditite
[26/02/2016 00:49:55] /m meditite
[26/02/2016 00:49:55] /m meditite
[26/02/2016 00:49:55] /m meditite
[26/02/2016 00:49:55] /m meditite
[26/02/2016 00:49:55] /m meditite
[26/02/2016 00:49:55] /m meditite
[26/02/2016 00:49:55] /m meditite
[26/02/2016 00:49:55] /m meditite
[26/02/2016 00:49:55] /m meditite
[26/02/2016 00:49:55] /m meditite
[26/02/2016 00:49:55] /m meditite
[26/02/2016 00:49:55] /m medicham
[26/02/2016 00:49:55] /m medicham
[26/02/2016 00:49:56] /m medicham
[26/02/2016 00:49:56] /m medicham
[26/02/2016 00:49:59] /m medicham
[26/02/2016 00:50:00] /m medicham
[26/02/2016 00:50:00] /m medicham
[26/02/2016 00:50:00] /m medicham
[26/02/2016 00:50:00] /m medicham
[26/02/2016 00:50:00] /m medicham
[26/02/2016 00:50:00] /m medicham
[26/02/2016 00:50:00] /m medicham
[26/02/2016 00:50:00] /m medicham
[26/02/2016 00:50:00] /m medicham
[26/02/2016 00:50:00] /m medicham
[26/02/2016 00:50:00] /m medicham
[26/02/2016 00:50:00] /m medicham
[26/02/2016 00:50:00] /m medicham
[26/02/2016 00:50:00] /m medicham
[26/02/2016 00:50:01] /m medicham
[26/02/2016 00:50:01] /m medicham
[26/02/2016 00:50:01] /m medicham
[26/02/2016 00:50:02] /m medicham
[26/02/2016 00:50:02] /m medicham
[26/02/2016 00:50:02] /m medicham
[26/02/2016 00:50:02] /m medicham
[26/02/2016 00:50:02] /m medicham
[26/02/2016 00:50:02] /m medicham
[26/02/2016 00:50:02] /m medicham
[26/02/2016 00:50:02] /m medicham
[26/02/2016 00:50:02] /m medicham
[26/02/2016 00:50:02] /m medicham
[26/02/2016 00:50:02] /m medicham
[26/02/2016 00:50:02] /m medicham
[26/02/2016 00:50:02] /m medicham
[26/02/2016 00:50:02] /m medicham
[26/02/2016 00:50:03] /m medicham
[26/02/2016 00:50:03] /m medicham
[26/02/2016 00:50:03] /m medicham
[26/02/2016 00:50:03] /m medicham
[26/02/2016 00:50:03] /m medicham
[26/02/2016 00:50:03] /m medicham
[26/02/2016 00:50:03] /m medicham
[26/02/2016 00:50:03] /m medicham
[26/02/2016 00:50:03] /m medicham
[26/02/2016 00:50:03] /m medicham
[26/02/2016 00:50:03] /m medicham
[26/02/2016 00:50:03] /m medicham
[26/02/2016 00:50:03] /m medicham
[26/02/2016 00:50:03] /m medicham
[26/02/2016 00:50:03] /m medicham
[26/02/2016 00:50:03] /m medicham
[26/02/2016 00:50:03] /m medicham
[26/02/2016 00:50:03] /m medicham
[26/02/2016 00:50:03] /m medicham
[26/02/2016 00:50:03] /m medicham
[26/02/2016 00:50:03] /m medicham
[26/02/2016 00:50:03] /m medicham
[26/02/2016 00:50:03] /m medicham
[26/02/2016 00:50:03] /m medicham
[26/02/2016 00:50:03] /m medicham
[26/02/2016 00:50:03] /m medicham
[26/02/2016 00:50:04] /m medicham
[26/02/2016 00:50:04] /m meditite
[26/02/2016 00:50:04] /m meditite
[26/02/2016 00:50:04] /m meditite
[26/02/2016 00:50:04] /m meditite
[26/02/2016 00:50:04] /m meditite
[26/02/2016 00:50:04] /m meditite
[26/02/2016 00:50:04] /m meditite
[26/02/2016 00:50:04] /m meditite
[26/02/2016 00:50:04] /m meditite
[26/02/2016 00:50:04] /m meditite
[26/02/2016 00:50:04] /m meditite
[26/02/2016 00:50:04] /m meditite
[26/02/2016 00:50:04] /m meditite
[26/02/2016 00:50:04] /m meditite
[26/02/2016 00:50:04] /m meditite
[26/02/2016 00:50:05] /m meditite
[26/02/2016 00:50:05] /m meditite
[26/02/2016 00:50:05] /m meditite
[26/02/2016 00:50:05] /m meditite
[26/02/2016 00:50:05] /m meditite
[26/02/2016 00:50:05] /m meditite
[26/02/2016 00:50:05] /m meditite
[26/02/2016 00:50:05] /m meditite
[26/02/2016 00:50:05] /m meditite
[26/02/2016 00:50:05] /m meditite
[26/02/2016 00:50:05] /m meditite
[26/02/2016 00:50:05] /m meditite
[26/02/2016 00:50:05] /m meditite
[26/02/2016 00:50:05] /m meditite
[26/02/2016 00:50:05] /m meditite
[26/02/2016 00:50:05] /m meditite
[26/02/2016 00:50:05] /m meditite
[26/02/2016 00:50:05] /m meditite
[26/02/2016 00:50:05] /m meditite
[26/02/2016 00:50:05] /m meditite
[26/02/2016 00:50:05] /m meditite
[26/02/2016 00:50:05] /m meditite
[26/02/2016 00:50:05] /m meditite
[26/02/2016 00:50:05] /m meditite
[26/02/2016 00:50:05] /m meditite
[26/02/2016 00:50:05] /m meditite
[26/02/2016 00:50:06] /m meditite
[26/02/2016 00:50:06] /m meditite
[26/02/2016 00:50:06] /m meditite
[26/02/2016 00:50:06] /m meditite
[26/02/2016 00:50:06] /m meditite
[26/02/2016 00:50:06] /m meditite
[26/02/2016 00:50:06] /m meditite
[26/02/2016 00:50:06] /m meditite
[26/02/2016 00:50:06] /m meditite
[26/02/2016 00:50:06] /m meditite
[26/02/2016 00:50:06] /m meditite
[26/02/2016 00:50:06] /m meditite
[26/02/2016 00:50:06] /m meditite
[26/02/2016 00:50:06] /m meditite
[26/02/2016 00:50:06] /m meditite
[26/02/2016 00:50:06] /m meditite
[26/02/2016 00:50:06] /m meditite
[26/02/2016 00:50:06] /m meditite
[26/02/2016 00:50:06] /m meditite
[26/02/2016 00:50:06] /m meditite
[26/02/2016 00:50:06] /m meditite
[26/02/2016 00:50:06] /m meditite
[26/02/2016 00:50:06] /m meditite
[26/02/2016 00:50:06] /m meditite
[26/02/2016 00:50:06] /m meditite
[26/02/2016 00:50:06] /m meditite
[26/02/2016 00:50:06] /m meditite
[26/02/2016 00:50:07] /m meditite
[26/02/2016 00:50:07] /m meditite
[26/02/2016 00:50:07] /m meditite
[26/02/2016 00:50:07] /m meditite
[26/02/2016 00:50:07] /m meditite
[26/02/2016 00:50:07] /m meditite
[26/02/2016 00:50:07] /m meditite
[26/02/2016 00:50:07] /m meditite
[26/02/2016 00:50:07] /m meditite
[26/02/2016 00:50:07] /m meditite
[26/02/2016 00:50:07] /m meditite
[26/02/2016 00:50:07] /m meditite
[26/02/2016 00:50:07] /m meditite
[26/02/2016 00:50:07] /m meditite
[26/02/2016 00:50:07] /m medicham
[26/02/2016 00:50:07] /m meditite
[26/02/2016 00:50:07] /m meditite
[26/02/2016 00:50:08] /m medicham
[26/02/2016 00:50:08] /m medicham
[26/02/2016 00:50:08] /m medicham
[26/02/2016 00:50:08] /m medicham
[26/02/2016 00:50:08] /m medicham
[26/02/2016 00:50:08] /m medicham
[26/02/2016 00:50:08] /m medicham
[26/02/2016 00:50:08] /m medicham
[26/02/2016 00:50:08] /m medicham
[26/02/2016 00:50:08] /m medicham
[26/02/2016 00:50:08] /m medicham
[26/02/2016 00:50:09] /m medicham
[26/02/2016 00:50:09] /m medicham
[26/02/2016 00:50:09] /m medicham
[26/02/2016 00:50:09] /m medicham
[26/02/2016 00:50:09] /m medicham
[26/02/2016 00:50:09] /m medicham
[26/02/2016 00:50:09] /m medicham
[26/02/2016 00:50:09] /m medicham
[26/02/2016 00:50:09] /m medicham
[26/02/2016 00:50:09] /m medicham
[26/02/2016 00:50:09] /m medicham
[26/02/2016 00:50:09] /m medicham
[26/02/2016 00:50:09] /m medicham
[26/02/2016 00:50:09] /m medicham
[26/02/2016 00:50:09] /m medicham
[26/02/2016 00:50:09] /m medicham
[26/02/2016 00:50:09] /m medicham
[26/02/2016 00:50:09] /m medicham
[26/02/2016 00:50:09] /m medicham
[26/02/2016 00:50:09] /m medicham
[26/02/2016 00:50:09] /m medicham
[26/02/2016 00:50:09] /m medicham
[26/02/2016 00:50:09] /m medicham
[26/02/2016 00:50:09] /m medicham
[26/02/2016 00:50:09] /m medicham
[26/02/2016 00:50:09] /m medicham
[26/02/2016 00:50:09] /m medicham
[26/02/2016 00:50:09] /m medicham
[26/02/2016 00:50:09] /m medicham
[26/02/2016 00:50:09] /m medicham
[26/02/2016 00:50:09] /m medicham
[26/02/2016 00:50:09] /m medicham
[26/02/2016 00:50:09] /m medicham
[26/02/2016 00:50:09] /m medicham
[26/02/2016 00:50:09] /m medicham
[26/02/2016 00:50:09] /m medicham
[26/02/2016 00:50:09] /m medicham
[26/02/2016 00:50:09] /m medicham
[26/02/2016 00:50:09] /m medicham
[26/02/2016 00:50:09] /m medicham
[26/02/2016 00:50:10] /m medicham
[26/02/2016 00:50:10] /m medicham
[26/02/2016 00:50:11] /m meditite
[26/02/2016 00:50:11] /m meditite
[26/02/2016 00:50:11] /m meditite
[26/02/2016 00:50:11] /m meditite
[26/02/2016 00:50:11] /m meditite
[26/02/2016 00:50:11] /m meditite
[26/02/2016 00:50:11] /m meditite
[26/02/2016 00:50:11] /m meditite
[26/02/2016 00:50:12] /m meditite
[26/02/2016 00:50:12] /m meditite
[26/02/2016 00:50:12] /m meditite
[26/02/2016 00:50:12] /m meditite
[26/02/2016 00:50:12] /m meditite
[26/02/2016 00:50:12] /m meditite
[26/02/2016 00:50:12] /m meditite
[26/02/2016 00:50:12] /m meditite
[26/02/2016 00:50:12] /m meditite
[26/02/2016 00:50:12] /m meditite
[26/02/2016 00:50:12] /m meditite
[26/02/2016 00:50:12] /m meditite
[26/02/2016 00:50:12] /m meditite
[26/02/2016 00:50:12] /m meditite
[26/02/2016 00:50:12] /m medicham
[26/02/2016 00:50:13] /m medicham
[26/02/2016 00:50:13] /m medicham
[26/02/2016 00:50:13] /m medicham
[26/02/2016 00:50:13] /m medicham
[26/02/2016 00:50:13] /m medicham
[26/02/2016 00:50:13] /m medicham
[26/02/2016 00:50:13] /m medicham
[26/02/2016 00:50:13] /m medicham
[26/02/2016 00:50:13] /m medicham
[26/02/2016 00:50:13] /m medicham
[26/02/2016 00:50:13] /m medicham
[26/02/2016 00:50:13] /m medicham
[26/02/2016 00:50:13] /m medicham
[26/02/2016 00:50:13] /m medicham
[26/02/2016 00:50:13] /m medicham
[26/02/2016 00:50:13] /m medicham
[26/02/2016 00:50:14] /m medicham
[26/02/2016 00:50:14] /m medicham
[26/02/2016 00:50:14] /m medicham
[26/02/2016 00:50:14] /m medicham
[26/02/2016 00:50:14] /m medicham
[26/02/2016 00:50:15] /m meditite
[26/02/2016 00:50:15] /m meditite
[26/02/2016 00:50:15] /m meditite
[26/02/2016 00:50:15] /m meditite
[26/02/2016 00:50:15] /m meditite
[26/02/2016 00:50:15] /m meditite
[26/02/2016 00:50:15] /m meditite
[26/02/2016 00:50:15] /m meditite
[26/02/2016 00:50:15] /m meditite
[26/02/2016 00:50:15] /m meditite
[26/02/2016 00:50:15] /m meditite
[26/02/2016 00:50:15] /m meditite
[26/02/2016 00:50:15] /m meditite
[26/02/2016 00:50:15] /m medicham
[26/02/2016 00:50:17] /m medicham
[26/02/2016 00:50:19] /m medicham
[26/02/2016 00:50:19] /m medicham
[26/02/2016 00:50:19] /m medicham
[26/02/2016 00:50:19] /m medicham
[26/02/2016 00:50:20] /m medicham
[26/02/2016 00:50:20] /m medicham
[26/02/2016 00:50:20] /m medicham
[26/02/2016 00:50:20] /m medicham
[26/02/2016 00:50:21] /m medicham
[26/02/2016 00:50:21] /m medicham
[26/02/2016 00:50:21] /m medicham
[26/02/2016 00:50:21] /m medicham
[26/02/2016 00:50:22] /m medicham
[26/02/2016 00:50:22] /m meditite
[26/02/2016 00:50:22] /m meditite
[26/02/2016 00:50:22] /m meditite
[26/02/2016 00:50:23] /m meditite
[26/02/2016 00:50:23] /m meditite
[26/02/2016 00:50:23] /m meditite
[26/02/2016 00:50:23] /m meditite
[26/02/2016 00:50:26] /m meditite
[26/02/2016 00:50:26] /m meditite
[26/02/2016 00:50:27] /m meditite
[26/02/2016 00:50:28] /m meditite
[26/02/2016 00:50:28] /m meditite
[26/02/2016 00:50:28] /m meditite
[26/02/2016 00:50:29] /m meditite
[26/02/2016 00:50:34] /m meditite
[26/02/2016 00:50:34] /m meditite
[26/02/2016 00:50:34] /m meditite
[26/02/2016 00:50:34] /m meditite
[26/02/2016 00:50:34] /m meditite
[26/02/2016 00:50:35] /m meditite
[26/02/2016 00:50:35] /m medicham
[26/02/2016 00:50:35] /m medicham
[26/02/2016 00:50:36] /m medicham
[26/02/2016 00:50:36] /m medicham
[26/02/2016 00:50:36] /m medicham
[26/02/2016 00:50:36] /m medicham
[26/02/2016 00:51:58] /bc green Giant Poliwrath e Giant Primeape Estão Revoltados com o Povo De Saffron e Decidiro atacar, Tomem Cuidado Invadiram Saffron.
[26/02/2016 00:51:59] /bc green Giant Poliwrath e Giant Primeape Estão Revoltados com o Povo De Saffron e Decidiro atacar, Tomem Cuidado Invadiram Saffron.
[26/02/2016 00:51:59] /bc green Giant Poliwrath e Giant Primeape Estão Revoltados com o Povo De Saffron e Decidiro atacar, Tomem Cuidado Invadiram Saffron.
[26/02/2016 00:52:00] /bc green Giant Poliwrath e Giant Primeape Estão Revoltados com o Povo De Saffron e Decidiro atacar, Tomem Cuidado Invadiram Saffron.
[26/02/2016 00:52:00] /bc green Giant Poliwrath e Giant Primeape Estão Revoltados com o Povo De Saffron e Decidiro atacar, Tomem Cuidado Invadiram Saffron.
[26/02/2016 00:52:05] /m giant Poliwrath
[26/02/2016 00:52:09] /m giant primeape
[26/02/2016 00:52:16] /m giant victreebel
[26/02/2016 00:52:25] /bc green Giant Victreebel e Giant Primeape Estão Revoltados com o Povo De Saffron e Decidiro atacar, Tomem Cuidado Invadiram Saffron.
[26/02/2016 00:52:26] /bc green Giant Victreebel e Giant Primeape Estão Revoltados com o Povo De Saffron e Decidiro atacar, Tomem Cuidado Invadiram Saffron.
[26/02/2016 00:52:27] /bc green Giant Victreebel e Giant Primeape Estão Revoltados com o Povo De Saffron e Decidiro atacar, Tomem Cuidado Invadiram Saffron.
[26/02/2016 00:52:28] /bc green Giant Victreebel e Giant Primeape Estão Revoltados com o Povo De Saffron e Decidiro atacar, Tomem Cuidado Invadiram Saffron.
[26/02/2016 00:53:45] /bc green Bom Saindo Povo, Lembrando Sabado Terá a Mega Boxs, Por Isso Upem Bastante Viu.
[26/02/2016 00:53:47] /bc green Bom Saindo Povo, Lembrando Sabado Terá a Mega Boxs, Por Isso Upem Bastante Viu.
[26/02/2016 00:53:47] /bc green Bom Saindo Povo, Lembrando Sabado Terá a Mega Boxs, Por Isso Upem Bastante Viu.
[26/02/2016 00:53:48] /bc green Bom Saindo Povo, Lembrando Sabado Terá a Mega Boxs, Por Isso Upem Bastante Viu.
[26/02/2016 00:53:48] /bc green Bom Saindo Povo, Lembrando Sabado Terá a Mega Boxs, Por Isso Upem Bastante Viu.
[26/02/2016 00:53:49] /bc green Bom Saindo Povo, Lembrando Sabado Terá a Mega Boxs, Por Isso Upem Bastante Viu.
[26/02/2016 00:53:50] /bc green Bom Saindo Povo, Lembrando Sabado Terá a Mega Boxs, Por Isso Upem Bastante Viu.
[26/02/2016 00:53:50] /bc green Bom Saindo Povo, Lembrando Sabado Terá a Mega Boxs, Por Isso Upem Bastante Viu.
[26/02/2016 00:53:51] /bc green Bom Saindo Povo, Lembrando Sabado Terá a Mega Boxs, Por Isso Upem Bastante Viu.
[26/02/2016 00:53:52] /bc green Bom Saindo Povo, Lembrando Sabado Terá a Mega Boxs, Por Isso Upem Bastante Viu.
[26/02/2016 00:55:21] /attr health -100000
[26/02/2016 00:55:24] /attr health -100000
[26/02/2016 00:55:26] /attr health -100000
[26/02/2016 00:55:26] /attr health -100000
[26/02/2016 00:55:28] /attr health -1000000
[26/02/2016 00:55:29] /attr health -1000000
[26/02/2016 00:55:30] /attr health -1000000
[26/02/2016 00:55:31] /attr health -1000000
[26/02/2016 00:55:33] /attr health -1000000
[26/02/2016 00:55:56] /info Hynnin
[26/02/2016 00:55:59] /attr health -1000000
[26/02/2016 00:56:00] /attr health -1000000
[26/02/2016 00:56:02] /attr health -1000000
[26/02/2016 00:56:10] /info Hynnin
[26/02/2016 11:30:34] /ghost
[26/02/2016 11:30:36] /ghost
[27/02/2016 10:51:12] /bc green Quer Diminuir o Laag do seu client? Aperte CTRL + T, Digite Clear e De Enter, Depois ESC - Pronto 40% Do Lag irá diminuir, faça isso a cada 1 hora.
[27/02/2016 10:51:20] /bc green Quer Diminuir o Laag do seu client? Aperte CTRL + T, Digite Clear e De Enter, Depois ESC - Pronto 40% Do Lag irá diminuir, faça isso a cada 1 hora.
[27/02/2016 10:51:57] /bc green Quer Diminuir o Laag do seu client? Aperte CTRL + T, Digite Clear e De Enter, Depois ESC - Pronto 40% Do Lag irá diminuir, faça isso a cada 1 hora.
[27/02/2016 10:55:22] /bc green Vou Terminar de  Editar Quest Mega Box, e irei adicionei outras Quests E Respaws Bons Para UP E tals.
[27/02/2016 10:55:34] /bc green Vou Terminar de  Editar Quest Mega Box, e irei adicionei outras Quests E Respaws Bons Para UP E tals.
[27/02/2016 10:57:54] /bc green Assim Que eu Terminar Irei Fazer Evento Sorteio de Uma Mega Box no Facebook, Os Premios serão Para 5 Players o 1ºPlayer = Mega Box / 2ºPlayer = Shiny Poke Box3 / 3ºPlayer = 5 Dias Vip / 4ºPlayer = 50 Rare Candies / 5ºPlayer = 30 Rare Candies
[27/02/2016 10:58:04] /bc green Assim Que eu Terminar Irei Fazer Evento Sorteio de Uma Mega Box no Facebook, Os Premios serão Para 5 Players o 1ºPlayer = Mega Box / 2ºPlayer = Shiny Poke Box3 / 3ºPlayer = 5 Dias Vip / 4ºPlayer = 50 Rare Candies / 5ºPlayer = 30 Rare Candies
[27/02/2016 10:58:20] /bc green Assim Que eu Terminar Irei Fazer Evento Sorteio de Uma Mega Box no Facebook, Os Premios serão Para 5 Players o 1ºPlayer = Mega Box / 2ºPlayer = Shiny Poke Box3 / 3ºPlayer = 5 Dias Vip / 4ºPlayer = 50 Rare Candies / 5ºPlayer = 30 Rare Candies
[27/02/2016 11:09:47] /info Brdrama
[27/02/2016 11:18:39] /i mega boxs
[27/02/2016 11:18:44] /i mega box
[27/02/2016 11:18:50] /i poke mega box
[27/02/2016 11:19:00] /i 2145
[27/02/2016 11:54:34] /goto keny boy
[27/02/2016 12:07:35] /goto Martin Paulera
[27/02/2016 12:07:41] /c Martin Pauleta
[27/02/2016 12:07:42] /c Martin Paulera
[27/02/2016 12:07:49] /ghost
[27/02/2016 12:10:15] /i fainted shiny gardevoir
[27/02/2016 12:10:33] /attr set boost 200
[27/02/2016 12:10:41] /i x-attack t5
[27/02/2016 12:10:47] /i y-regeneration t5
[27/02/2016 12:11:04] /n namer
[27/02/2016 12:11:56] /r
[27/02/2016 12:12:36] /goto swellow
[27/02/2016 12:12:39] /goto swellow
[27/02/2016 12:12:50] /goto swellow
[27/02/2016 12:12:51] /goto swellow
[27/02/2016 12:12:52] /goto swellow
[27/02/2016 12:12:53] /goto swellow
[27/02/2016 12:12:53] /goto swellow
[27/02/2016 12:12:58] /goto swellow
[27/02/2016 12:13:05] /goto swellow
[27/02/2016 12:13:06] /goto swellow
[27/02/2016 12:13:07] /goto swellow
[27/02/2016 12:13:07] /goto swellow
[27/02/2016 12:13:08] /goto swellow
[27/02/2016 12:13:08] /goto swellow
[27/02/2016 12:13:09] /goto swellow
[27/02/2016 12:13:09] /goto swellow
[27/02/2016 12:13:10] /goto swellow
[27/02/2016 12:13:10] /goto swellow
[27/02/2016 12:14:20] /t Martin Paulera
[27/02/2016 12:18:57] /bc green Servidor Será Reiniciado em 15 Minutos.
[27/02/2016 12:20:05] /bc green Servidor Será Reiniciado em 15 Minutos, Será Adicionado Quest Mega Box Mega Cupom e uma Shiny Box Espalhada pelo mapa, Respaw de Milotic Em Muitas Partes, Respaws Novos de Medicham Wobbuffet, Modificado Tempo Do Respaw Flygon.
[27/02/2016 12:20:06] /bc green Servidor Será Reiniciado em 15 Minutos, Será Adicionado Quest Mega Box Mega Cupom e uma Shiny Box Espalhada pelo mapa, Respaw de Milotic Em Muitas Partes, Respaws Novos de Medicham Wobbuffet, Modificado Tempo Do Respaw Flygon.
[27/02/2016 12:21:43] /bc green Servidor Irá Reiniciar Em 12 Minutos.
[27/02/2016 12:21:58] /goto milotic
[27/02/2016 12:22:41] /town 7
[27/02/2016 12:23:11] /bc green Servidor Irá Reiniciar Em 10 Minutos.
[27/02/2016 12:24:38] /bc green Servidor Irá Reiniciar Em 8 Minutos.
[27/02/2016 12:24:51] /bc green Servidor Irá Reiniciar Em 8 Minutos.
[27/02/2016 12:25:29] /bc green Servidor Irá Reiniciar Em 7 Minutos.
[27/02/2016 12:26:15] /bc green Povo entrei vps e vih que tem um attack por isso geral templo rapido e reloguem as accs.
[27/02/2016 12:26:16] /bc green Povo entrei vps e vih que tem um attack por isso geral templo rapido e reloguem as accs.
[27/02/2016 12:26:16] /bc green Povo entrei vps e vih que tem um attack por isso geral templo rapido e reloguem as accs.
[27/02/2016 12:26:17] /bc green Povo entrei vps e vih que tem um attack por isso geral templo rapido e reloguem as accs.
[27/02/2016 12:26:17] /bc green Povo entrei vps e vih que tem um attack por isso geral templo rapido e reloguem as accs.
[27/02/2016 12:26:20] /bc green Povo entrei vps e vih que tem um attack por isso geral templo rapido e reloguem as accs.
[27/02/2016 12:26:21] /bc green Povo entrei vps e vih que tem um attack por isso geral templo rapido e reloguem as accs.
[27/02/2016 12:26:21] /bc green Povo entrei vps e vih que tem um attack por isso geral templo rapido e reloguem as accs.
[27/02/2016 12:26:23] /bc green Povo entrei vps e vih que tem um attack por isso geral templo rapido e reloguem as accs.
[27/02/2016 12:26:25] /t
[27/02/2016 12:26:28] /t
[27/02/2016 12:26:31] /bc green Povo entrei vps e vih que tem um attack por isso geral templo rapido e reloguem as accs.
[27/02/2016 12:26:53] /bc green Reloguem as Accs Varias Vezes por que é possivel dar Rollback.
[27/02/2016 12:26:54] /bc green Reloguem as Accs Varias Vezes por que é possivel dar Rollback.
[27/02/2016 12:26:55] /bc green Reloguem as Accs Varias Vezes por que é possivel dar Rollback.
[27/02/2016 12:26:56] /bc green Reloguem as Accs Varias Vezes por que é possivel dar Rollback.
[27/02/2016 12:26:56] /bc green Reloguem as Accs Varias Vezes por que é possivel dar Rollback.
[27/02/2016 12:26:57] /bc green Reloguem as Accs Varias Vezes por que é possivel dar Rollback.
[27/02/2016 12:26:57] /bc green Reloguem as Accs Varias Vezes por que é possivel dar Rollback.
[27/02/2016 12:27:00] /bc green Reloguem as Accs Varias Vezes por que é possivel dar Rollback.
[27/02/2016 12:27:07] /bc green Reloguem as Accs Varias Vezes por que é possivel dar Rollback.
[27/02/2016 12:27:09] /bc green Reloguem as Accs Varias Vezes por que é possivel dar Rollback.
[27/02/2016 12:27:12] /bc green Reloguem as Accs Varias Vezes por que é possivel dar Rollback.
[27/02/2016 12:27:45] /bc green Irei Da Save no OT para tentar garantir, e Reiniciando.
[27/02/2016 12:27:45] /bc green Irei Da Save no OT para tentar garantir, e Reiniciando.
[27/02/2016 12:27:46] /bc green Irei Da Save no OT para tentar garantir, e Reiniciando.
[27/02/2016 12:27:47] /bc green Irei Da Save no OT para tentar garantir, e Reiniciando.
[27/02/2016 12:27:48] /save
[27/02/2016 12:28:22] /closeserver
[27/02/2016 12:28:45] /save
[27/02/2016 12:28:47] /save
[27/02/2016 12:28:49] /save
[27/02/2016 12:28:49] /save
[27/02/2016 12:28:57] /a 2
[27/02/2016 12:29:01] /save
[27/02/2016 12:29:03] /save
[27/02/2016 12:29:03] /save
[27/02/2016 12:29:13] /shutdown
[27/02/2016 12:41:19] /closeserver
[27/02/2016 12:45:29] /t uraphael
[27/02/2016 12:50:57] /n megabox
[27/02/2016 12:51:12] /i mega cupom
[27/02/2016 12:51:14] /i mega cupom
[27/02/2016 12:51:50] /m giant poliwrath
[27/02/2016 12:56:13] /t
[27/02/2016 12:56:47] /town 8
[27/02/2016 12:56:50] /town 7
[27/02/2016 12:57:27] /c [HELP - TESTE] Seven
[27/02/2016 12:57:36] /r
[27/02/2016 13:16:14] /town 9
[27/02/2016 13:16:17] /town 7
[27/02/2016 13:16:21] /c [HELP - TESTE] Seven
[27/02/2016 13:18:11] /t [HELP - TESTE] Seven
[27/02/2016 13:18:15] /t
[27/02/2016 13:20:33] /ghost
[27/02/2016 13:24:10] /goto pollux
[27/02/2016 13:24:13] /a 5
[27/02/2016 13:24:25] /a 5
[27/02/2016 13:24:26] /a 5
[27/02/2016 13:24:42] /a 5
[27/02/2016 13:24:42] /a 5
[27/02/2016 13:24:43] /a 5
[27/02/2016 13:24:43] /a 5
[27/02/2016 13:24:44] /a 5
[27/02/2016 13:24:44] /a 5
[27/02/2016 13:24:45] /a 5
[27/02/2016 13:24:46] /a 5
[27/02/2016 13:24:46] /a 5
[27/02/2016 13:24:47] /a 5
[27/02/2016 13:24:47] /a 5
[27/02/2016 13:24:47] /a 5
[27/02/2016 13:24:48] /a 5
[27/02/2016 13:24:50] /t
[27/02/2016 13:25:19] /bc green Vou Fazer Evento Sorteio, EM 30 Minutos Posto ele no Grupo explicando pro povo ocmo funfa.
[27/02/2016 13:25:24] /bc green Vou Fazer Evento Sorteio, EM 30 Minutos Posto ele no Grupo explicando pro povo ocmo funfa.
[27/02/2016 13:25:54] /goto xtremex
[27/02/2016 13:27:06] /t
[27/02/2016 13:27:39] /i 14600
[27/02/2016 13:27:48] /town 7
[27/02/2016 13:27:52] /r
[27/02/2016 13:28:20] /i 14657
[27/02/2016 13:28:24] /r
[27/02/2016 13:30:01] /reload actions
[27/02/2016 13:30:17] /goto xtremex
[27/02/2016 13:30:41] /m medicham
[27/02/2016 13:30:42] /m meditite
[27/02/2016 13:30:42] /m meditite
[27/02/2016 13:31:50] /goto [HELP - TESTE] Seven
[27/02/2016 13:33:51] /goto Maliinha
[27/02/2016 13:33:57] /goto Maliinha
[27/02/2016 13:34:03] /goto trivini
[27/02/2016 13:34:08] /goto trinivini
[27/02/2016 13:48:10] /info Pesadelo Night
[27/02/2016 14:17:29] /bc green Jaja Posto No Grupo as Informações Povo.
[27/02/2016 14:17:30] /bc green Jaja Posto No Grupo as Informações Povo.
[27/02/2016 14:17:51] /bc green Jaja Posto No Grupo as Informações Povo Do Sorteio.
[27/02/2016 14:17:53] /bc green Jaja Posto No Grupo as Informações Povo Do Sorteio.
[27/02/2016 14:17:54] /bc green Jaja Posto No Grupo as Informações Povo Do Sorteio.
[27/02/2016 14:20:30] /bc green Está no Grupo as Informações do Sorteio Povo.
[27/02/2016 14:20:31] /bc green Está no Grupo as Informações do Sorteio Povo.
[27/02/2016 14:20:32] /bc green Está no Grupo as Informações do Sorteio Povo.
[27/02/2016 14:20:33] /t
[27/02/2016 14:27:35] /ghost
[27/02/2016 14:27:37] /ghost
[27/02/2016 14:27:53] /goto Like Two My
[27/02/2016 14:30:19] /c buch
[27/02/2016 14:31:38] /bc green Para Quem ficar incomodado com CPF coloque um falso seila.
[27/02/2016 14:33:01] /c buch
[27/02/2016 14:39:12] /addskill Buch,lvl,50
[27/02/2016 14:39:16] /addskill Buch,lvl,50
[27/02/2016 14:39:17] /addskill Buch,lvl,50
[27/02/2016 14:39:23] /addskill Buch,lvl,50
[27/02/2016 14:39:24] /addskill Buch,lvl,50
[27/02/2016 14:39:26] /addskill Buch,lvl,50
[27/02/2016 14:39:30] /addskill Buch,lvl,50
[28/02/2016 13:03:06] /t
[28/02/2016 13:05:09] /ghost
[28/02/2016 13:06:02] /bc green Vou Iniciar o Sorteio Povo todos atentos no facebook jaja mando print dos sorteados.
[28/02/2016 13:06:03] /bc green Vou Iniciar o Sorteio Povo todos atentos no facebook jaja mando print dos sorteados.
[28/02/2016 13:06:03] /bc green Vou Iniciar o Sorteio Povo todos atentos no facebook jaja mando print dos sorteados.
[28/02/2016 13:06:04] /bc green Vou Iniciar o Sorteio Povo todos atentos no facebook jaja mando print dos sorteados.
[28/02/2016 13:06:04] /bc green Vou Iniciar o Sorteio Povo todos atentos no facebook jaja mando print dos sorteados.
[28/02/2016 13:06:59] /goto lojider
[28/02/2016 13:06:59] /goto lojider
[28/02/2016 13:07:04] /bc green Em 10 Minutos Eu irei sortiar, quem ianda nao se cadastrou tem tempo.
[28/02/2016 13:07:06] /bc green Em 10 Minutos Eu irei sortiar, quem ianda nao se cadastrou tem tempo.
[28/02/2016 13:07:07] /bc green Em 10 Minutos Eu irei sortiar, quem ianda nao se cadastrou tem tempo.
[28/02/2016 13:07:08] /bc green Em 10 Minutos Eu irei sortiar, quem ianda nao se cadastrou tem tempo.
[28/02/2016 13:07:23] /i 14577
[28/02/2016 13:07:47] /i 14577
[28/02/2016 13:07:48] /i 14577
[28/02/2016 13:09:13] /bc green 5 Minutos Será Sortiado no facebook.
[28/02/2016 13:11:52] /goto Harlley Swwiit
[28/02/2016 13:12:35] /c Harlley Swwiit
[28/02/2016 13:14:27] /r
[28/02/2016 13:17:40] /bc greeen Vou SOrtia.
[28/02/2016 13:17:45] /c Harlley Swwiit
[28/02/2016 13:21:08] /bc green Bom Povo vou sortiar por que dei tempo a todos quem ta tentando agora sinto muito devia ter pedido ajuda antes no Facebook ou para algum tutor.
[28/02/2016 13:21:49] /bc green Bom Povo vou sortiar por que dei tempo a todos quem ta tentando agora sinto muito devia ter pedido ajuda antes no Facebook ou para algum tutor.
[28/02/2016 13:21:50] /bc green Bom Povo vou sortiar por que dei tempo a todos quem ta tentando agora sinto muito devia ter pedido ajuda antes no Facebook ou para algum tutor.
[28/02/2016 13:23:19] /bc green Sortiado. Irei Postar Print.
[28/02/2016 13:23:20] /bc green Sortiado. Irei Postar Print.
[28/02/2016 13:23:20] /bc green Sortiado. Irei Postar Print.
[28/02/2016 13:26:45] /bc green Vou Começar Tentar Desbugar os Chars.
[28/02/2016 13:28:08] /t Louliz
[28/02/2016 13:28:22] /r
[28/02/2016 13:28:26] /r
[28/02/2016 13:31:04] /bc green Pros Ganhadores Postei um print no Grupo so ir la é comentar seu Nick e jaja eu do o premio.
[28/02/2016 13:31:05] /bc green Pros Ganhadores Postei um print no Grupo so ir la é comentar seu Nick e jaja eu do o premio.
[28/02/2016 13:36:26] /bc green Calma Povo osu so um jaja entrego os premios Agora Estou Tentando desbugar uns players.
[28/02/2016 13:36:27] /bc green Calma Povo osu so um jaja entrego os premios Agora Estou Tentando desbugar uns players.
[28/02/2016 13:41:31] /bc green Todos Que ganharam no evento ja comentaro na Publicação que fiz no GRUPO ? Vou Ver.
[28/02/2016 13:41:39] /bc green Todos Que ganharam no evento ja comentaro na Publicação que fiz no GRUPO ? Vou Ver.
[28/02/2016 13:41:39] /bc green Todos Que ganharam no evento ja comentaro na Publicação que fiz no GRUPO ? Vou Ver.
[28/02/2016 13:41:40] /bc green Todos Que ganharam no evento ja comentaro na Publicação que fiz no GRUPO ? Vou Ver.
[28/02/2016 13:43:16] /c Kills black
[28/02/2016 13:43:16] /c Kills black
[28/02/2016 13:43:30] /c possuido
[28/02/2016 13:43:37] /c Possuido
[28/02/2016 13:43:40] /c Possuido
[28/02/2016 13:43:41] /c Possuido
[28/02/2016 13:43:41] /c Possuido
[28/02/2016 13:43:43] /c Possuido
[28/02/2016 13:43:44] /c Possuido
[28/02/2016 13:43:52] /c Possuido
[28/02/2016 13:43:53] /c Possuido
[28/02/2016 13:44:11] /c pussuido
[28/02/2016 13:45:01] /c Orichi's
[28/02/2016 13:46:52] /bc green Povo Falta 2 Sortiados CADE?
[28/02/2016 13:46:53] /bc green Povo Falta 2 Sortiados CADE?
[28/02/2016 13:49:03] /i 14261,50
[28/02/2016 13:49:59] /i poke shiny box 2
[28/02/2016 13:50:01] /i poke shiny box +2
[28/02/2016 13:50:08] /i shiny poke box +2
[28/02/2016 13:52:49] /c Srkakashibr
[28/02/2016 14:02:02] /reload actions
[28/02/2016 14:02:57] /i darkness stone
[28/02/2016 14:03:00] /i darkness stone
[28/02/2016 14:03:00] /i darkness stone
[28/02/2016 14:04:01] /bc green Quem pego o S Sableye melhor falar logo ou quando descobrir vai leva BAN IP Por roubo de pokemons.
[28/02/2016 14:04:02] /bc green Quem pego o S Sableye melhor falar logo ou quando descobrir vai leva BAN IP Por roubo de pokemons.
[28/02/2016 14:04:03] /bc green Quem pego o S Sableye melhor falar logo ou quando descobrir vai leva BAN IP Por roubo de pokemons.
[28/02/2016 14:04:16] /t
[28/02/2016 14:04:18] /bc green Quem pego o S Sableye melhor falar logo ou quando descobrir vai leva BAN IP Por roubo de pokemons.
[28/02/2016 14:04:21] /bc green Quem pego o S Sableye melhor falar logo ou quando descobrir vai leva BAN IP Por roubo de pokemons.
[28/02/2016 14:04:27] /ghost
[28/02/2016 14:05:39] /b Melhor Mandar PM Logo quem pego o Shiny Sableye tou avisando.
[28/02/2016 14:05:40] /b Melhor Mandar PM Logo quem pego o Shiny Sableye tou avisando.
[28/02/2016 14:05:51] /c master top
[28/02/2016 14:07:11] /unban Zaki
[28/02/2016 14:12:06] /reload actions
[28/02/2016 14:12:37] /town 7
[28/02/2016 14:12:39] /c mayumi
[28/02/2016 14:13:12] /reload actions
[28/02/2016 14:13:58] /c mayumi
[28/02/2016 14:20:18] /reload actions
[28/02/2016 14:21:20] /t
[28/02/2016 14:21:25] /town 7
[28/02/2016 14:22:55] /bc green Povo vai travar Pakas vou retirar um erro.
[28/02/2016 14:22:57] /bc green Povo vai travar Pakas vou retirar um erro.
[28/02/2016 14:22:58] /bc green Povo vai travar Pakas vou retirar um erro.
[28/02/2016 14:22:58] /bc green Povo vai travar Pakas vou retirar um erro.
[28/02/2016 14:22:58] /bc green Povo vai travar Pakas vou retirar um erro.
[28/02/2016 14:22:59] /save
[28/02/2016 14:26:34] /c Harlley Swwiit
[28/02/2016 14:26:40] /r
[28/02/2016 14:26:40] /r
[28/02/2016 14:28:53] /r
[28/02/2016 14:35:46] /bc green Bom Tou arrumando aos Poucos, quem ai esta bugado por DUEL, fale no Ctrl + R, Somente quem estiver bugado se não for bug darei notação.
[28/02/2016 14:35:47] /bc green Bom Tou arrumando aos Poucos, quem ai esta bugado por DUEL, fale no Ctrl + R, Somente quem estiver bugado se não for bug darei notação.
[28/02/2016 14:35:47] /bc green Bom Tou arrumando aos Poucos, quem ai esta bugado por DUEL, fale no Ctrl + R, Somente quem estiver bugado se não for bug darei notação.
[28/02/2016 14:36:06] /bc green Bom Tou arrumando aos Poucos, quem ai esta bugado por DUEL, fale no Ctrl + R, Somente quem estiver bugado se não for bug darei notação.
[28/02/2016 14:36:14] /bc green Bom Tou arrumando aos Poucos, quem ai esta bugado por DUEL, fale no Ctrl + R, Somente quem estiver bugado se não for bug darei notação.
[28/02/2016 14:36:44] /c Mina Lokaa
[28/02/2016 14:37:36] /t Mina Lokaa
[28/02/2016 14:37:45] /bc green Bom Tou arrumando aos Poucos, quem ai esta bugado por DUEL, fale no Ctrl + R, Somente quem estiver bugado se não for bug darei notação.
[28/02/2016 14:37:46] /bc green Bom Tou arrumando aos Poucos, quem ai esta bugado por DUEL, fale no Ctrl + R, Somente quem estiver bugado se não for bug darei notação.
[28/02/2016 14:37:47] /bc green Bom Tou arrumando aos Poucos, quem ai esta bugado por DUEL, fale no Ctrl + R, Somente quem estiver bugado se não for bug darei notação.
[28/02/2016 14:41:11] /bc green Seven Acho q consegui arrumar, quando ele entrar pede a ele para verificar.
[28/02/2016 14:52:41] /bc green Seven Acho q consegui arrumar, quando ele entrar pede a ele para verificar.
[28/02/2016 14:52:42] /bc green Seven Acho q consegui arrumar, quando ele entrar pede a ele para verificar.
[28/02/2016 14:52:44] /bc green Bom Tou arrumando aos Poucos, quem ai esta bugado por DUEL, fale no Ctrl + R, Somente quem estiver bugado se não for bug darei notação.
[28/02/2016 14:52:45] /bc green Bom Tou arrumando aos Poucos, quem ai esta bugado por DUEL, fale no Ctrl + R, Somente quem estiver bugado se não for bug darei notação.
[28/02/2016 14:52:45] /bc green Bom Tou arrumando aos Poucos, quem ai esta bugado por DUEL, fale no Ctrl + R, Somente quem estiver bugado se não for bug darei notação.
[28/02/2016 14:52:46] /bc green Bom Tou arrumando aos Poucos, quem ai esta bugado por DUEL, fale no Ctrl + R, Somente quem estiver bugado se não for bug darei notação.
[28/02/2016 14:52:47] /bc green Seven Acho q consegui arrumar, quando ele entrar pede a ele para verificar.
[28/02/2016 14:52:49] /bc green Bom Tou arrumando aos Poucos, quem ai esta bugado por DUEL, fale no Ctrl + R, Somente quem estiver bugado se não for bug darei notação.
[28/02/2016 14:52:49] /bc green Bom Tou arrumando aos Poucos, quem ai esta bugado por DUEL, fale no Ctrl + R, Somente quem estiver bugado se não for bug darei notação.
[28/02/2016 14:52:50] /bc green Bom Tou arrumando aos Poucos, quem ai esta bugado por DUEL, fale no Ctrl + R, Somente quem estiver bugado se não for bug darei notação.
[28/02/2016 14:52:50] /bc green Bom Tou arrumando aos Poucos, quem ai esta bugado por DUEL, fale no Ctrl + R, Somente quem estiver bugado se não for bug darei notação.
[28/02/2016 14:52:51] /bc green Bom Tou arrumando aos Poucos, quem ai esta bugado por DUEL, fale no Ctrl + R, Somente quem estiver bugado se não for bug darei notação.
[28/02/2016 14:52:51] /bc green Bom Tou arrumando aos Poucos, quem ai esta bugado por DUEL, fale no Ctrl + R, Somente quem estiver bugado se não for bug darei notação.
[28/02/2016 14:54:27] /c Yurifr
[28/02/2016 14:55:17] /ghost
[28/02/2016 14:56:05] /t yurifr
[28/02/2016 14:58:03] /bc green Bom Tou arrumando aos Poucos, quem ai esta bugado por DUEL, fale no Ctrl + R, Somente quem estiver bugado se não for bug darei notação.
[28/02/2016 14:58:04] /bc green Bom Tou arrumando aos Poucos, quem ai esta bugado por DUEL, fale no Ctrl + R, Somente quem estiver bugado se não for bug darei notação.
[28/02/2016 15:02:15] /bc electabuzz
[28/02/2016 15:03:50] /i thunder stone
[28/02/2016 15:03:54] /i ancient stone
[28/02/2016 15:04:04] /attr health -10000000
[28/02/2016 15:16:18] /i rock stone
[28/02/2016 15:16:24] /i metal stone
[28/02/2016 15:16:34] /r all
[28/02/2016 15:28:57] /c trinivini
[28/02/2016 15:29:02] /i mega poke box
[28/02/2016 15:29:10] /i mega poke box
[28/02/2016 15:29:27] /r
[28/02/2016 15:30:13] /bc green Trinivini Foi o Vencedor do sorteio em 1ºLugar.
[28/02/2016 15:30:26] /t trinivini
[28/02/2016 15:30:27] /t
[28/02/2016 15:42:36] /c buch
[28/02/2016 15:42:55] /i mega box
[28/02/2016 15:42:59] /i mega poke box
[28/02/2016 16:13:02] /ghost
[28/02/2016 16:13:05] /goto buch
[28/02/2016 16:13:12] /a 2
[28/02/2016 16:13:14] /c buch
[28/02/2016 16:14:26] /goto buch
[28/02/2016 16:50:07] /i 14574
[28/02/2016 16:50:12] /i 14575
[28/02/2016 16:50:16] /i 14576
[28/02/2016 16:53:39] /reload actions
[28/02/2016 16:54:10] /t
[28/02/2016 16:54:30] /attr actionid "19999
[28/02/2016 16:54:35] /attr uniqueid "19999
[28/02/2016 16:54:51] /attr set uniqueid "19999
[28/02/2016 16:55:34] /attr uniqueid "19999
[28/02/2016 16:55:42] /r
[28/02/2016 16:56:07] /goto mega alakazam
[28/02/2016 16:56:30] /a 5
[28/02/2016 16:56:31] /a 5
[28/02/2016 16:56:31] /a 5
[28/02/2016 16:56:32] /a 5
[28/02/2016 16:56:32] /a 5
[28/02/2016 16:56:33] /a 5
[28/02/2016 16:56:34] /a 5
[28/02/2016 16:56:34] /a 5
[28/02/2016 16:56:34] /a 5
[28/02/2016 16:56:35] /a 5
[28/02/2016 16:56:43] /t
[28/02/2016 16:56:53] /i 19490
[28/02/2016 16:56:59] /i 1777
[28/02/2016 16:57:05] /attr uniqueid "19999
[28/02/2016 16:57:16] /r
[28/02/2016 16:57:41] /goto mega alakazam
[28/02/2016 16:58:04] /t
[28/02/2016 16:58:09] /i 1746
[28/02/2016 16:58:29] /attr uniqueid "19999
[28/02/2016 16:58:30] /attr uniqueid "19999
[28/02/2016 16:58:36] /attr uniqueid "19999
[28/02/2016 16:58:37] /attr uniqueid "19999
[28/02/2016 16:58:41] /r
[28/02/2016 17:00:17] /t
[28/02/2016 17:00:26] /i 1740
[28/02/2016 17:00:28] /i 1741
[28/02/2016 17:00:30] /i 1742
[28/02/2016 17:00:33] /r
[28/02/2016 17:01:04] /bc green Quando Servidor Reinicia O Shiny Inicial tará normal.
[28/02/2016 17:01:06] /bc green Quando Servidor Reinicia O Shiny Inicial tará normal.
[28/02/2016 17:02:34] /c sylveon
[28/02/2016 17:02:57] /ghost
[28/02/2016 17:03:01] /c sylveon
[28/02/2016 17:03:53] /bc green Player Sylveon Ficou em 3ºLugar no evento sorteio e Obteve 5 Dias Vip.
[28/02/2016 17:03:59] /ghost
[28/02/2016 17:10:06] /goto buch
[28/02/2016 17:10:14] /t
[28/02/2016 17:20:53] /c trinivini
[28/02/2016 17:22:05] /ghost
[28/02/2016 17:22:10] /c trinivini
[28/02/2016 17:23:28] /reload monster
[28/02/2016 17:24:33] /newtype 1
[28/02/2016 17:24:34] /newtype 2
[28/02/2016 17:24:36] /newtype 3
[28/02/2016 17:24:37] /newtype 4
[28/02/2016 17:24:38] /newtype 5
[28/02/2016 17:24:38] /newtype 6
[28/02/2016 17:24:39] /newtype 7
[28/02/2016 17:24:40] /newtype 8
[28/02/2016 17:24:40] /newtype 9
[28/02/2016 17:24:41] /newtype 10
[28/02/2016 17:24:42] /newtype 11
[28/02/2016 17:24:43] /newtype 12
[28/02/2016 17:24:44] /newtype 13
[28/02/2016 17:24:45] /newtype 14
[28/02/2016 17:24:46] /newtype 15
[28/02/2016 17:24:46] /newtype 16
[28/02/2016 17:24:47] /newtype 17
[28/02/2016 17:24:48] /newtype 18
[28/02/2016 17:24:49] /newtype 19
[28/02/2016 17:24:51] /newtype 20
[28/02/2016 17:24:52] /newtype 21
[28/02/2016 17:24:53] /newtype 22
[28/02/2016 17:24:54] /newtype 23
[28/02/2016 17:24:55] /newtype 24
[28/02/2016 17:24:56] /newtype 25
[28/02/2016 17:24:57] /newtype 26
[28/02/2016 17:24:58] /newtype 27
[28/02/2016 17:25:01] /newtype 1900
[28/02/2016 17:25:03] /newtype 1800
[28/02/2016 17:25:07] /newtype 1700
[28/02/2016 17:25:08] /newtype 17000
[28/02/2016 17:25:10] /newtype 1700
[28/02/2016 17:25:11] /newtype 1750
[28/02/2016 17:25:12] /newtype 1751
[28/02/2016 17:25:15] /newtype 1740
[28/02/2016 17:25:17] /newtype 1730
[28/02/2016 17:25:18] /newtype 1731
[28/02/2016 17:25:19] /newtype 1732
[28/02/2016 17:25:20] /newtype 1733
[28/02/2016 17:25:21] /newtype 1734
[28/02/2016 17:25:22] /newtype 1735
[28/02/2016 17:25:23] /newtype 1736
[28/02/2016 17:25:24] /newtype 1737
[28/02/2016 17:25:25] /newtype 1738
[28/02/2016 17:25:25] /newtype 1739
[28/02/2016 17:25:28] /newtype 1740
[28/02/2016 17:25:31] /newtype 1741
[28/02/2016 17:25:32] /newtype 1742
[28/02/2016 17:25:34] /newtype 1741
[28/02/2016 17:25:47] /reload monster
[28/02/2016 17:25:54] /newtype 6601
[28/02/2016 17:25:55] /newtype 660
[29/02/2016 00:53:21] /reload actions
[29/02/2016 00:54:27] /spy trakinazs
[29/02/2016 00:55:18] /spy karenbr
[29/02/2016 00:55:35] /spy karenbr
[29/02/2016 00:56:30] /goto karenbr
[29/02/2016 00:56:41] /t
[29/02/2016 00:56:47] /spy karenbr
[29/02/2016 00:57:50] /c srkakashibr
[29/02/2016 00:57:53] /r
[29/02/2016 00:58:10] /kick kills black
[29/02/2016 00:58:14] /kick kills black
[29/02/2016 00:58:19] /kick kills black
[29/02/2016 00:58:54] /goto mamilot
[29/02/2016 00:59:05] /goto mamilota
[29/02/2016 00:59:21] /i heart stone
[29/02/2016 01:00:15] /r
[29/02/2016 01:00:22] /i 12356
[29/02/2016 01:00:37] /r
[29/02/2016 01:00:43] /i 12354
[29/02/2016 01:01:42] /r
[29/02/2016 01:01:50] /i 12355
[29/02/2016 01:02:34] /i heart stone
[29/02/2016 01:03:37] /rename [ADM] Lucas Da Silva,Lucas Da Silva
