[08/02/2016 12:32:42] /b gogo cambada
[08/02/2016 12:33:27] /t
[08/02/2016 12:37:09] /openserver
[08/02/2016 12:39:07] /i faitend shiny gardevoir
[08/02/2016 12:39:17] /town 9
[08/02/2016 12:50:22] /i diamond
[08/02/2016 12:50:25] /i small diamond
[08/02/2016 12:51:52] /t
[08/02/2016 12:52:30] /b lucas da goto
[08/02/2016 12:53:01] /town 5
[08/02/2016 12:55:11] /bc green double monds pros 3 primeiros a donatar gogo >http://pokehand.wix.com/pokehand
[08/02/2016 12:55:19] /bc green double monds pros 3 primeiros a donatar gogo >http://pokehand.wix.com/pokehand
[08/02/2016 12:55:59] /c Jesus Faz Backup
[08/02/2016 12:58:20] /t Jesus Faz Backup
[08/02/2016 12:58:21] /t Jesus Faz Backup
[08/02/2016 12:58:25] /t Jesus Faz Backup
[08/02/2016 12:58:35] /t Jesus Faz Backup
[08/02/2016 13:00:43] /i ultra ball
[08/02/2016 13:04:13] /i ultra ball
[08/02/2016 13:35:30] /mc
[08/02/2016 13:35:34] /t
[08/02/2016 13:35:46] /a
[08/02/2016 13:35:48] /ghost
[08/02/2016 13:36:06] /a 2
[08/02/2016 13:36:40] /mc
[08/02/2016 14:03:52] /goto Wiaa
[08/02/2016 14:04:03] /goto Bone
[08/02/2016 14:04:15] /goto Cannabys
[08/02/2016 14:04:31] /s shiny tangrowth
[08/02/2016 14:04:36] /a
[08/02/2016 14:05:17] /town 9
[08/02/2016 14:05:27] /t
[08/02/2016 14:30:12] /bc green double monds pros 3 primeiros a donatar gogo >http://pokehand.wix.com/pokehand
[08/02/2016 14:57:21] /t
[08/02/2016 14:57:57] /b lucas puxa
[08/02/2016 14:59:50] /mc
[08/02/2016 15:00:02] /c thunder
[08/02/2016 15:01:26] /t thunder
[08/02/2016 15:04:22] /mc
[08/02/2016 15:04:23] /mc
[08/02/2016 15:05:59] /town 5
[08/02/2016 16:32:20] /bc green double monds pros 3 primeiros a donatar gogo >http://pokehand.wix.com/pokehand
[08/02/2016 16:32:53] /bc green double monds pros 3 primeiros a donatar gogo >http://pokehand.wix.com/pokehand
[08/02/2016 16:32:53] /bc green gosta do servidor?,quer mante-lo online?,entâo nos ajude donatando>http://pokehand.wix.com/pokehand
[08/02/2016 16:33:09] /bc green gosta do servidor?,quer mante-lo online?,entâo nos ajude donatando>http://pokehand.wix.com/pokehand
[08/02/2016 16:33:13] /mc
[08/02/2016 16:33:16] /t
[08/02/2016 16:37:28] /town 5
[08/02/2016 16:39:57] /bc green double monds pros 3 primeiros a donatar gogo >http://pokehand.wix.com/pokehand
[08/02/2016 17:07:16] /t
[08/02/2016 17:07:18] /b pq
[08/02/2016 20:31:32] /t
[08/02/2016 20:32:05] /i 3280
[08/02/2016 20:54:43] /b quem é do poke wang fala game chart
[08/02/2016 20:54:55] /town 5
[08/02/2016 21:24:03] /b melhoro o ot nessa vps?,DIGAM GAME CHART
[08/02/2016 21:24:23] /t
[08/02/2016 21:24:45] /b poke hand é ou n é bom?,VOCÊS PEDEM VPS MELHOR E NOIS DAMOS VPS MELHOR NO MESMO DIA!!
[08/02/2016 21:24:59] /b sem vaga
[08/02/2016 21:26:57] /t
[08/02/2016 22:53:24] /bc green galera vocês pretendem donatar no ot?,falem gmae chat!
[08/02/2016 22:53:33] /bc green galera vocês pretendem donatar no ot?,falem gmae chat!
[09/02/2016 01:59:01] /t
[09/02/2016 01:59:14] /town 5
[09/02/2016 11:05:36] /t
[09/02/2016 11:11:48] /goto Cocotachefe
[09/02/2016 13:01:34] /bc green comando !bug add
[09/02/2016 13:01:35] /t
[09/02/2016 13:04:02] /c come on
[09/02/2016 13:04:13] /town 5
[09/02/2016 13:04:15] /c come on
[09/02/2016 13:08:05] /goto [ADM] Lucas
[09/02/2016 13:08:30] /c kilua
[09/02/2016 13:08:59] /c Killua
[09/02/2016 13:11:18] /c Jamai
[09/02/2016 13:13:45] /t
[09/02/2016 13:16:03] /bc green ADQUIRA DIAMONDS PARA COMRPAR MASTER BALL,SHINYS BOX,RARE CANDY,ENTRE OUTRAS COISAS,>http://pokehand.wix.com/pokehand
[09/02/2016 13:16:10] /t
[09/02/2016 13:16:55] /bc green lcuas add comando !buyvip porq por npc é paia
[09/02/2016 13:17:25] /c Killua
[09/02/2016 13:17:56] /t
[09/02/2016 13:18:07] /bc green ADQUIRA DIAMONDS PARA COMRPAR MASTER BALL,SHINYS BOX,RARE CANDY,ENTRE OUTRAS COISAS,>http://pokehand.wix.com/pokehand
[09/02/2016 13:18:41] /t
[09/02/2016 13:18:45] /n shop donater
[09/02/2016 13:18:50] /n shop donater
[09/02/2016 13:51:37] /bc green ADQUIRA DIAMONDS PARA COMRPAR MASTER BALL,SHINYS BOX,RARE CANDY,ENTRE OUTRAS COISAS, fazendo uma doaçao em nosso site>http://pokehand.wix.com/pokehand
[09/02/2016 13:51:44] /town 6
[09/02/2016 13:52:46] /n diamond
[09/02/2016 13:52:53] /t
[09/02/2016 13:52:59] /n diamond
[09/02/2016 13:53:07] /n tiermond
[09/02/2016 13:53:17] /goto [ADM] Lucas
[09/02/2016 13:53:20] /town 5
[09/02/2016 13:53:21] /c [ADM] Lucas
[09/02/2016 13:55:07] /bc green ADQUIRA DIAMONDS PARA COMRPAR MASTER BALL,SHINYS BOX,RARE CANDY,ENTRE OUTRAS COISAS, fazendo uma doaçao em nosso site>http://pokehand.wix.com/pokehand
[09/02/2016 13:56:34] /bc green ADQUIRA DIAMONDS PARA COMRPAR MASTER BALL,SHINYS BOX,RARE CANDY,ENTRE OUTRAS COISAS, fazendo uma doaçao em nosso site>http://pokehand.wix.com/pokehand
[09/02/2016 13:59:24] /bc green ADQUIRA DIAMONDS PARA COMRPAR MASTER BALL,SHINYS BOX,RARE CANDY,ENTRE OUTRAS COISAS, fazendo uma doaçao em nosso site>http://pokehand.wix.com/pokehand
[09/02/2016 14:37:16] /bc green ADQUIRA DIAMONDS PARA COMRPAR MASTER BALL,SHINYS BOX,RARE CANDY,ENTRE OUTRAS COISAS, fazendo uma doaçao em nosso site>http://pokehand.wix.com/pokehand
[09/02/2016 19:39:54] /bc green ADQUIRA DIAMONDS PARA COMRPAR MASTER BALL,SHINYS BOX,RARE CANDY,ENTRE OUTRAS COISAS, fazendo uma doaçao em nosso site>http://pokehand.wix.com/pokehand
[09/02/2016 20:18:30] /bc green ADQUIRA DIAMONDS PARA COMRPAR MASTER BALL,SHINYS BOX,RARE CANDY,ENTRE OUTRAS COISAS, fazendo uma doaçao em nosso site>http://pokehand.wix.com/pokehand
[09/02/2016 20:27:50] /c dark world
[09/02/2016 20:28:29] /clean
[09/02/2016 20:36:33] /c dark world
[09/02/2016 20:37:43] /i small diamond
[09/02/2016 21:13:04] /bc green ADQUIRA DIAMONDS PARA COMRPAR MASTER BALL,SHINYS BOX,RARE CANDY,ENTRE OUTRAS COISAS, fazendo uma doaçao em nosso site>http://pokehand.wix.com/pokehand
[09/02/2016 21:14:05] /c 
[09/02/2016 21:14:12] /c hactn
[09/02/2016 21:14:15] /i small diamond
[09/02/2016 21:14:49] /n diamond
[09/02/2016 21:14:53] /n diamondtier
[09/02/2016 21:14:55] /n tiermond
[09/02/2016 21:15:10] /t
[09/02/2016 21:15:24] /t
[09/02/2016 21:15:26] /n diamond
[09/02/2016 21:15:31] /i tiermond
[09/02/2016 21:15:34] /n monditer
[09/02/2016 21:15:38] /n tiermond
[09/02/2016 21:16:01] /a
[09/02/2016 21:16:06] /bc green ADQUIRA DIAMONDS PARA COMRPAR MASTER BALL,SHINYS BOX,RARE CANDY,ENTRE OUTRAS COISAS, fazendo uma doaçao em nosso site>http://pokehand.wix.com/pokehand
[09/02/2016 21:20:58] /c hactn
[09/02/2016 21:21:00] /t hactn
[09/02/2016 21:21:25] /town 5
[09/02/2016 21:21:26] /c hactn
[09/02/2016 21:21:29] /town 9
[09/02/2016 21:21:45] /c Godou
[09/02/2016 21:23:57] /n diamond
[09/02/2016 21:24:02] /n mondtier
[09/02/2016 21:24:05] /n tiermond
[09/02/2016 21:25:49] /r
[09/02/2016 21:27:22] /t
[09/02/2016 21:28:00] /n tiermond
[09/02/2016 22:43:18] /bc green ADQUIRA DIAMONDS PARA COMRPAR MASTER BALL,SHINYS BOX,RARE CANDY,ENTRE OUTRAS COISAS, fazendo uma doaçao em nosso site>http://pokehand.wix.com/pokehand
[09/02/2016 22:43:18] /bc green ADQUIRA DIAMONDS PARA COMRPAR MASTER BALL,SHINYS BOX,RARE CANDY,ENTRE OUTRAS COISAS, fazendo uma doaçao em nosso site>http://pokehand.wix.com/pokehand
[09/02/2016 22:43:18] /bc green ADQUIRA DIAMONDS PARA COMRPAR MASTER BALL,SHINYS BOX,RARE CANDY,ENTRE OUTRAS COISAS, fazendo uma doaçao em nosso site>http://pokehand.wix.com/pokehand
[09/02/2016 22:43:18] /bc green ADQUIRA DIAMONDS PARA COMRPAR MASTER BALL,SHINYS BOX,RARE CANDY,ENTRE OUTRAS COISAS, fazendo uma doaçao em nosso site>http://pokehand.wix.com/pokehand
[09/02/2016 23:12:42] /t
[09/02/2016 23:12:50] /b irei sumonar um mega alakazam para testar
[09/02/2016 23:12:58] /b quem quiser tentar matar vem saffron !bug
[09/02/2016 23:13:01] /m mega alakazam
[09/02/2016 23:13:19] /m mega alakazam
[09/02/2016 23:14:06] /s
[09/02/2016 23:14:13] /town 9
[09/02/2016 23:14:37] /addskill [Dono] Hisoka Fail,lvl,300
[09/02/2016 23:14:43] /t
[09/02/2016 23:15:15] /ghost
[09/02/2016 23:16:06] /town 9
[09/02/2016 23:16:10] /c seve
[09/02/2016 23:16:14] /c seven
[09/02/2016 23:17:52] /m zapdos
[09/02/2016 23:17:59] /r
[09/02/2016 23:18:01] /r
[09/02/2016 23:18:03] /c seven
[09/02/2016 23:18:41] /goto Jesus Faz Backup
[09/02/2016 23:18:50] /a 2
[09/02/2016 23:19:37] /goto seven
[09/02/2016 23:19:44] /m alakazam
[09/02/2016 23:20:00] /r
[09/02/2016 23:22:39] /town 5
[09/02/2016 23:33:26] /t
[09/02/2016 23:37:02] /town 9
[09/02/2016 23:37:06] /n diamond
[09/02/2016 23:38:28] /i small daimodn
[09/02/2016 23:38:33] /i small daimond
[09/02/2016 23:38:37] /i small diamond
[09/02/2016 23:38:54] /i 14338
[09/02/2016 23:38:55] /i 14338
[09/02/2016 23:38:55] /i 14338
[09/02/2016 23:38:56] /i 14338
[09/02/2016 23:39:01] /i 14338
[09/02/2016 23:39:07] /i 14338
[09/02/2016 23:39:09] /i 14338
[09/02/2016 23:39:10] /i 14338
[09/02/2016 23:39:12] /i 14338
[09/02/2016 23:39:17] /i 14339
[09/02/2016 23:39:21] /i 14339
[09/02/2016 23:39:22] /i 14339
[09/02/2016 23:39:26] /i 14339
[09/02/2016 23:39:28] /i 14339
[09/02/2016 23:39:29] /i 14339
[09/02/2016 23:39:31] /i 14339
[09/02/2016 23:39:32] /i 14339
[09/02/2016 23:39:35] /i 14339
[09/02/2016 23:39:41] /a 5
[09/02/2016 23:39:42] /a 10
[09/02/2016 23:39:44] /a 10
[09/02/2016 23:39:57] /i 14339
[09/02/2016 23:39:58] /i 14339
[09/02/2016 23:40:01] /i 14339
[09/02/2016 23:40:04] /i 14339
[09/02/2016 23:40:06] /i 14339
[09/02/2016 23:40:07] /i 14339
[09/02/2016 23:40:08] /i 14339
[09/02/2016 23:40:10] /i 14339
[09/02/2016 23:40:23] /i 14339
[09/02/2016 23:40:24] /i 14339
[09/02/2016 23:40:27] /i 14339
[09/02/2016 23:40:29] /i 14339
[09/02/2016 23:40:37] /t
[10/02/2016 02:53:07] /bc green ADQUIRA DIAMONDS PARA COMRPAR MASTER BALL,SHINYS BOX,RARE CANDY,ENTRE OUTRAS COISAS, fazendo uma doaçao em nosso site>http://pokehand.wix.com/pokehand
[10/02/2016 12:42:19] /bc green ADQUIRA DIAMONDS PARA COMRPAR MASTER BALL,SHINYS BOX,RARE CANDY,ENTRE OUTRAS COISAS, fazendo uma doaçao em nosso site>http://pokehand.wix.com/pokehand
[10/02/2016 12:42:41] /t
[10/02/2016 12:43:45] /rename Chaos,[Test Help] Chaos
[10/02/2016 12:43:48] /r
[10/02/2016 12:43:50] /ghost
[10/02/2016 12:45:37] /t
[10/02/2016 12:46:51] /unban salve maldito 
[10/02/2016 12:47:06] /goto [Test Help] Chaos
[10/02/2016 12:47:10] /c [Test Help] Chaos
[10/02/2016 12:47:27] /attr group 3
[10/02/2016 12:47:50] /town 5
[10/02/2016 12:48:25] /town 5
[10/02/2016 12:48:29] /s shiny absol
[10/02/2016 12:49:35] /goto wobbuffet
[10/02/2016 12:50:27] /town 2
[10/02/2016 13:25:57] /town 5
[10/02/2016 13:26:04] /t
[10/02/2016 13:26:27] /bc green galera vocês comprariam o ditto no shop por 25 reais?,DIGAM GAME CHAT,PF É MTO IMPORTANTE!!
[10/02/2016 13:27:13] /bc green ditto iria transformar em qualquer poke!
[10/02/2016 13:27:23] /town 5
[10/02/2016 13:27:24] /c  [Test Help] Chaos
[10/02/2016 13:30:24] /m ditto
[10/02/2016 13:32:09] /town 5
[10/02/2016 13:33:24] /a 5
[10/02/2016 13:33:36] /b alguem ai ja tem shiny gardevoir?,digam GC!
[10/02/2016 13:33:36] /t
[10/02/2016 13:33:43] /goto shiny gardevoir
[10/02/2016 13:34:01] /a
[10/02/2016 13:35:48] /a 20
[10/02/2016 13:38:56] /b galera irei reinciair o ot PARA FAZER TESTS,DIGAM !BUG PARA NÂO MORRER QUEST,DEPOIS N VEM CHORANDO E FALA !SAVE TBM
[10/02/2016 13:39:10] /goto [Test Help] Chaos
[10/02/2016 13:39:22] /ghost
[10/02/2016 13:43:10] /t
[10/02/2016 13:43:15] /m mega alakazam
[10/02/2016 13:43:29] /m mega alakazam
[10/02/2016 13:43:46] /town 5
[10/02/2016 14:07:45] /bc green ADQUIRA DIAMONDS PARA COMRPAR MASTER BALL,SHINYS BOX,RARE CANDY,ENTRE OUTRAS COISAS, fazendo uma doaçao em nosso site>http://pokehand.wix.com/pokehand
[10/02/2016 14:21:17] /bc green galera digam game chat,VCS ACHAM O OT PAY TO WIN?
[10/02/2016 14:21:18] /bc green galera digam game chat,VCS ACHAM O OT PAY TO WIN?
[10/02/2016 14:21:34] /bc green galera digam game chat,VCS ACHAM O OT PAY TO WIN?(tem que pagar pra ser bom)
[10/02/2016 14:21:40] /bc green galera digam game chat,VCS ACHAM O OT PAY TO WIN?(tem que pagar pra ser bom)
[10/02/2016 14:22:11] /goto  [Test Help] Chaos
[10/02/2016 14:22:30] /t
[10/02/2016 14:22:34] /goto  [Test Help] Chaos,
[10/02/2016 14:22:41] /goto  [Test Help] Chaos
[10/02/2016 14:24:11] /town 9
[10/02/2016 14:28:56] /town 5
[10/02/2016 14:29:27] /town 5
[10/02/2016 14:29:34] /town 9
[10/02/2016 14:29:36] /a
[10/02/2016 14:29:38] /ghost
[10/02/2016 14:34:51] /a
[10/02/2016 14:34:52] /t
[10/02/2016 14:35:24] /a 3
[10/02/2016 15:50:54] /a 2
[10/02/2016 15:51:02] /a 3
[10/02/2016 15:51:04] /a 2
[10/02/2016 16:11:16] /a
[10/02/2016 16:53:53] /bc green ADQUIRA DIAMONDS PARA COMRPAR MASTER BALL,SHINYS BOX,RARE CANDY,ENTRE OUTRAS COISAS, fazendo uma doaçao em nosso site>http://pokehand.wix.com/pokehand
[10/02/2016 20:48:38] /bc green ADQUIRA DIAMONDS PARA COMRPAR MASTER BALL,SHINYS BOX,RARE CANDY,ENTRE OUTRAS COISAS, fazendo uma doaçao em nosso site>http://pokehand.wix.com/pokehand
[10/02/2016 20:48:42] /bc green ADQUIRA DIAMONDS PARA COMRPAR MASTER BALL,SHINYS BOX,RARE CANDY,ENTRE OUTRAS COISAS, fazendo uma doaçao em nosso site>http://pokehand.wix.com/pokehand
[10/02/2016 20:50:19] /goto Shirahoshi
[10/02/2016 20:50:22] /goto Shirahoshi
[10/02/2016 20:50:26] /t
[10/02/2016 20:50:37] /bc green iremos dar clean
[10/02/2016 20:50:38] /clean
[10/02/2016 20:58:03] /t
[10/02/2016 20:58:08] /town 5
[10/02/2016 20:59:19] /newtype 664
[10/02/2016 21:01:14] /c shelby
[10/02/2016 21:01:21] /i small diamond
[10/02/2016 21:02:49] /n diamond
[10/02/2016 21:02:58] /n tiermond
[10/02/2016 21:03:01] /c Godou
[10/02/2016 21:03:16] /c Godou
[10/02/2016 21:04:52] /town 5
[10/02/2016 21:04:53] /c Shirahoshi
[10/02/2016 21:04:57] /town 9
[10/02/2016 21:04:59] /c Shirahoshi
[10/02/2016 21:07:26] /c Godou
[10/02/2016 21:07:40] /bc green ADQUIRA DIAMONDS PARA COMRPAR MASTER BALL,SHINYS BOX,RARE CANDY,ENTRE OUTRAS COISAS, fazendo uma doaçao em nosso site>http://pokehand.wix.com/pokehand
[10/02/2016 21:10:13] /c Xtremex
[10/02/2016 21:10:25] /i small diamond
[10/02/2016 21:10:26] /i small diamond
[10/02/2016 21:10:30] /i small diamond
[10/02/2016 21:10:31] /i small diamond
[10/02/2016 21:10:32] /i small diamond
[10/02/2016 21:10:43] /goto magikarp
[10/02/2016 21:11:30] /c Godou
[10/02/2016 21:13:10] /c Xtremex
[10/02/2016 21:13:17] /i small diamond
[10/02/2016 21:31:16] /c Xtremex
[10/02/2016 21:31:25] /t Xtremex
[10/02/2016 21:31:31] /c Marloons
[10/02/2016 21:34:17] /bc green iremos reinciair o servidor Para tentar resovler o lag,voltamos em menos de 5 minutos,!save e !bug
[10/02/2016 21:34:20] /bc green iremos reinciair o servidor Para tentar resovler o lag,voltamos em menos de 5 minutos,!save e !bug
[10/02/2016 21:34:21] /bc green iremos reinciair o servidor Para tentar resovler o lag,voltamos em menos de 5 minutos,!save e !bug
[10/02/2016 21:34:23] /bc green iremos reinciair o servidor Para tentar resovler o lag,voltamos em menos de 5 minutos,!save e !bug
[10/02/2016 21:43:49] /t
[10/02/2016 21:55:34] /goto Dan King
[10/02/2016 23:28:30] /c seven
[10/02/2016 23:28:35] /i small diamond
[11/02/2016 00:15:15] /town 9
[11/02/2016 00:15:16] /c estrelinha
[11/02/2016 00:15:45] /n diamond
[11/02/2016 00:15:48] /n tiermond
[11/02/2016 00:21:03] /town 5
[11/02/2016 00:21:14] /c Ruanxp
[11/02/2016 00:21:16] /c Ruanxp
[11/02/2016 00:21:23] /c ruanxp
[11/02/2016 00:21:42] /n diamond
[11/02/2016 00:21:44] /n mondtier
[11/02/2016 00:21:47] /n tiermond
[11/02/2016 00:22:36] /i small diamond
[11/02/2016 10:33:48] /t
[11/02/2016 10:33:54] /b gogo evento
[11/02/2016 10:34:00] /mc
[11/02/2016 10:34:24] /town 9
[11/02/2016 10:34:28] /c Estrelinha
[11/02/2016 10:34:33] /i dark ball
[11/02/2016 10:34:42] /r
[11/02/2016 10:34:44] /r
[11/02/2016 10:35:06] /t
[11/02/2016 10:35:14] /b pera to pensando em que fazer
[11/02/2016 10:35:47] /bc green evento esconde esconde
[11/02/2016 10:35:48] /a
[11/02/2016 10:35:51] /town 9
[11/02/2016 10:37:44] /bc green escondi 5 diamond em uam cidade aleatoria!,O PRIMEIRO QUE ACHAR É DELE
[11/02/2016 10:38:12] /t
[11/02/2016 10:38:14] /town 9
[11/02/2016 10:38:53] /t
[11/02/2016 10:39:31] /goto seven
[11/02/2016 10:39:40] /c seven
[11/02/2016 10:39:49] /town 5
[11/02/2016 10:39:54] /town 9
[11/02/2016 10:39:59] /a 2
[11/02/2016 10:40:12] /bc green gogo pesosal!!,ngm acho ainda,ta numa city aleatoria
[11/02/2016 10:40:28] /bc green razalas acho
[11/02/2016 11:57:30] /town 9
[11/02/2016 11:57:45] /goto seven
[11/02/2016 11:57:57] /goto seven
[11/02/2016 11:58:06] /ghost
[11/02/2016 11:58:39] /town 5
[11/02/2016 12:04:30] /t
[11/02/2016 12:04:32] /n diamond
[11/02/2016 12:04:35] /n tiermond
[11/02/2016 12:04:41] /bc green ADQUIRA DIAMONDS PARA COMRPAR MASTER BALL,SHINYS BOX,RARE CANDY,ENTRE OUTRAS COISAS, fazendo uma doaçao em nosso site>http://pokehand.wix.com/pokehand
[11/02/2016 12:05:04] /town 5
[11/02/2016 12:05:07] /n tiermond
[11/02/2016 12:06:43] /goto brozong
[11/02/2016 12:07:07] /s shiny bronzong
[11/02/2016 12:07:23] /m shiny /s shiny bronzong
[11/02/2016 12:07:26] /m /s shiny bronzong
[11/02/2016 12:07:30] /m shiny bronzong
[11/02/2016 12:08:55] /bc green iremos dar clean
[11/02/2016 12:08:59] /clean
[11/02/2016 12:17:06] /bc green porfavor não joguem items no chao
[11/02/2016 12:17:07] /t
[11/02/2016 12:18:44] /town 5
[11/02/2016 12:18:50] /c goodu
[11/02/2016 12:29:59] /bc green desculpa
[11/02/2016 12:30:00] /t
[11/02/2016 12:30:12] /town 2
[11/02/2016 12:31:23] /town 9
[11/02/2016 12:31:41] /t
[11/02/2016 12:31:46] /town 9
[11/02/2016 12:32:17] /t
[11/02/2016 12:32:21] /n tiermond
[11/02/2016 12:32:30] /n mond
[11/02/2016 12:32:41] /n diamond
[11/02/2016 12:37:10] /town 9
[11/02/2016 12:45:30] /c Shirahoshi
[11/02/2016 12:46:40] /c Shirahoshi
[11/02/2016 12:46:52] /i small diamond
[11/02/2016 12:50:29] /c Martin Paulera
[11/02/2016 12:50:36] /i small diamond
[11/02/2016 12:50:50] /n diamond
[11/02/2016 12:50:54] /n tiermond
[11/02/2016 12:51:07] /town 9
[11/02/2016 12:51:10] /n tiermond
[11/02/2016 12:51:38] /t
[11/02/2016 12:51:47] /a
[11/02/2016 12:52:32] /town 5
[11/02/2016 12:53:03] /t
[11/02/2016 12:53:05] /town 9
[11/02/2016 12:55:34] /t
[11/02/2016 12:55:37] /a
[11/02/2016 12:55:43] /town 5
[11/02/2016 12:55:48] /a
[11/02/2016 12:55:49] /ghost
[11/02/2016 13:00:38] /i cupom
[11/02/2016 13:00:41] /n diamond
[11/02/2016 13:00:51] /t
[11/02/2016 13:00:58] /bc green ADQUIRA DIAMONDS PARA COMRPAR MASTER BALL,SHINYS BOX,RARE CANDY,ENTRE OUTRAS COISAS, fazendo uma doaçao em nosso site>http://pokehand.wix.com/pokehand
[11/02/2016 13:09:50] /t
[11/02/2016 13:10:05] /i ultra ball
[11/02/2016 13:10:05] /i ultra ball
[11/02/2016 13:10:06] /i ultra ball
[11/02/2016 13:10:07] /i ultra ball
[11/02/2016 13:10:07] /i ultra ball
[11/02/2016 13:10:31] /town 5
[11/02/2016 13:10:34] /c wath fuk
[11/02/2016 13:10:35] /t
[11/02/2016 13:10:58] /town 5
[11/02/2016 13:10:59] /c Wathc Fok
[11/02/2016 13:11:17] /r
[11/02/2016 13:11:23] /r
[11/02/2016 13:11:24] /r
[11/02/2016 13:11:26] /r
[11/02/2016 13:12:06] /town 9
[11/02/2016 13:12:12] /t
[11/02/2016 13:12:14] /town 5
[11/02/2016 13:12:17] /town 9
[11/02/2016 13:12:19] /r
[11/02/2016 13:12:28] /r
[11/02/2016 13:12:32] /c Lojider
[11/02/2016 13:12:35] /i small diamond
[11/02/2016 13:12:35] /i small diamond
[11/02/2016 13:12:53] /n mond
[11/02/2016 13:13:19] /n mond
[11/02/2016 13:13:23] /n diamond
[11/02/2016 13:13:42] /i small diamond
[11/02/2016 13:14:05] /t
[11/02/2016 13:14:13] /t
[11/02/2016 13:14:15] /town 9
[11/02/2016 13:15:04] /i 14339
[11/02/2016 13:15:05] /i 14339
[11/02/2016 13:15:06] /i 14339
[11/02/2016 13:15:13] /i 14338
[11/02/2016 13:15:13] /i 14338
[11/02/2016 13:15:14] /i 14338
[11/02/2016 13:15:17] /i 14338
[11/02/2016 13:15:18] /i 14338
[11/02/2016 13:15:19] /i 14338
[11/02/2016 13:15:23] /i 14338
[11/02/2016 13:15:25] /i 14338
[11/02/2016 13:15:29] /i 14337
[11/02/2016 13:15:30] /i 14337
[11/02/2016 13:15:33] /i 14337
[11/02/2016 13:15:37] /i 14337
[11/02/2016 13:15:41] /i 14337
[11/02/2016 13:15:44] /t
[11/02/2016 13:26:36] /town 5
[11/02/2016 13:29:02] /bc green digam game chat,a nota que vocês dao no server,e o pq!
[11/02/2016 15:17:46] /town 9
[11/02/2016 15:17:48] /c kliua
[11/02/2016 15:18:07] /c Killua
[11/02/2016 15:18:16] /r
[11/02/2016 15:18:59] /c [ADM] Lucas
[11/02/2016 15:20:26] /t killua
[11/02/2016 15:20:48] /c Killua
[11/02/2016 15:21:08] /t Killua
[11/02/2016 15:21:33] /t
[11/02/2016 15:21:41] /bc green galera vou sumonar mega alakazan saffron
[11/02/2016 15:21:45] /m mega alakazam
[11/02/2016 15:22:44] /bc green A TODOS QUE NÃO QUIZEREM UMA MORTE DOLOROZA NÂO TENTEM ENFRENTAR MEGA ALAKAZAM SAFFRON!
[11/02/2016 15:22:57] /town 8
[11/02/2016 15:23:16] /a 50
[11/02/2016 15:23:56] /a 50
[11/02/2016 15:24:13] /t
[11/02/2016 15:24:55] /a 5
[11/02/2016 15:25:09] /town 5
[11/02/2016 15:26:38] /town 5
[11/02/2016 15:48:17] /t
[11/02/2016 15:48:21] /town 5
[11/02/2016 16:45:09] /town 5
[11/02/2016 16:45:15] /bc green ADQUIRA DIAMONDS PARA COMRPAR MASTER BALL,SHINYS BOX,RARE CANDY,ENTRE OUTRAS COISAS, fazendo uma doaçao em nosso site>http://pokehand.wix.com/pokehand
[11/02/2016 16:51:23] /t
[11/02/2016 16:51:26] /n tiermond
[11/02/2016 16:51:30] /n shopdoanter
[11/02/2016 17:43:42] /a
[11/02/2016 17:44:03] /bc green ADQUIRA DIAMONDS PARA COMRPAR MASTER BALL,SHINYS BOX,RARE CANDY,ENTRE OUTRAS COISAS, fazendo uma doaçao em nosso site>http://pokehand.wix.com/pokehand
[11/02/2016 18:30:10] /c wang
[11/02/2016 18:30:17] /attr group 6
[11/02/2016 18:30:18] /r
[11/02/2016 18:31:07] /s mega charizard
[11/02/2016 18:31:10] /s mega blastoise
[11/02/2016 18:31:11] /t
[11/02/2016 18:31:15] /b lucas goto
[11/02/2016 18:31:20] /town 5
[11/02/2016 18:31:33] /s mega gardevoir
[11/02/2016 18:32:09] /t
[11/02/2016 18:32:27] /b lucas cacete da goto
[11/02/2016 18:32:28] /town 
[11/02/2016 18:32:33] /town 
[11/02/2016 18:32:36] /town 
[11/02/2016 18:32:38] /town 9
[11/02/2016 18:32:40] /b da goto
[11/02/2016 20:46:00] /t
[11/02/2016 20:46:06] /town 5
[11/02/2016 20:46:43] /mc
[11/02/2016 20:46:46] /t
[11/02/2016 20:47:04] /town 5
[11/02/2016 20:48:17] /goto Oiklol
[11/02/2016 20:48:34] /t 
[11/02/2016 20:48:38] /n diamond
[11/02/2016 20:48:44] /n tiermond
[11/02/2016 20:49:03] /town 9
[11/02/2016 20:49:05] /c Morphred
[11/02/2016 20:49:10] /i small diamond
[11/02/2016 20:49:58] /m diamond
[11/02/2016 20:50:36] /n diamond
[11/02/2016 20:50:38] /n tiermond
[11/02/2016 20:50:59] /mc
[11/02/2016 20:52:42] /mc
[11/02/2016 20:52:47] /town 9
[11/02/2016 20:52:49] /town 4
[11/02/2016 20:52:52] /n diamond
[11/02/2016 20:53:03] /i mega box
[11/02/2016 20:53:14] /m zapdos
[11/02/2016 21:52:37] /c caiocof 
[11/02/2016 21:52:41] /c caiocof 
[11/02/2016 21:52:43] /c caiocof 
[11/02/2016 21:53:06] /i small diamond
[11/02/2016 22:40:41] /info Julinhozizizi
[11/02/2016 22:43:09] /c Ghost
[11/02/2016 22:57:28] /goto hide
[12/02/2016 00:35:18] /bc green ADQUIRA DIAMONDS PARA COMRPAR MASTER BALL,SHINYS BOX,RARE CANDY,ENTRE OUTRAS COISAS, fazendo uma doaçao em nosso site>http://pokehand.wix.com/pokehand
[12/02/2016 00:45:12] /goto gardevoir
[12/02/2016 00:45:17] /c xtremex
[12/02/2016 12:03:15] /bc green ADQUIRA DIAMONDS PARA COMRPAR MASTER BALL,SHINYS BOX,RARE CANDY,ENTRE OUTRAS COISAS, fazendo uma doaçao em nosso site>http://pokehand.wix.com/pokehand
[12/02/2016 12:03:16] /bc green ADQUIRA DIAMONDS PARA COMRPAR MASTER BALL,SHINYS BOX,RARE CANDY,ENTRE OUTRAS COISAS, fazendo uma doaçao em nosso site>http://pokehand.wix.com/pokehand
[12/02/2016 13:17:38] /bc green ADQUIRA DIAMONDS PARA COMRPAR MASTER BALL,SHINYS BOX,RARE CANDY,ENTRE OUTRAS COISAS, fazendo uma doaçao em nosso site>http://pokehand.wix.com/pokehand
[12/02/2016 13:22:03] /t
[12/02/2016 13:22:07] /n tiermond
[12/02/2016 13:22:14] /n diamond
[12/02/2016 13:22:16] /town 5
[12/02/2016 13:22:17] /a
[12/02/2016 13:25:25] /n diamond
[12/02/2016 14:42:25] /bc green ADQUIRA DIAMONDS PARA COMRPAR MASTER BALL,SHINYS BOX,RARE CANDY,ENTRE OUTRAS COISAS, fazendo uma doaçao em nosso site>http://pokehand.wix.com/pokehand
[12/02/2016 14:42:40] /t
[12/02/2016 14:42:49] /m mega charizardx
[12/02/2016 14:43:12] /bc green mega charizard vinadiu saffron
[12/02/2016 14:43:39] /mc
[12/02/2016 14:43:42] /mc
[12/02/2016 14:44:22] /town 5
[12/02/2016 14:44:24] /t
[12/02/2016 14:44:33] /m mega blastoise
[12/02/2016 14:46:02] /bc green cabo
[12/02/2016 14:46:05] /town 9
[12/02/2016 16:16:42] /mc
[12/02/2016 16:16:47] /t
[12/02/2016 16:17:15] /s snorlax
[12/02/2016 16:17:18] /town 5
[12/02/2016 19:57:48] /bc green ADQUIRA DIAMONDS PARA COMRPAR MASTER BALL,SHINYS BOX,RARE CANDY,ENTRE OUTRAS COISAS, fazendo uma doaçao em nosso site>http://pokehand.wix.com/pokehand
[12/02/2016 19:59:43] /c Caiocof 
[12/02/2016 20:00:46] /n diamond
[13/02/2016 08:12:44] /c Leosbr
[13/02/2016 08:12:46] /c Leosbr
[13/02/2016 08:12:54] /c Leosbr
[13/02/2016 08:12:56] /c Leosbr
[13/02/2016 08:14:04] /c Leosbr
[13/02/2016 08:14:25] /n diamond
[13/02/2016 08:14:27] /n tiermond
[13/02/2016 08:14:29] /t
[13/02/2016 08:14:32] /n tiermond
[13/02/2016 08:14:37] /n diamond
[13/02/2016 08:42:08] /c extremerbr
[13/02/2016 08:42:15] /i small diamond
[13/02/2016 08:43:30] /n diamond
[13/02/2016 08:43:34] /n tiermond
[13/02/2016 10:28:29] /town 5
[13/02/2016 12:28:41] /bc green ADQUIRA DIAMONDS PARA COMRPAR MASTER BALL,SHINYS BOX,RARE CANDY,ENTRE OUTRAS COISAS, fazendo uma doaçao em nosso site>http://pokehand.wix.com/pokehand
[13/02/2016 12:28:52] /n diamond
[13/02/2016 13:38:15] /bc green ADQUIRA DIAMONDS PARA COMRPAR MASTER BALL,SHINYS BOX,RARE CANDY,ENTRE OUTRAS COISAS, fazendo uma doaçao em nosso site>http://pokehand.wix.com/pokehand
[13/02/2016 13:42:35] /n diamond
[13/02/2016 18:43:00] /r
[13/02/2016 18:43:03] /r
[13/02/2016 18:43:06] /r
[13/02/2016 18:43:07] /r
[13/02/2016 18:43:11] /r
[13/02/2016 18:43:13] /r
[13/02/2016 18:43:16] /r
[13/02/2016 18:43:18] /r
[13/02/2016 18:43:22] /r
[13/02/2016 18:43:26] /r
[13/02/2016 18:43:38] /a
[13/02/2016 18:43:41] /town 5
[13/02/2016 18:43:42] /a
[13/02/2016 18:43:46] /goto jamai
[13/02/2016 18:44:54] /a
[13/02/2016 18:45:18] /town 5
[13/02/2016 18:56:35] /c Leosbr
[13/02/2016 18:56:37] /c Leosbr
[13/02/2016 18:56:38] /c Leosbr
[13/02/2016 18:56:41] /c Leosbr
[13/02/2016 18:56:47] /c leobr
[13/02/2016 18:57:11] /c Leosbr
[13/02/2016 18:57:12] /c Leosbr
[13/02/2016 18:57:56] /c Leosbr
[13/02/2016 18:58:11] /n diamond
[13/02/2016 19:06:42] /n diamond
[13/02/2016 19:07:00] /i 2145
[13/02/2016 19:07:30] /r
[13/02/2016 19:08:09] /t
[13/02/2016 19:08:19] /bc green quem será o primeiro a comprar mega box?
[13/02/2016 19:13:38] /n ziraldo
[13/02/2016 19:13:43] /n stoneseller
[13/02/2016 19:13:55] /n diamond
[13/02/2016 19:14:01] /n tiermond
[13/02/2016 23:46:25] /bc green ADQUIRA DIAMONDS PARA COMRPAR MASTER BALL,SHINYS BOX,RARE CANDY,ENTRE OUTRAS COISAS, fazendo uma doaçao em nosso site>http://pokehand.wix.com/pokehand
[13/02/2016 23:46:41] /bc green PESQUISA,VOCÊS PRETENDEM DONATAR NO OT?,DIGAM GAME CHAT!
[13/02/2016 23:58:18] /town 5
[14/02/2016 01:04:40] /bc green ADQUIRA DIAMONDS PARA COMRPAR MASTER BALL,SHINYS BOX,RARE CANDY,ENTRE OUTRAS COISAS, fazendo uma doaçao em nosso site>http://pokehand.wix.com/pokehand
[14/02/2016 14:42:01] /bc green ADQUIRA DIAMONDS PARA COMRPAR MASTER BALL,SHINYS BOX,RARE CANDY,ENTRE OUTRAS COISAS, fazendo uma doaçao em nosso site>http://pokehand.wix.com/pokehand
[14/02/2016 14:43:30] /c Aldito
[14/02/2016 17:11:53] /bc green ADQUIRA DIAMONDS PARA COMRPAR MASTER BALL,SHINYS BOX,RARE CANDY,ENTRE OUTRAS COISAS, fazendo uma doaçao em nosso site>http://pokehand.wix.com/pokehand
[14/02/2016 17:11:59] /t
[14/02/2016 17:12:27] /bc green mega charizard saffron
[14/02/2016 17:12:35] /m mega charizard
[14/02/2016 17:12:41] /m mega charizardx
[14/02/2016 17:12:47] /m mega charizardy
[14/02/2016 17:13:27] /bc green adquira seu mega charizard por 50 diamonds,no npc shop donater,adquira seus monds no site>http://pokehand.wix.com/pokehand
[14/02/2016 19:01:00] /bc green ADQUIRA DIAMONDS PARA COMRPAR MASTER BALL,SHINYS BOX,RARE CANDY,ENTRE OUTRAS COISAS, fazendo uma doaçao em nosso site>http://pokehand.wix.com/pokehand
[14/02/2016 19:01:04] /bc green adquira seu mega charizard por 50 diamonds,no npc shop donater,adquira seus monds no site>http://pokehand.wix.com/pokehand
[15/02/2016 15:02:10] /bc green ADQUIRA DIAMONDS PARA COMRPAR MASTER BALL,SHINYS BOX,RARE CANDY,ENTRE OUTRAS COISAS, fazendo uma doaçao em nosso site>http://pokehand.wix.com/pokehand
[15/02/2016 19:07:02] /bc green ADQUIRA DIAMONDS PARA COMRPAR MASTER BALL,SHINYS BOX,RARE CANDY,ENTRE OUTRAS COISAS, fazendo uma doaçao em nosso site>http://pokehand.wix.com/pokehand
[15/02/2016 19:09:11] /town 8
[15/02/2016 19:09:13] /c seven
[15/02/2016 19:09:16] /c seven
[15/02/2016 19:10:10] /c seven
[15/02/2016 19:13:28] /bc green ADQUIRA DIAMONDS PARA COMRPAR MASTER BALL,SHINYS BOX,RARE CANDY,ENTRE OUTRAS COISAS, fazendo uma doaçao em nosso site>http://pokehand.wix.com/pokehand
[15/02/2016 19:13:39] /goto [HELP TESTE] Harlley Swwiit
[15/02/2016 19:20:44] /town 5
[15/02/2016 19:21:34] /goto Aldito
[15/02/2016 19:22:05] /i small diamond
[15/02/2016 19:23:29] /n viptier
[15/02/2016 19:23:33] /n premiumtier
[15/02/2016 19:23:35] /n tierdonate
[15/02/2016 20:46:22] /bc green ADQUIRA DIAMONDS PARA COMRPAR MASTER BALL,SHINYS BOX,RARE CANDY,ENTRE OUTRAS COISAS, fazendo uma doaçao em nosso site>http://pokehand.wix.com/pokehand
[15/02/2016 20:46:23] /mc
[16/02/2016 05:11:02] /goto Shirahoshi
[16/02/2016 05:11:11] /i small diamond
[16/02/2016 05:16:05] /goto seven
[16/02/2016 11:45:52] /mc
[16/02/2016 11:46:15] /t
[16/02/2016 11:46:32] /clean
[16/02/2016 11:54:31] /bc green evite jogar coisas no chao,para nâo reclamar de lag!
[16/02/2016 11:54:37] /town 5
[16/02/2016 12:07:58] /town 9
[16/02/2016 12:07:59] /c relik
[16/02/2016 12:08:03] /b reli pm
[16/02/2016 12:08:16] /c reliik
[16/02/2016 12:08:45] /c Rellik
[16/02/2016 12:08:49] /i small diamond
[16/02/2016 12:08:56] /c Caiocof
[16/02/2016 12:09:18] /i small diamond
[16/02/2016 12:09:36] /i small diamond
[16/02/2016 12:09:41] /n shop donater
[16/02/2016 12:09:45] /n diamond
[16/02/2016 12:10:02] /i 14577
[16/02/2016 12:10:05] /i 14577
[16/02/2016 12:10:20] /n tiermodn
[16/02/2016 12:10:38] /r
[16/02/2016 12:12:15] /c Seven
[16/02/2016 18:44:55] /t
[16/02/2016 18:44:58] /b estou triste
[16/02/2016 21:48:41] /bc green ADQUIRA DIAMONDS PARA COMRPAR MASTER BALL,SHINYS BOX,RARE CANDY,ENTRE OUTRAS COISAS, fazendo uma doaçao em nosso site>http://pokehand.wix.com/pokehand
[16/02/2016 22:23:48] /town 9
[16/02/2016 22:23:59] /c Serberoth 
[16/02/2016 22:30:52] /t
[16/02/2016 22:31:00] /n tiermond
[16/02/2016 22:31:15] /n shop donater
[16/02/2016 22:31:21] /n shop donater
[16/02/2016 22:31:27] /n diamond
[16/02/2016 22:31:33] /n tiermond
[17/02/2016 19:53:40] /town 5
[17/02/2016 19:53:41] /bc green ADQUIRA DIAMONDS PARA COMRPAR MASTER BALL,SHINYS BOX,RARE CANDY,ENTRE OUTRAS COISAS, fazendo uma doaçao em nosso site>http://pokehand.wix.com/pokehand
[17/02/2016 19:53:43] /town 5
[17/02/2016 19:55:12] /t
[18/02/2016 02:57:25] /t
[18/02/2016 02:57:31] /b eae
[18/02/2016 03:05:17] /b malz galera
[18/02/2016 03:05:43] /town 9
[18/02/2016 03:05:45] /c [HELP TESTE] Harlley Swwiit
[18/02/2016 03:06:04] /goto [HELP TESTE] Harlley Swwiit
[18/02/2016 03:06:34] /r
[18/02/2016 03:29:47] /c Loka Csm
[18/02/2016 03:29:49] /town 
[18/02/2016 03:29:53] /town 5
[18/02/2016 03:29:54] /c Loka Csm
[18/02/2016 03:32:13] /goto Sakigami Haku
[18/02/2016 03:32:16] /goto Sakigami Haku
[18/02/2016 03:32:19] /info Sakigami Haku
[18/02/2016 17:46:56] /bc green ADQUIRA DIAMONDS PARA COMRPAR MASTER BALL,SHINYS BOX,RARE CANDY,ENTRE OUTRAS COISAS, fazendo uma doaçao em nosso site>http://pokehand.wix.com/pokehand
[18/02/2016 20:16:55] /c Weslleygamer
[19/02/2016 12:25:08] /c Sakigami Haku
[19/02/2016 12:25:12] /c Sakigami Haku
[19/02/2016 12:27:28] /c Sakigami Haku
[19/02/2016 12:27:30] /c Sakigami Haku
[19/02/2016 12:27:57] /c v
[19/02/2016 12:27:59] /c Sakigami Haku
[19/02/2016 12:28:27] /c Deluze
[19/02/2016 12:29:45] /c deluze
[19/02/2016 21:37:43] /t
[19/02/2016 21:37:46] /town 5
[19/02/2016 21:44:07] /bc green ADQUIRA DIAMONDS PARA COMRPAR MASTER BALL,SHINYS BOX,RARE CANDY,ENTRE OUTRAS COISAS, fazendo uma doaçao em nosso site>http://pokehand.wix.com/pokehand
[20/02/2016 01:09:04] /a
[20/02/2016 01:09:07] /a
[20/02/2016 01:09:09] /town
[20/02/2016 01:09:11] /goto jeff
[20/02/2016 01:09:31] /c lawliet
[20/02/2016 01:09:33] /t
[20/02/2016 01:09:34] /c lawliet
[20/02/2016 01:09:57] /c lawliet
[20/02/2016 01:10:07] /c Dethstryke
[20/02/2016 01:10:35] /town 9
[20/02/2016 01:11:04] /t
[20/02/2016 01:11:17] /t
[20/02/2016 01:11:20] /town 5
[20/02/2016 01:11:28] /t
[20/02/2016 01:11:34] /c Dethstryke
[20/02/2016 01:11:50] /c light yagami
[20/02/2016 01:12:03] /c light yagami
[20/02/2016 01:12:10] /a
[20/02/2016 01:12:13] /c light yagami
[20/02/2016 01:12:34] /c light yagami
[20/02/2016 01:12:54] /c light yagami
[20/02/2016 01:13:05] /c light yagami
[20/02/2016 13:46:50] /bc green lucas goot
[21/02/2016 11:46:59] /town
[21/02/2016 11:47:05] /town 5
[21/02/2016 11:47:11] /c Serberoth
[21/02/2016 11:47:19] /i small diamond
[21/02/2016 11:49:25] /goto seven
[21/02/2016 11:50:11] /bc green tutores leiam pf>http://pokehand.wix.com/pokehand#!rules/cee5
[21/02/2016 11:50:11] /bc green tutores leiam pf>http://pokehand.wix.com/pokehand#!rules/cee5
[22/02/2016 15:05:15] /b amo tofos vcs,vlw por jogar meu ot,vcs sao nossaforça tamo junto vamo lá!!
[23/02/2016 12:36:39] /c Onee San
[23/02/2016 12:37:04] /goto 91737790
[23/02/2016 12:37:09] /goto onee san
[23/02/2016 12:37:17] /i small diamond
[23/02/2016 19:09:38] /t
[23/02/2016 19:09:45] /town 5
[23/02/2016 19:10:57] /info brdrama
[23/02/2016 19:11:04] /spy brdrama
[23/02/2016 19:11:20] /goto brdrama
[23/02/2016 19:12:05] /mc
[23/02/2016 19:14:58] /goto  Martin Paulera
[23/02/2016 19:15:00] /town 9
[23/02/2016 19:15:03] /c Martin Paulera
[23/02/2016 19:15:12] /i x-return
[23/02/2016 19:15:16] /i x-return
[23/02/2016 19:15:18] /r
[23/02/2016 19:15:24] /i x-return
[23/02/2016 19:15:29] /i rare candy
[23/02/2016 19:15:50] /i x-return t7
[23/02/2016 19:15:54] /r
[23/02/2016 19:17:12] /n diamond
[23/02/2016 19:17:25] /i rare candy
[24/02/2016 16:07:26] /t
[24/02/2016 16:07:38] /b irei jogar um mond no chao saffron
[24/02/2016 16:08:01] /b gogo vo jogar um mond em saffron !bug
[24/02/2016 16:08:06] /b vai ser dentro do cp
[24/02/2016 16:08:41] /bc green gogo diamond em saffron
[24/02/2016 16:09:32] /bc green joguei,quem pego pego
[24/02/2016 16:09:36] /town 5
[24/02/2016 16:10:54] /goto Lojider
[24/02/2016 16:11:02] /mc
[24/02/2016 20:28:52] /mc
[25/02/2016 18:05:20] /town 5
[25/02/2016 18:05:21] /c Hynnin
[26/02/2016 17:08:59] /bc green adquira seu mega charizard por 50 diamonds,no npc shop donater,adquira seus monds no site>http://pokehand.wix.com/pokehand
[27/02/2016 10:33:40] /t
[27/02/2016 10:36:36] /town 5
[27/02/2016 10:36:44] /c master top
[27/02/2016 16:56:45] /c pokehand.wix.com/pokehand
[27/02/2016 16:57:00] /c Kilombs,
[27/02/2016 16:57:03] /c Kilombs
[27/02/2016 17:50:07] /unban Tsunami
[28/02/2016 11:30:40] /c lojider
[28/02/2016 11:30:46] /i mega box
[28/02/2016 11:31:02] /i 14577
[28/02/2016 11:31:06] /i 14577
[28/02/2016 11:32:34] /n shop donater
[28/02/2016 11:32:38] /n diamond
[28/02/2016 11:32:43] /i small diamond
[28/02/2016 11:33:43] /i rare candy
[28/02/2016 11:33:43] /i rare candy
[28/02/2016 11:46:24] /i small diamond
[28/02/2016 17:10:43] /c trinivini
[28/02/2016 17:11:17] /i small diamond
[28/02/2016 18:56:41] /c master top
[28/02/2016 19:01:07] /ghost
[28/02/2016 19:01:22] /n diamond
[28/02/2016 19:01:26] /n tier mond
[28/02/2016 19:01:29] /n tiermond
[28/02/2016 19:07:57] /mc
