[13/01/2016 03:03:39] /n diamond
[13/01/2016 03:03:42] /n shop
[13/01/2016 03:04:35] /n shop
[13/01/2016 03:04:38] /c shop
[13/01/2016 03:04:43] /n diamond
[13/01/2016 03:06:03] /reload npc
[13/01/2016 03:06:12] /n diamond
[13/01/2016 03:06:25] /reload npc
[13/01/2016 03:06:31] /n diamond
[13/01/2016 03:06:37] /i 2145
[13/01/2016 03:07:44] /reload npc
[13/01/2016 03:08:50] /i 12420
[13/01/2016 03:11:54] /reload items
[13/01/2016 03:11:57] /i 12420
[13/01/2016 03:12:03] /reload actions
[13/01/2016 03:12:15] /b eai
[13/01/2016 03:12:16] /b eai
[13/01/2016 03:12:16] /b eai
[13/01/2016 03:12:36] /m seedot
[13/01/2016 03:12:43] /addskill ADM,lvl,130
[13/01/2016 03:13:05] /i leaf stone
[13/01/2016 03:16:29] /i water stone
[13/01/2016 03:16:53] /i enigma stone
[13/01/2016 03:17:19] /m poochyena
[13/01/2016 03:17:22] /m mightyena
[13/01/2016 03:17:30] /m ludicolo
[13/01/2016 03:17:33] /m shiny ludicolo
[13/01/2016 03:17:36] /m shiny mightyena
[13/01/2016 03:18:12] /i shiny poke box +3
[13/01/2016 03:18:14] /i shiny poke box +3
[13/01/2016 03:19:22] /m shiny wobbuffet
[13/01/2016 03:20:09] /m shiny wobbuffet
[14/01/2016 17:42:03] /a 15
[14/01/2016 17:43:05] /reload globalevents
[14/01/2016 17:43:37] /addskill ADM,lvl,50
[14/01/2016 17:44:44] /goto celebi
[14/01/2016 17:44:51] /i revive
[14/01/2016 17:45:42] /t
[14/01/2016 17:49:39] /addskill Teste,lvl,600
[14/01/2016 17:50:16] /attr set boost 300
[14/01/2016 17:51:16] /goto teste
[14/01/2016 17:51:20] /a 5
[14/01/2016 17:51:22] /a 10
[14/01/2016 17:51:26] /c teste
[14/01/2016 01:37:12] /t
[14/01/2016 01:37:44] /b eai
[14/01/2016 01:37:45] /b eai
[14/01/2016 01:37:46] /b eai
[14/01/2016 01:37:46] /b eai
[14/01/2016 01:37:46] /b eai
[14/01/2016 01:53:02] /goto suicune
[14/01/2016 01:53:52] /t
[14/01/2016 01:54:23] /i 2160
[14/01/2016 01:54:31] /i 2145
[14/01/2016 01:57:51] /newtype 1615
[14/01/2016 01:57:58] /newtype 1676
[14/01/2016 01:58:13] /newtype 1675
[14/01/2016 01:58:46] /newtype 606
[14/01/2016 01:58:51] /newtype 607
[14/01/2016 01:58:52] /newtype 608
[14/01/2016 01:58:54] /newtype 330
[14/01/2016 01:58:57] /newtype 450
[14/01/2016 01:59:00] /newtype 789
[14/01/2016 01:59:02] /newtype 900
[14/01/2016 01:59:06] /newtype 1600
[14/01/2016 01:59:07] /newtype 1605
[14/01/2016 01:59:08] /newtype 1650
[14/01/2016 01:59:11] /newtype 1550
[14/01/2016 01:59:12] /newtype 1551
[14/01/2016 01:59:13] /newtype 1552
[14/01/2016 01:59:14] /newtype 1553
[14/01/2016 01:59:14] /newtype 1554
[14/01/2016 01:59:32] /reload actions
[14/01/2016 02:00:07] /i 12774
[14/01/2016 02:00:10] /r
[14/01/2016 02:00:11] /r
[14/01/2016 02:00:15] /i 4398
[14/01/2016 02:00:33] /reload actions
[14/01/2016 02:08:30] /t
[14/01/2016 02:08:56] /i shiny poke box +1
[14/01/2016 02:09:00] /i shiny poke box +2
[14/01/2016 02:09:01] /i shiny poke box +3
[14/01/2016 02:13:04] /i 14207
[14/01/2016 02:13:05] /i 14208
[14/01/2016 02:13:06] /i 14209
[14/01/2016 02:13:07] /i 14210
[14/01/2016 02:13:08] /i 14211
[14/01/2016 02:13:08] /i 14212
[14/01/2016 02:13:09] /i 14213
[14/01/2016 02:13:10] /i 14214
[14/01/2016 02:13:10] /i 14215
[14/01/2016 02:13:11] /i 14216
[14/01/2016 02:13:12] /i 14217
[14/01/2016 02:13:12] /i 14218
[14/01/2016 02:13:13] /i 14219
[14/01/2016 02:13:14] /i 14220
[14/01/2016 02:13:15] /i 14221
[14/01/2016 02:13:16] /i 14222
[14/01/2016 02:14:09] /i poke box +1
[14/01/2016 02:14:10] /i poke box +2
[14/01/2016 02:14:11] /i poke box +3
[14/01/2016 02:14:12] /i poke box +4
[14/01/2016 02:16:35] /r
[16/01/2016 17:33:42] /i 2159
[16/01/2016 17:39:34] /i 2145
[17/01/2016 00:50:07] /r all
[17/01/2016 00:54:40] /m shiny ursaring
[17/01/2016 00:54:44] /i revive
[17/01/2016 01:09:39] /reload config
[17/01/2016 05:56:02] /i 14566
[17/01/2016 05:56:04] /r
[17/01/2016 05:56:38] /reload actions
[17/01/2016 05:57:07] /m boost tangrowth
[17/01/2016 05:57:15] /m boost shiny tangrowth
[17/01/2016 05:57:24] /m boost shiny sableye
[18/01/2016 00:34:09] /town 10
[18/01/2016 00:34:11] /town 11
[18/01/2016 00:34:12] /town 12
[18/01/2016 00:34:13] /town 13
[18/01/2016 00:34:14] /town 14
[18/01/2016 00:34:15] /town 15
[18/01/2016 00:34:16] /town 16
[18/01/2016 00:34:17] /town 17
[18/01/2016 00:34:18] /town 18
[18/01/2016 00:34:19] /town 19
[18/01/2016 00:34:21] /town 20
[18/01/2016 00:34:22] /town 21
[18/01/2016 00:34:28] /town 16
[18/01/2016 00:34:29] /town 15
[18/01/2016 00:34:30] /town 14
[18/01/2016 00:34:59] /goto gardevoir
[18/01/2016 00:35:23] /town 1
[18/01/2016 00:35:36] /t
[18/01/2016 00:35:46] /a 2
[18/01/2016 00:36:36] /t
[18/01/2016 00:36:45] /i 2159
[18/01/2016 00:37:16] /a 5
[18/01/2016 00:37:19] /a 10
[18/01/2016 00:38:56] /addskill ADM,lvl,273
[18/01/2016 00:41:09] /i 13996
[18/01/2016 00:41:30] /r
[18/01/2016 00:41:32] /i 13996
[18/01/2016 00:41:57] /r
[18/01/2016 00:42:22] /i y-regeneration t7
[18/01/2016 00:42:26] /i y-regeneration t7
[18/01/2016 00:42:46] /attr health +50000
[18/01/2016 00:42:51] /attr health -50000
[18/01/2016 00:43:05] /m shiny sableye
[18/01/2016 00:44:07] /m boost tangrowth
[18/01/2016 00:44:26] /m boost shiny tangrowth
[18/01/2016 00:44:27] /m boost shiny tangrowth
[18/01/2016 00:45:09] /attr set boost +50
[18/01/2016 00:46:29] /m shiny tangrowth
[18/01/2016 00:46:30] /m shiny tangrowth
[18/01/2016 00:46:31] /m shiny tangrowth
[18/01/2016 00:47:01] /m boost shiny tangrowth
[18/01/2016 00:47:02] /m boost shiny tangrowth
[18/01/2016 00:47:02] /m boost shiny tangrowth
[18/01/2016 00:48:24] /i y-regeneration t5
[18/01/2016 00:48:34] /i x-attack t5
[18/01/2016 00:48:54] /m boost shiny tangrowth
[18/01/2016 00:48:54] /m boost shiny tangrowth
[18/01/2016 00:48:55] /m boost shiny tangrowth
[18/01/2016 00:48:55] /m boost shiny tangrowth
[18/01/2016 00:48:56] /m boost shiny tangrowth
[18/01/2016 16:09:18] /i shiny stone
[18/01/2016 16:14:31] /i fire stone
[18/01/2016 16:16:50] /r
[18/01/2016 16:28:32] /reload actions
[18/01/2016 16:28:38] /reload lib
[18/01/2016 16:30:41] /reload actions
[18/01/2016 16:31:03] /reload actions
[18/01/2016 16:31:08] /b eai
[18/01/2016 16:31:09] /b eai
[18/01/2016 16:31:09] /b eai
[18/01/2016 16:31:10] /b eai
[18/01/2016 16:31:10] /b eai
[18/01/2016 16:31:30] /r
[18/01/2016 16:31:44] /r
[18/01/2016 16:32:59] /reload actions
[18/01/2016 16:33:54] /r
[18/01/2016 16:33:55] /r
[18/01/2016 16:34:44] /town 11
[18/01/2016 16:35:06] /reload talkactions
[18/01/2016 16:37:06] /i x-boost t3
[18/01/2016 16:40:07] /reload npcs
[18/01/2016 16:41:47] /reload npc
[18/01/2016 16:42:21] /reload npc
[18/01/2016 16:42:56] /reload npc
[18/01/2016 16:43:32] /reload npc
[18/01/2016 17:25:53] /i 13987
[18/01/2016 17:27:04] /reload npcs
[18/01/2016 17:27:15] /n henrique helder vip
[18/01/2016 17:27:27] /n heldsellervip
[18/01/2016 17:27:53] /r
[18/01/2016 17:52:03] /n aboxboosted
[18/01/2016 17:52:17] /r
[18/01/2016 17:56:23] /reload npc
[18/01/2016 17:57:06] /reload npc
[18/01/2016 17:57:47] /shutdown
[18/01/2016 18:10:09] /r all
[18/01/2016 18:12:38] /reload actions
[18/01/2016 18:12:59] /i leaf stone
[18/01/2016 18:13:00] /i leaf stone
[18/01/2016 18:13:00] /i leaf stone
[18/01/2016 18:13:11] /i leaf stone
[18/01/2016 18:13:13] /i leaf stone
[18/01/2016 18:14:05] /i leaf stone
[18/01/2016 18:14:41] /m kabutops
[18/01/2016 18:14:41] /m kabutops
[18/01/2016 18:14:42] /m kabutops
[18/01/2016 18:14:45] /m kabutops
[18/01/2016 18:14:46] /m kabutops
[18/01/2016 18:14:46] /m kabutops
[18/01/2016 18:14:47] /m kabutops
[18/01/2016 18:14:47] /m kabutops
[18/01/2016 18:14:47] /m kabutops
[18/01/2016 18:14:48] /m kabutops
[18/01/2016 18:14:48] /m kabutops
[18/01/2016 18:14:49] /m kabutops
[18/01/2016 18:14:56] /m kabutops
[18/01/2016 18:14:57] /m kabutops
[18/01/2016 18:14:57] /m kabutops
[18/01/2016 18:14:58] /m kabutops
[18/01/2016 18:15:05] /m kabutops
[18/01/2016 18:15:05] /m kabutops
[18/01/2016 18:15:15] /m kabutops
[18/01/2016 18:15:15] /m kabutops
[18/01/2016 18:15:16] /m kabutops
[18/01/2016 18:15:16] /m kabutops
[18/01/2016 18:15:17] /m kabutops
[18/01/2016 18:15:17] /m kabutops
[18/01/2016 18:15:18] /m kabutops
[18/01/2016 18:15:18] /m kabutops
[18/01/2016 18:15:19] /m kabutops
[18/01/2016 18:15:19] /m kabutops
[18/01/2016 18:15:19] /m kabutops
[18/01/2016 18:15:20] /m kabutops
[18/01/2016 18:15:20] /m kabutops
[18/01/2016 18:15:21] /m kabutops
[18/01/2016 18:15:21] /m kabutops
[18/01/2016 18:15:22] /m kabutops
[18/01/2016 18:15:22] /m kabutops
[18/01/2016 18:15:22] /m kabutops
[18/01/2016 18:15:23] /m kabutops
[18/01/2016 18:15:23] /m kabutops
[18/01/2016 18:15:24] /m kabutops
[18/01/2016 18:15:24] /m kabutops
[18/01/2016 18:15:25] /m kabutops
[18/01/2016 18:15:25] /m kabutops
[18/01/2016 18:15:26] /m kabutops
[18/01/2016 18:15:26] /m kabutops
[18/01/2016 18:15:27] /m kabutops
[18/01/2016 18:15:27] /m kabutops
[18/01/2016 18:15:58] /i ultra ball
[18/01/2016 18:16:29] /i x-attack t5
[18/01/2016 18:16:40] /m boost shiny tangrowth
[18/01/2016 18:16:41] /m boost shiny tangrowth
[18/01/2016 18:16:42] /m boost shiny tangrowth
[18/01/2016 18:16:42] /m boost shiny tangrowth
[18/01/2016 18:16:43] /m boost shiny tangrowth
[19/01/2016 18:26:20] /town 11
[19/01/2016 18:41:25] /r
[19/01/2016 18:41:26] /r
[19/01/2016 18:41:31] /i 6915
[19/01/2016 18:41:34] /r
[19/01/2016 18:41:35] /r
[19/01/2016 18:41:40] /i 6915
[19/01/2016 18:42:13] /a 5
[19/01/2016 18:42:16] /a 5
[19/01/2016 18:42:17] /a 5
[19/01/2016 18:42:55] /a 2
[19/01/2016 18:49:14] /i 2145
[19/01/2016 18:49:31] /i 2159
[19/01/2016 19:10:38] /shutdown
[19/01/2016 19:28:49] /reload actions
[22/01/2016 00:05:13] /reload actions
[22/01/2016 00:05:56] /reload actions
[22/01/2016 00:06:59] /newtype 1394
[22/01/2016 00:07:00] /newtype 1395
[22/01/2016 00:07:04] /newtype 1393
[22/01/2016 00:07:08] /newtype 1675
[22/01/2016 00:07:09] /newtype 1676
[22/01/2016 00:08:43] /newtype 660
[23/01/2016 17:23:32] /goto shiny dragonair
[23/01/2016 17:23:58] /t
[23/01/2016 17:24:26] /goto shiny tropius
[23/01/2016 17:24:43] /a 5
[23/01/2016 17:24:47] /goto shiny tauros
[23/01/2016 17:25:00] /t
[23/01/2016 17:26:13] /reload actions
[23/01/2016 17:39:07] /m shiny misdreavus
[23/01/2016 17:39:09] /m shiny misdreavus
[23/01/2016 17:39:09] /m shiny misdreavus
[23/01/2016 17:39:17] /r
[23/01/2016 17:39:18] /r
[23/01/2016 17:39:19] /r
[23/01/2016 17:39:22] /r
[23/01/2016 17:39:25] /r
[23/01/2016 17:39:25] /r
[23/01/2016 17:39:26] /r
[23/01/2016 17:39:26] /r
[23/01/2016 17:39:27] /r
[23/01/2016 17:39:28] /r
[23/01/2016 17:39:39] /m shiny slowking
[23/01/2016 17:39:40] /m shiny slowking
[23/01/2016 17:39:40] /m shiny slowking
[23/01/2016 17:39:41] /m shiny slowking
[23/01/2016 17:39:41] /m shiny slowking
[23/01/2016 17:40:55] /i fainted shiny slowking
[23/01/2016 17:41:02] /i fainted shiny slowking
[23/01/2016 17:41:02] /i fainted shiny slowking
[23/01/2016 17:41:03] /i fainted shiny slowking
[23/01/2016 17:41:03] /i fainted shiny slowking
[23/01/2016 17:41:04] /i fainted shiny slowking
[23/01/2016 17:41:04] /i fainted shiny slowking
[23/01/2016 17:41:05] /i fainted shiny slowking
[23/01/2016 17:41:05] /i fainted shiny slowking
[23/01/2016 17:41:05] /i fainted shiny slowking
[23/01/2016 17:41:06] /i fainted shiny slowking
[23/01/2016 17:41:06] /i fainted shiny slowking
[23/01/2016 17:41:07] /i fainted shiny slowking
[23/01/2016 17:41:07] /i fainted shiny slowking
[23/01/2016 17:41:07] /i fainted shiny slowking
[23/01/2016 17:41:08] /i fainted shiny slowking
[23/01/2016 17:41:08] /i fainted shiny slowking
[23/01/2016 17:41:09] /i fainted shiny slowking
[23/01/2016 17:41:09] /i fainted shiny slowking
[23/01/2016 17:41:09] /i fainted shiny slowking
[23/01/2016 17:41:10] /i fainted shiny slowking
[23/01/2016 17:41:31] /i fainted shiny slowking
[23/01/2016 17:41:32] /i fainted shiny slowking
[23/01/2016 17:41:32] /i fainted shiny slowking
[23/01/2016 17:41:32] /i fainted shiny slowking
[23/01/2016 17:41:32] /i fainted shiny slowking
[23/01/2016 17:41:32] /i fainted shiny slowking
[23/01/2016 17:41:32] /i fainted shiny slowking
[23/01/2016 17:41:32] /i fainted shiny slowking
[23/01/2016 17:41:32] /i fainted shiny slowking
[23/01/2016 17:41:32] /i fainted shiny slowking
[23/01/2016 17:41:32] /i fainted shiny slowking
[23/01/2016 17:41:32] /i fainted shiny slowking
[23/01/2016 17:41:32] /i fainted shiny slowking
[23/01/2016 17:41:32] /i fainted shiny slowking
[23/01/2016 17:41:32] /i fainted shiny slowking
[23/01/2016 17:41:32] /i fainted shiny slowking
[23/01/2016 17:41:32] /i fainted shiny slowking
[23/01/2016 17:41:32] /i fainted shiny slowking
[23/01/2016 17:41:32] /i fainted shiny slowking
[23/01/2016 17:41:32] /i fainted shiny slowking
[23/01/2016 17:41:32] /i fainted shiny slowking
[23/01/2016 17:41:32] /i fainted shiny slowking
[23/01/2016 17:41:32] /i fainted shiny slowking
[23/01/2016 17:41:33] /i fainted shiny slowking
[23/01/2016 17:41:33] /i fainted shiny slowking
[23/01/2016 17:41:33] /i fainted shiny slowking
[23/01/2016 17:41:33] /i fainted shiny slowking
[23/01/2016 17:41:33] /i fainted shiny slowking
[23/01/2016 17:41:33] /i fainted shiny slowking
[23/01/2016 17:41:33] /i fainted shiny slowking
[23/01/2016 17:41:33] /i fainted shiny slowking
[23/01/2016 17:41:33] /i fainted shiny slowking
[23/01/2016 17:41:33] /i fainted shiny slowking
[23/01/2016 22:20:18] /m shiny ludicolo
[23/01/2016 22:20:22] /m ludicolo
[23/01/2016 22:20:24] /m tangrowth
[23/01/2016 22:20:26] /m tangrowth
[23/01/2016 22:20:28] /m tangrowth
[23/01/2016 22:20:29] /t
[23/01/2016 22:20:33] /r
[23/01/2016 22:20:37] /m rhyperior
[23/01/2016 22:20:41] /m shiny rhyperior
[23/01/2016 22:21:13] /m shiny misdreavus
[23/01/2016 22:21:16] /m misdreavus
[23/01/2016 22:21:18] /m misdreavus
[23/01/2016 22:21:22] /r
[23/01/2016 22:21:35] /m slowking
[23/01/2016 22:21:36] /m slowking
[23/01/2016 22:21:37] /m slowking
[23/01/2016 22:21:40] /r
[23/01/2016 22:22:03] /m armaldo
[23/01/2016 22:22:04] /m armaldo
[23/01/2016 22:22:05] /m armaldo
[23/01/2016 22:22:07] /t
[23/01/2016 22:22:10] /r
[23/01/2016 22:22:25] /m poochyena
[23/01/2016 22:22:28] /m mightyena
[23/01/2016 22:22:31] /m mightyena
[23/01/2016 22:22:52] /m makuhita
[23/01/2016 22:22:54] /m makuhita
[23/01/2016 22:22:55] /m makuhita
[23/01/2016 22:22:56] /r
[23/01/2016 22:22:59] /m hariyama
[23/01/2016 22:23:00] /m hariyama
[23/01/2016 22:23:16] /m ralts
[23/01/2016 22:23:17] /m ralts
[23/01/2016 22:23:19] /m ralts
[23/01/2016 22:23:20] /r
[23/01/2016 22:23:27] /m kirlia
[23/01/2016 22:23:34] /m gardevoir
[23/01/2016 22:23:35] /m gardevoir
[23/01/2016 22:23:49] /m seedot
[23/01/2016 22:23:52] /m lombre
[23/01/2016 22:23:58] /r
[23/01/2016 22:24:01] /m nuzleaf
[23/01/2016 22:24:04] /m shiftry
[23/01/2016 22:24:13] /m shiny kingdra
[23/01/2016 22:24:21] /m kingdra
[23/01/2016 22:24:24] /m wobbuffet
[23/01/2016 22:24:25] /m wobbuffet
[23/01/2016 22:24:26] /m wobbuffet
[23/01/2016 22:24:27] /m wobbuffet
[23/01/2016 22:24:29] /r
[23/01/2016 22:24:30] /r
[23/01/2016 22:24:31] /r
[23/01/2016 22:24:33] /r
[23/01/2016 22:24:36] /m wobbuffet
[23/01/2016 22:24:37] /m wobbuffet
[23/01/2016 22:24:37] /m wobbuffet
[23/01/2016 22:24:37] /m wobbuffet
[23/01/2016 22:24:38] /m wobbuffet
[23/01/2016 22:24:41] /r
[23/01/2016 22:24:42] /r
[23/01/2016 22:24:43] /r
[23/01/2016 22:24:44] /r
[23/01/2016 22:24:49] /m shiny wobbuffet
[23/01/2016 22:25:00] /m shiny ursaring
[23/01/2016 22:25:02] /m ursaring
[23/01/2016 22:25:27] /m lapras
[23/01/2016 22:25:29] /m lapras
[23/01/2016 22:26:30] /m sableye
[23/01/2016 22:26:33] /m sableye
[23/01/2016 22:26:34] /m sableye
[23/01/2016 22:26:36] /r
[23/01/2016 22:26:51] /m shiny dragonair
[23/01/2016 22:26:55] /m shiny dratini
[23/01/2016 22:26:59] /m shiny dragonite
[23/01/2016 22:27:28] /m kabutops
[23/01/2016 22:27:29] /m kabutops
[23/01/2016 22:27:30] /m kabutops
[23/01/2016 22:27:31] /m kabutops
[23/01/2016 22:27:31] /m kabutops
[23/01/2016 22:27:34] /r
[23/01/2016 22:27:36] /r
[23/01/2016 22:27:37] /r
[23/01/2016 22:28:03] /m shiny onix
[23/01/2016 22:28:07] /m shiny steelix
[23/01/2016 22:28:36] /m shiny magzon
[23/01/2016 22:28:48] /goto shiny electabuzz
[23/01/2016 22:28:54] /t
[23/01/2016 22:29:01] /m shiny magneton
[23/01/2016 22:29:11] /m magneton
[23/01/2016 22:29:13] /t
[23/01/2016 22:29:18] /t
[23/01/2016 22:29:24] /r
[23/01/2016 22:29:32] /m magnezone
[23/01/2016 22:29:34] /r
[23/01/2016 22:29:51] /m entei
[23/01/2016 22:29:53] /m suicune
[23/01/2016 22:29:56] /m raikou
[23/01/2016 22:30:22] /m shiny gyarados
[23/01/2016 22:30:35] /m shiny jolteon
[23/01/2016 22:30:42] /m shiny flareon
[23/01/2016 22:30:49] /m shiny vaporeon
[23/01/2016 22:30:55] /m shiny espeon
[23/01/2016 22:30:58] /r
[23/01/2016 22:31:18] /i 2160
[23/01/2016 22:31:19] /i 2160
[23/01/2016 22:31:41] /i 2160
[23/01/2016 22:31:48] /i 2159*
[23/01/2016 22:31:52] /i 2159
[23/01/2016 22:32:12] /i 14261
[23/01/2016 22:32:23] /i shiny stone
[23/01/2016 22:32:40] /i 14206
[23/01/2016 22:32:41] /i 14207
[23/01/2016 22:32:41] /i 14208
[23/01/2016 22:32:42] /i 14209
[23/01/2016 22:32:43] /i 14206
[23/01/2016 22:32:46] /i 14210
[23/01/2016 22:32:48] /i 14211
[23/01/2016 22:32:54] /i 14212
[23/01/2016 22:32:54] /i 14213
[23/01/2016 22:32:55] /i 14214
[23/01/2016 22:32:56] /i 14215
[23/01/2016 22:32:58] /i 14216
[23/01/2016 22:32:59] /i 14217
[23/01/2016 22:33:00] /i 14218
[23/01/2016 22:33:02] /i 14219
[23/01/2016 22:33:04] /i 14220
[23/01/2016 22:33:05] /i 14221
[23/01/2016 22:33:07] /i 14222
[23/01/2016 22:34:21] /i pokeball
[23/01/2016 22:34:24] /r
[23/01/2016 22:34:41] /i 2160
[23/01/2016 22:34:56] /t
[23/01/2016 22:35:33] /m shiny tauros
[23/01/2016 22:37:43] /shutdown
[26/01/2016 20:21:20] /i bike
[26/01/2016 20:21:27] /r
[26/01/2016 20:21:29] /i 12420
[26/01/2016 20:24:10] /i x-attack tier 5
[26/01/2016 20:24:17] /i x-attack tier 7
[26/01/2016 20:24:24] /i x-attack tier7
[26/01/2016 20:24:45] /i x-boost tier 7
[26/01/2016 20:25:26] /i x-attack t7
[26/01/2016 20:25:36] /i y-regeneration t7
[26/01/2016 20:26:10] /attr uniqueid "19600
[26/01/2016 20:28:04] /r
[26/01/2016 20:28:15] /i 2145
[26/01/2016 20:28:42] /r
[26/01/2016 20:28:42] /r
[01/02/2016 23:12:29] /m bronzong
[01/02/2016 23:12:58] /m shiny milotic
[01/02/2016 23:13:11] /m shiny scizor
[01/02/2016 23:14:09] /m bronzong
[01/02/2016 23:14:10] /m bronzong
[01/02/2016 23:14:10] /m bronzong
[01/02/2016 23:14:11] /m bronzong
[01/02/2016 23:14:11] /m bronzong
[01/02/2016 23:14:12] /m bronzong
[01/02/2016 23:14:12] /m bronzong
[01/02/2016 23:14:13] /m bronzong
[01/02/2016 23:14:13] /m bronzong
[01/02/2016 23:14:14] /m bronzong
[01/02/2016 23:14:15] /m bronzong
[01/02/2016 23:14:16] /m bronzong
[01/02/2016 23:14:16] /m bronzong
[01/02/2016 23:14:19] /m bronzong
[01/02/2016 23:14:19] /m bronzong
[01/02/2016 23:14:19] /m bronzong
[01/02/2016 23:16:00] /i master ball
[01/02/2016 23:16:30] /i dark ball
[01/02/2016 23:16:46] /m bronzong
[01/02/2016 23:17:01] /r
[01/02/2016 23:17:05] /newtype 1726
[01/02/2016 23:17:06] /newtype 1727
[01/02/2016 23:17:08] /newtype 1728
[01/02/2016 23:17:09] /newtype 1727
[01/02/2016 23:17:18] /newtype 1727
[01/02/2016 23:17:36] /newtype 1726
[01/02/2016 23:18:25] /reload monster
[01/02/2016 23:18:34] /newtype 660
[01/02/2016 23:19:24] /m shiny milotic
[01/02/2016 23:19:31] /attr health -1000000
[02/02/2016 18:43:33] /m bronzong
[02/02/2016 18:43:34] /m bronzong
[02/02/2016 18:43:35] /m bronzong
[02/02/2016 18:43:36] /m bronzong
[02/02/2016 18:44:18] /m bronzong
[02/02/2016 18:44:19] /m bronzong
[02/02/2016 18:44:20] /m bronzong
[02/02/2016 18:44:20] /m bronzong
[02/02/2016 18:44:21] /m bronzong
[02/02/2016 18:44:21] /m bronzong
[02/02/2016 18:44:36] /m shiny bronzong
[02/02/2016 18:44:57] /i ultra ball
[02/02/2016 18:45:44] /goto shiny ludicolo
[02/02/2016 18:51:52] /i y-regeneration t5
[02/02/2016 18:54:31] /i 2159
[02/02/2016 18:54:33] /t
[02/02/2016 18:55:36] /goto milotic
[02/02/2016 18:56:18] /goto milotic
[02/02/2016 18:56:34] /a 5
[02/02/2016 18:56:35] /a 5
[02/02/2016 18:56:35] /a 5
[02/02/2016 18:57:34] /goto milotic
[02/02/2016 18:57:35] /goto milotic
[02/02/2016 18:57:39] /goto shiny milotic
[02/02/2016 18:57:41] /m milotic
[02/02/2016 18:57:42] /m milotic
[02/02/2016 18:57:42] /m milotic
[02/02/2016 18:57:43] /m milotic
[02/02/2016 18:57:43] /m milotic
[02/02/2016 18:57:50] /t
[02/02/2016 18:57:54] /goto scizor
[02/02/2016 18:58:37] /goto scizor
[02/02/2016 18:58:40] /goto scizor
[02/02/2016 18:59:49] /goto boost rhyperior
[02/02/2016 19:00:58] /attr set boost 150
[02/02/2016 19:01:20] /goto gardevoir
[02/02/2016 19:02:00] /goto gardevoir
[02/02/2016 19:04:47] /i x-attack t5
[02/02/2016 19:04:54] /i y-regeneration t5
[02/02/2016 19:05:38] /m ho-oh
[02/02/2016 19:05:56] /m lugia
[02/02/2016 19:08:15] /a 5
[02/02/2016 19:08:18] /a 7
[02/02/2016 19:08:50] /t
[02/02/2016 19:09:10] /i fainted shiny scizor
[02/02/2016 19:09:38] /i fainted hariyama
[02/02/2016 19:09:43] /i fainted shiny hariyama
[02/02/2016 19:09:52] /i fainted shiny sableye
[02/02/2016 19:10:14] /attr set boost 175
[02/02/2016 19:10:17] /attr set boost 198
[02/02/2016 19:10:22] /attr set boost 250
[02/02/2016 19:10:32] /i 13945
[02/02/2016 19:10:34] /i 13945
[02/02/2016 19:10:34] /i 13945
[02/02/2016 19:10:49] /i y-regeneration t5
[02/02/2016 19:10:51] /i y-regeneration t5
[02/02/2016 19:10:52] /i y-regeneration t5
[02/02/2016 19:13:13] /t teste
[02/02/2016 21:15:32] /m taillow
[02/02/2016 21:15:38] /m swellow
[02/02/2016 21:15:41] /r
[02/02/2016 21:15:42] /r
[02/02/2016 21:18:49] /reload monster
[02/02/2016 21:19:01] /m taillow
[02/02/2016 21:19:04] /m swellow
[02/02/2016 21:19:10] /m meditite
[02/02/2016 21:19:12] /m medicham
[02/02/2016 21:19:17] /m trapinch
[02/02/2016 21:19:21] /m vibrava
[02/02/2016 21:19:23] /m flygon
[02/02/2016 21:19:34] /r
[02/02/2016 21:19:35] /r
[02/02/2016 21:19:36] /r
[02/02/2016 21:19:37] /r
[02/02/2016 21:19:38] /r
[02/02/2016 21:19:39] /r
[02/02/2016 21:19:40] /r
[02/02/2016 21:19:42] /r
[02/02/2016 21:19:45] /r
[02/02/2016 21:20:18] /t
[02/02/2016 21:46:16] /a 5
[02/02/2016 21:46:17] /a 5
[02/02/2016 21:46:17] /a 5
[02/02/2016 21:46:18] /a 5
[02/02/2016 21:46:21] /a 5
[02/02/2016 21:46:21] /a 5
[02/02/2016 21:46:21] /a 5
[02/02/2016 21:46:22] /a 5
[02/02/2016 21:46:22] /a 5
[02/02/2016 21:46:23] /a 5
[02/02/2016 21:46:26] /down
[02/02/2016 21:46:30] /down
[02/02/2016 21:46:32] /down
[02/02/2016 21:46:35] /down
[02/02/2016 21:47:48] /a 5
[02/02/2016 21:47:51] /a 2
[02/02/2016 21:47:57] /up
[02/02/2016 21:48:08] /down
[02/02/2016 21:48:10] /down
[02/02/2016 21:48:12] /down
[02/02/2016 21:48:18] /down
[02/02/2016 21:48:19] /down
[02/02/2016 21:48:36] /a 5
[02/02/2016 21:48:38] /a 10
[02/02/2016 21:48:39] /a 15
[02/02/2016 21:49:21] /down
[02/02/2016 21:49:23] /down
[02/02/2016 21:49:27] /down
[02/02/2016 21:49:30] /down
[02/02/2016 21:49:35] /down
[02/02/2016 21:49:48] /a 5
[02/02/2016 21:49:59] /t
