[04/06/2025 10:57:10] /addskill god,level,250
[04/06/2025 10:57:20] /i 2159
[04/06/2025 10:57:21] /i 2159
[04/06/2025 10:57:40] /i 2159
[04/06/2025 10:57:41] /i 2159
[04/06/2025 10:57:41] /i 2159
[04/06/2025 10:57:53] /t
[04/06/2025 11:09:45] /reload talkactions
[04/06/2025 11:14:49] /reload talkactions
[04/06/2025 11:19:25] /reload talkactions
[04/06/2025 11:29:14] /i 2145,50
[04/06/2025 11:29:14] /t
[04/06/2025 11:29:43] /addskill god,level,300
[04/06/2025 12:12:48] /i 2159,200
[04/06/2025 14:25:26] /reload talkactionjs
[04/06/2025 14:25:31] /reload talkactions
[04/06/2025 14:25:32] /b fddd
[04/06/2025 14:26:15] /newtype 510
[04/06/2025 14:30:32] /reload talkactions
[04/06/2025 14:31:12] /reload talkactions
[04/06/2025 14:31:34] /reload talkactions
[04/06/2025 14:32:28] /reload talkactions
[04/06/2025 14:41:31] /i 2159
[04/06/2025 14:41:33] /i 2159
[04/06/2025 14:43:25] /i 2159,10000
[04/06/2025 14:43:48] /a 2
[04/06/2025 14:43:51] /a w
[04/06/2025 14:43:52] /a 10
[04/06/2025 14:44:04] /t
[04/06/2025 15:08:46] /reload talkactions
[04/07/2025 22:07:31] /reload npc
[04/07/2025 22:08:32] /reload npc
[04/07/2025 23:51:09] /pos
[04/07/2025 23:54:31] /reload talkactions
[04/07/2025 23:56:43] /addskill god,level,150
[04/07/2025 23:57:30] /reload actions
[05/07/2025 00:00:28] /reload actions
[05/07/2025 00:02:36] /reload actions
[05/07/2025 00:29:20] /reload actions
[05/07/2025 00:29:39] /reload actions
[05/07/2025 00:29:44] /b reload
[05/07/2025 00:29:46] /reload actions
[05/07/2025 00:39:56] /i bike
[05/07/2025 00:39:58] /reload actions
[05/07/2025 10:00:30] /newtype 510
[05/07/2025 10:01:00] /reload talkactions
[05/07/2025 10:07:17] /m caterpie
[05/07/2025 10:09:26] /reload actions
[05/07/2025 10:14:46] /newtype 128
[05/07/2025 10:20:53] /reload talkactions
[05/07/2025 10:21:05] /pos
[05/07/2025 10:45:56] /pos
[05/07/2025 10:55:18] /reload talkactions
[25/08/2026 11:21:02] /i 2391
