[07/02/2016 21:31:24] /b eae galera curtindo o server?,digam game chat!!
[07/02/2016 21:32:42] /b galera o server agora ta com DOUBLE CATCH entâo a 00:00 iremos mudar o dobule catch o normal!,entâo aproveitem!!
[07/02/2016 21:32:44] /r
[07/02/2016 21:32:46] /r
[07/02/2016 21:32:48] /t
[07/02/2016 21:33:02] /town 5
[07/02/2016 21:33:45] /goto gardevoir
[07/02/2016 21:33:48] /t
[07/02/2016 21:39:55] /up
[07/02/2016 21:39:59] /up
[07/02/2016 21:40:46] /a
[07/02/2016 21:40:49] /ghost
[07/02/2016 21:40:55] /goto Mr Sheep
[07/02/2016 21:41:06] /a 2
[07/02/2016 21:46:22] /t
[07/02/2016 21:46:28] /goto gardevoir
[07/02/2016 21:46:32] /a 2
[07/02/2016 21:47:22] /t
[07/02/2016 22:53:51] /n shop donater
[07/02/2016 22:53:54] /n shop donaer
[07/02/2016 22:54:28] /b lucas puxa eu
[07/02/2016 22:54:44] /a 20
[07/02/2016 22:59:15] /i Shiny Poke Box 3
[07/02/2016 22:59:19] /i shiny box 3
[07/02/2016 23:00:04] /i 14339
[07/02/2016 23:00:05] /i 14339
[07/02/2016 23:00:05] /i 14339
[07/02/2016 23:00:05] /i 14339
[07/02/2016 23:02:47] /t
[07/02/2016 23:02:59] /b gostaram?,digam game chat!!
[07/02/2016 23:02:59] /b gostaram?,digam game chat!!
[07/02/2016 23:03:05] /b gostaram?,digam game chat!!
[07/02/2016 23:03:09] /b gostaram?,digam game chat!!
[07/02/2016 23:04:03] /town 5
[07/02/2016 23:09:37] /t
[07/02/2016 23:12:44] /b galera DUVIDA RESPONDAM GAME CHAT PF!!,VOCÊS DONATARIAM NO OT?,POR FAVOR ISSO AJUDAM UITO NAS ESTATISTICAS!!
[07/02/2016 23:12:55] /goto [ADM] Lucas
[07/02/2016 23:14:00] /addskill Martin Garrix,lvl,3000
[07/02/2016 23:14:37] /b galera para de manda pf carai
[07/02/2016 23:14:44] /b pm*,vlw
[07/02/2016 23:15:31] /squelch
[07/02/2016 23:15:51] /addskill wang,lvl,500
[07/02/2016 23:17:36] /i master ball
[07/02/2016 23:17:39] /i dark all
[07/02/2016 23:17:44] /i dark ball
[07/02/2016 23:31:10] /b até q box vcs ja fizeram?,digam gme chat!!
[07/02/2016 23:31:17] /t
[07/02/2016 23:31:44] /b gostaram do evento despedida?,digam game chat1
[08/02/2016 10:02:56] /t
[11/02/2016 18:30:24] /a
