This file contains any messages produced by compilers while
running configure, to aid debugging if configure makes a mistake.

It was created by TheForgottenServer configure 0.3.6, which was
generated by GNU Autoconf 2.69.  Invocation command line was

  $ ./configure --enable-server-diag --enable-mysql --enable-root-permission

## --------- ##
## Platform. ##
## --------- ##

hostname = instance-20250411-1607
uname -m = aarch64
uname -r = 5.15.0-1078-oracle
uname -s = Linux
uname -v = #84~20.04.1-Ubuntu SMP Fri Mar 28 18:15:56 UTC 2025

/usr/bin/uname -p = aarch64
/bin/uname -X     = unknown

/bin/arch              = aarch64
/usr/bin/arch -k       = unknown
/usr/convex/getsysinfo = unknown
/usr/bin/hostinfo      = unknown
/bin/machine           = unknown
/usr/bin/oslevel       = unknown
/bin/universe          = unknown

PATH: /usr/local/sbin
PATH: /usr/local/bin
PATH: /usr/sbin
PATH: /usr/bin
PATH: /sbin
PATH: /bin
PATH: /usr/games
PATH: /usr/local/games
PATH: /snap/bin


## ----------- ##
## Core tests. ##
## ----------- ##

configure:2452: checking for a BSD-compatible install
configure:2520: result: /usr/bin/install -c
configure:2531: checking whether build environment is sane
configure:2586: result: yes
configure:2735: checking for a thread-safe mkdir -p
configure:2774: result: /usr/bin/mkdir -p
configure:2781: checking for gawk
configure:2797: found /usr/bin/gawk
configure:2808: result: gawk
configure:2819: checking whether make sets $(MAKE)
configure:2841: result: yes
configure:2870: checking whether make supports nested variables
configure:2887: result: yes
configure:3075: checking for g++
configure:3091: found /usr/bin/g++
configure:3102: result: g++
configure:3129: checking for C++ compiler version
configure:3138: g++ --version >&5
g++ (Ubuntu 9.4.0-1ubuntu1~20.04.2) 9.4.0
Copyright (C) 2019 Free Software Foundation, Inc.
This is free software; see the source for copying conditions.  There is NO
warranty; not even for MERCHANTABILITY or FITNESS FOR A PARTICULAR PURPOSE.

configure:3149: $? = 0
configure:3138: g++ -v >&5
Using built-in specs.
COLLECT_GCC=g++
COLLECT_LTO_WRAPPER=/usr/lib/gcc/aarch64-linux-gnu/9/lto-wrapper
Target: aarch64-linux-gnu
Configured with: ../src/configure -v --with-pkgversion='Ubuntu 9.4.0-1ubuntu1~20.04.2' --with-bugurl=file:///usr/share/doc/gcc-9/README.Bugs --enable-languages=c,ada,c++,go,d,fortran,objc,obj-c++,gm2 --prefix=/usr --with-gcc-major-version-only --program-suffix=-9 --program-prefix=aarch64-linux-gnu- --enable-shared --enable-linker-build-id --libexecdir=/usr/lib --without-included-gettext --enable-threads=posix --libdir=/usr/lib --enable-nls --enable-clocale=gnu --enable-libstdcxx-debug --enable-libstdcxx-time=yes --with-default-libstdcxx-abi=new --enable-gnu-unique-object --disable-libquadmath --disable-libquadmath-support --enable-plugin --enable-default-pie --with-system-zlib --with-target-system-zlib=auto --enable-objc-gc=auto --enable-multiarch --enable-fix-cortex-a53-843419 --disable-werror --enable-checking=release --build=aarch64-linux-gnu --host=aarch64-linux-gnu --target=aarch64-linux-gnu
Thread model: posix
gcc version 9.4.0 (Ubuntu 9.4.0-1ubuntu1~20.04.2) 
configure:3149: $? = 0
configure:3138: g++ -V >&5
g++: error: unrecognized command line option '-V'
g++: fatal error: no input files
compilation terminated.
configure:3149: $? = 1
configure:3138: g++ -qversion >&5
g++: error: unrecognized command line option '-qversion'; did you mean '--version'?
g++: fatal error: no input files
compilation terminated.
configure:3149: $? = 1
configure:3169: checking whether the C++ compiler works
configure:3191: g++    conftest.cpp  >&5
configure:3195: $? = 0
configure:3243: result: yes
configure:3246: checking for C++ compiler default output file name
configure:3248: result: a.out
configure:3254: checking for suffix of executables
configure:3261: g++ -o conftest    conftest.cpp  >&5
configure:3265: $? = 0
configure:3287: result: 
configure:3309: checking whether we are cross compiling
configure:3317: g++ -o conftest    conftest.cpp  >&5
configure:3321: $? = 0
configure:3328: ./conftest
configure:3332: $? = 0
configure:3320: result: no
configure:3325: checking for suffix of object files
configure:3347: g++ -c   conftest.cpp >&5
configure:3351: $? = 0
configure:3372: result: o
configure:3376: checking whether we are using the GNU C++ compiler
configure:3395: g++ -c   conftest.cpp >&5
configure:3395: $? = 0
configure:3404: result: yes
configure:3413: checking whether g++ accepts -g
configure:3433: g++ -c -g  conftest.cpp >&5
configure:3433: $? = 0
configure:3474: result: yes
configure:3500: checking whether make supports the include directive
configure:3515: make -f confmf.GNU && cat confinc.out
this is the am__doit target
configure:3518: $? = 0
configure:3537: result: yes (GNU style)
configure:3562: checking dependency style of g++
configure:3673: result: gcc3
configure:3927: checking how to run the C++ preprocessor
configure:3954: g++ -E  conftest.cpp
configure:3954: $? = 0
configure:3968: g++ -E  conftest.cpp
conftest.cpp:11:10: fatal error: ac_nonexistent.h: No such file or directory
   11 | #include <ac_nonexistent.h>
      |          ^~~~~~~~~~~~~~~~~~
compilation terminated.
configure:3968: $? = 1
configure: failed program was:
| /* confdefs.h */
| #define PACKAGE_NAME "TheForgottenServer"
| #define PACKAGE_TARNAME "theforgottenserver"
| #define PACKAGE_VERSION "0.3.6"
| #define PACKAGE_STRING "TheForgottenServer 0.3.6"
| #define PACKAGE_BUGREPORT ""
| #define PACKAGE_URL ""
| #define PACKAGE "theforgottenserver"
| #define VERSION "0.3.6"
| /* end confdefs.h.  */
| #include <ac_nonexistent.h>
configure:3993: result: g++ -E
configure:4013: g++ -E  conftest.cpp
configure:4013: $? = 0
configure:4027: g++ -E  conftest.cpp
conftest.cpp:11:10: fatal error: ac_nonexistent.h: No such file or directory
   11 | #include <ac_nonexistent.h>
      |          ^~~~~~~~~~~~~~~~~~
compilation terminated.
configure:4027: $? = 1
configure: failed program was:
| /* confdefs.h */
| #define PACKAGE_NAME "TheForgottenServer"
| #define PACKAGE_TARNAME "theforgottenserver"
| #define PACKAGE_VERSION "0.3.6"
| #define PACKAGE_STRING "TheForgottenServer 0.3.6"
| #define PACKAGE_BUGREPORT ""
| #define PACKAGE_URL ""
| #define PACKAGE "theforgottenserver"
| #define VERSION "0.3.6"
| /* end confdefs.h.  */
| #include <ac_nonexistent.h>
configure:4056: checking for grep that handles long lines and -e
configure:4114: result: /usr/bin/grep
configure:4119: checking for egrep
configure:4181: result: /usr/bin/grep -E
configure:4186: checking for ANSI C header files
configure:4206: g++ -c -g -O2  conftest.cpp >&5
configure:4206: $? = 0
configure:4279: g++ -o conftest -g -O2   conftest.cpp  >&5
configure:4279: $? = 0
configure:4279: ./conftest
configure:4279: $? = 0
configure:4290: result: yes
configure:4303: checking for sys/types.h
configure:4303: g++ -c -g -O2  conftest.cpp >&5
configure:4303: $? = 0
configure:4303: result: yes
configure:4303: checking for sys/stat.h
configure:4303: g++ -c -g -O2  conftest.cpp >&5
configure:4303: $? = 0
configure:4303: result: yes
configure:4303: checking for stdlib.h
configure:4303: g++ -c -g -O2  conftest.cpp >&5
configure:4303: $? = 0
configure:4303: result: yes
configure:4303: checking for string.h
configure:4303: g++ -c -g -O2  conftest.cpp >&5
configure:4303: $? = 0
configure:4303: result: yes
configure:4303: checking for memory.h
configure:4303: g++ -c -g -O2  conftest.cpp >&5
configure:4303: $? = 0
configure:4303: result: yes
configure:4303: checking for strings.h
configure:4303: g++ -c -g -O2  conftest.cpp >&5
configure:4303: $? = 0
configure:4303: result: yes
configure:4303: checking for inttypes.h
configure:4303: g++ -c -g -O2  conftest.cpp >&5
configure:4303: $? = 0
configure:4303: result: yes
configure:4303: checking for stdint.h
configure:4303: g++ -c -g -O2  conftest.cpp >&5
configure:4303: $? = 0
configure:4303: result: yes
configure:4303: checking for unistd.h
configure:4303: g++ -c -g -O2  conftest.cpp >&5
configure:4303: $? = 0
configure:4303: result: yes
configure:4318: checking arpa/inet.h usability
configure:4318: g++ -c -g -O2  conftest.cpp >&5
configure:4318: $? = 0
configure:4318: result: yes
configure:4318: checking arpa/inet.h presence
configure:4318: g++ -E  conftest.cpp
configure:4318: $? = 0
configure:4318: result: yes
configure:4318: checking for arpa/inet.h
configure:4318: result: yes
configure:4318: checking netdb.h usability
configure:4318: g++ -c -g -O2  conftest.cpp >&5
configure:4318: $? = 0
configure:4318: result: yes
configure:4318: checking netdb.h presence
configure:4318: g++ -E  conftest.cpp
configure:4318: $? = 0
configure:4318: result: yes
configure:4318: checking for netdb.h
configure:4318: result: yes
configure:4318: checking netinet/in.h usability
configure:4318: g++ -c -g -O2  conftest.cpp >&5
configure:4318: $? = 0
configure:4318: result: yes
configure:4318: checking netinet/in.h presence
configure:4318: g++ -E  conftest.cpp
configure:4318: $? = 0
configure:4318: result: yes
configure:4318: checking for netinet/in.h
configure:4318: result: yes
configure:4318: checking stddef.h usability
configure:4318: g++ -c -g -O2  conftest.cpp >&5
configure:4318: $? = 0
configure:4318: result: yes
configure:4318: checking stddef.h presence
configure:4318: g++ -E  conftest.cpp
configure:4318: $? = 0
configure:4318: result: yes
configure:4318: checking for stddef.h
configure:4318: result: yes
configure:4318: checking for stdint.h
configure:4318: result: yes
configure:4318: checking for stdlib.h
configure:4318: result: yes
configure:4318: checking sys/socket.h usability
configure:4318: g++ -c -g -O2  conftest.cpp >&5
configure:4318: $? = 0
configure:4318: result: yes
configure:4318: checking sys/socket.h presence
configure:4318: g++ -E  conftest.cpp
configure:4318: $? = 0
configure:4318: result: yes
configure:4318: checking for sys/socket.h
configure:4318: result: yes
configure:4318: checking sys/timeb.h usability
configure:4318: g++ -c -g -O2  conftest.cpp >&5
configure:4318: $? = 0
configure:4318: result: yes
configure:4318: checking sys/timeb.h presence
configure:4318: g++ -E  conftest.cpp
configure:4318: $? = 0
configure:4318: result: yes
configure:4318: checking for sys/timeb.h
configure:4318: result: yes
configure:4330: checking for stdbool.h that conforms to C99
configure:4397: g++ -c -g -O2  conftest.cpp >&5
conftest.cpp:32:15: error: expected unqualified-id before string constant
   32 |               "error: bool is not defined"
      |               ^~~~~~~~~~~~~~~~~~~~~~~~~~~~
conftest.cpp:50:48: error: 's' does not name a type
   50 |              struct s { _Bool s: 1; _Bool t; } s;
      |                                                ^
conftest.cpp:60:28: error: 's' was not declared in this scope
   60 |              char i[sizeof s.t];
      |                            ^
conftest.cpp: In function 'int main()':
conftest.cpp:78:24: error: 's' was not declared in this scope
   78 |              bool e = &s;
      |                        ^
conftest.cpp:82:63: error: 'i' was not declared in this scope
   82 |              return (!a + !b + !c + !d + !e + !f + !g + !h + !i + !!j + !k + !!l
      |                                                               ^
configure:4397: $? = 1
configure: failed program was:
| /* confdefs.h */
| #define PACKAGE_NAME "TheForgottenServer"
| #define PACKAGE_TARNAME "theforgottenserver"
| #define PACKAGE_VERSION "0.3.6"
| #define PACKAGE_STRING "TheForgottenServer 0.3.6"
| #define PACKAGE_BUGREPORT ""
| #define PACKAGE_URL ""
| #define PACKAGE "theforgottenserver"
| #define VERSION "0.3.6"
| #define STDC_HEADERS 1
| #define HAVE_SYS_TYPES_H 1
| #define HAVE_SYS_STAT_H 1
| #define HAVE_STDLIB_H 1
| #define HAVE_STRING_H 1
| #define HAVE_MEMORY_H 1
| #define HAVE_STRINGS_H 1
| #define HAVE_INTTYPES_H 1
| #define HAVE_STDINT_H 1
| #define HAVE_UNISTD_H 1
| #define HAVE_ARPA_INET_H 1
| #define HAVE_NETDB_H 1
| #define HAVE_NETINET_IN_H 1
| #define HAVE_STDDEF_H 1
| #define HAVE_STDINT_H 1
| #define HAVE_STDLIB_H 1
| #define HAVE_SYS_SOCKET_H 1
| #define HAVE_SYS_TIMEB_H 1
| /* end confdefs.h.  */
| 
|              #include <stdbool.h>
|              #ifndef bool
|               "error: bool is not defined"
|              #endif
|              #ifndef false
|               "error: false is not defined"
|              #endif
|              #if false
|               "error: false is not 0"
|              #endif
|              #ifndef true
|               "error: true is not defined"
|              #endif
|              #if true != 1
|               "error: true is not 1"
|              #endif
|              #ifndef __bool_true_false_are_defined
|               "error: __bool_true_false_are_defined is not defined"
|              #endif
| 
|              struct s { _Bool s: 1; _Bool t; } s;
| 
|              char a[true == 1 ? 1 : -1];
|              char b[false == 0 ? 1 : -1];
|              char c[__bool_true_false_are_defined == 1 ? 1 : -1];
|              char d[(bool) 0.5 == true ? 1 : -1];
|              /* See body of main program for 'e'.  */
|              char f[(_Bool) 0.0 == false ? 1 : -1];
|              char g[true];
|              char h[sizeof (_Bool)];
|              char i[sizeof s.t];
|              enum { j = false, k = true, l = false * true, m = true * 256 };
|              /* The following fails for
|                 HP aC++/ANSI C B3910B A.05.55 [Dec 04 2003]. */
|              _Bool n[m];
|              char o[sizeof n == m * sizeof n[0] ? 1 : -1];
|              char p[-1 - (_Bool) 0 < 0 && -1 - (bool) 0 < 0 ? 1 : -1];
|              /* Catch a bug in an HP-UX C compiler.  See
|                 http://gcc.gnu.org/ml/gcc-patches/2003-12/msg02303.html
|                 http://lists.gnu.org/archive/html/bug-coreutils/2005-11/msg00161.html
|               */
|              _Bool q = true;
|              _Bool *pq = &q;
| 
| int
| main ()
| {
| 
|              bool e = &s;
|              *pq |= q;
|              *pq |= ! q;
|              /* Refer to every declared value, to avoid compiler optimizations.  */
|              return (!a + !b + !c + !d + !e + !f + !g + !h + !i + !!j + !k + !!l
|                      + !m + !n + !o + !p + !q + !pq);
| 
|   ;
|   return 0;
| }
configure:4404: result: no
configure:4406: checking for _Bool
configure:4406: g++ -c -g -O2  conftest.cpp >&5
conftest.cpp: In function 'int main()':
conftest.cpp:65:13: error: '_Bool' was not declared in this scope
   65 | if (sizeof (_Bool))
      |             ^~~~~
configure:4406: $? = 1
configure: failed program was:
| /* confdefs.h */
| #define PACKAGE_NAME "TheForgottenServer"
| #define PACKAGE_TARNAME "theforgottenserver"
| #define PACKAGE_VERSION "0.3.6"
| #define PACKAGE_STRING "TheForgottenServer 0.3.6"
| #define PACKAGE_BUGREPORT ""
| #define PACKAGE_URL ""
| #define PACKAGE "theforgottenserver"
| #define VERSION "0.3.6"
| #define STDC_HEADERS 1
| #define HAVE_SYS_TYPES_H 1
| #define HAVE_SYS_STAT_H 1
| #define HAVE_STDLIB_H 1
| #define HAVE_STRING_H 1
| #define HAVE_MEMORY_H 1
| #define HAVE_STRINGS_H 1
| #define HAVE_INTTYPES_H 1
| #define HAVE_STDINT_H 1
| #define HAVE_UNISTD_H 1
| #define HAVE_ARPA_INET_H 1
| #define HAVE_NETDB_H 1
| #define HAVE_NETINET_IN_H 1
| #define HAVE_STDDEF_H 1
| #define HAVE_STDINT_H 1
| #define HAVE_STDLIB_H 1
| #define HAVE_SYS_SOCKET_H 1
| #define HAVE_SYS_TIMEB_H 1
| /* end confdefs.h.  */
| #include <stdio.h>
| #ifdef HAVE_SYS_TYPES_H
| # include <sys/types.h>
| #endif
| #ifdef HAVE_SYS_STAT_H
| # include <sys/stat.h>
| #endif
| #ifdef STDC_HEADERS
| # include <stdlib.h>
| # include <stddef.h>
| #else
| # ifdef HAVE_STDLIB_H
| #  include <stdlib.h>
| # endif
| #endif
| #ifdef HAVE_STRING_H
| # if !defined STDC_HEADERS && defined HAVE_MEMORY_H
| #  include <memory.h>
| # endif
| # include <string.h>
| #endif
| #ifdef HAVE_STRINGS_H
| # include <strings.h>
| #endif
| #ifdef HAVE_INTTYPES_H
| # include <inttypes.h>
| #endif
| #ifdef HAVE_STDINT_H
| # include <stdint.h>
| #endif
| #ifdef HAVE_UNISTD_H
| # include <unistd.h>
| #endif
| int
| main ()
| {
| if (sizeof (_Bool))
| 	 return 0;
|   ;
|   return 0;
| }
configure:4406: result: no
configure:4423: checking for an ANSI C-conforming const
configure:4489: g++ -c -g -O2  conftest.cpp >&5
configure:4489: $? = 0
configure:4496: result: yes
configure:4504: checking for inline
configure:4520: g++ -c -g -O2  conftest.cpp >&5
configure:4520: $? = 0
configure:4528: result: inline
configure:4546: checking for int16_t
configure:4546: g++ -c -g -O2  conftest.cpp >&5
configure:4546: $? = 0
configure:4546: g++ -c -g -O2  conftest.cpp >&5
conftest.cpp: In function 'int main()':
conftest.cpp:67:58: error: narrowing conversion of '-1' from 'int' to 'long unsigned int' [-Wnarrowing]
   67 |    < (int16_t) (((((int16_t) 1 << N) << N) - 1) * 2 + 2))];
      |                                                          ^
conftest.cpp:66:26: error: size '-1' of array 'test_array' is negative
   66 | static int test_array [1 - 2 * !((int16_t) (((((int16_t) 1 << N) << N) - 1) * 2 + 1)
      |                        ~~^~~~~~~~~~~~~~~~~~~~~~~~~~~~~~~~~~~~~~~~~~~~~~~~~~~~~~~~~~~
   67 |    < (int16_t) (((((int16_t) 1 << N) << N) - 1) * 2 + 2))];
      |    ~~~~~~~~~~~~~~~~~~~~~~~~~~~~~~~~~~~~~~~~~~~~~~~~~~~~~~
configure:4546: $? = 1
configure: failed program was:
| /* confdefs.h */
| #define PACKAGE_NAME "TheForgottenServer"
| #define PACKAGE_TARNAME "theforgottenserver"
| #define PACKAGE_VERSION "0.3.6"
| #define PACKAGE_STRING "TheForgottenServer 0.3.6"
| #define PACKAGE_BUGREPORT ""
| #define PACKAGE_URL ""
| #define PACKAGE "theforgottenserver"
| #define VERSION "0.3.6"
| #define STDC_HEADERS 1
| #define HAVE_SYS_TYPES_H 1
| #define HAVE_SYS_STAT_H 1
| #define HAVE_STDLIB_H 1
| #define HAVE_STRING_H 1
| #define HAVE_MEMORY_H 1
| #define HAVE_STRINGS_H 1
| #define HAVE_INTTYPES_H 1
| #define HAVE_STDINT_H 1
| #define HAVE_UNISTD_H 1
| #define HAVE_ARPA_INET_H 1
| #define HAVE_NETDB_H 1
| #define HAVE_NETINET_IN_H 1
| #define HAVE_STDDEF_H 1
| #define HAVE_STDINT_H 1
| #define HAVE_STDLIB_H 1
| #define HAVE_SYS_SOCKET_H 1
| #define HAVE_SYS_TIMEB_H 1
| /* end confdefs.h.  */
| #include <stdio.h>
| #ifdef HAVE_SYS_TYPES_H
| # include <sys/types.h>
| #endif
| #ifdef HAVE_SYS_STAT_H
| # include <sys/stat.h>
| #endif
| #ifdef STDC_HEADERS
| # include <stdlib.h>
| # include <stddef.h>
| #else
| # ifdef HAVE_STDLIB_H
| #  include <stdlib.h>
| # endif
| #endif
| #ifdef HAVE_STRING_H
| # if !defined STDC_HEADERS && defined HAVE_MEMORY_H
| #  include <memory.h>
| # endif
| # include <string.h>
| #endif
| #ifdef HAVE_STRINGS_H
| # include <strings.h>
| #endif
| #ifdef HAVE_INTTYPES_H
| # include <inttypes.h>
| #endif
| #ifdef HAVE_STDINT_H
| # include <stdint.h>
| #endif
| #ifdef HAVE_UNISTD_H
| # include <unistd.h>
| #endif
| 	        enum { N = 16 / 2 - 1 };
| int
| main ()
| {
| static int test_array [1 - 2 * !((int16_t) (((((int16_t) 1 << N) << N) - 1) * 2 + 1)
| 		 < (int16_t) (((((int16_t) 1 << N) << N) - 1) * 2 + 2))];
| test_array [0] = 0;
| return test_array [0];
| 
|   ;
|   return 0;
| }
configure:4546: result: yes
configure:4557: checking for int32_t
configure:4557: g++ -c -g -O2  conftest.cpp >&5
configure:4557: $? = 0
configure:4557: g++ -c -g -O2  conftest.cpp >&5
conftest.cpp: In function 'int main()':
conftest.cpp:67:53: warning: integer overflow in expression of type 'int32_t' {aka 'int'} results in '-2147483648' [-Woverflow]
   67 |    < (int32_t) (((((int32_t) 1 << N) << N) - 1) * 2 + 2))];
      |                 ~~~~~~~~~~~~~~~~~~~~~~~~~~~~~~~~~~~~^~~
conftest.cpp:66:26: error: size '-1' of array 'test_array' is negative
   66 | static int test_array [1 - 2 * !((int32_t) (((((int32_t) 1 << N) << N) - 1) * 2 + 1)
      |                        ~~^~~~~~~~~~~~~~~~~~~~~~~~~~~~~~~~~~~~~~~~~~~~~~~~~~~~~~~~~~~
   67 |    < (int32_t) (((((int32_t) 1 << N) << N) - 1) * 2 + 2))];
      |    ~~~~~~~~~~~~~~~~~~~~~~~~~~~~~~~~~~~~~~~~~~~~~~~~~~~~~~
configure:4557: $? = 1
configure: failed program was:
| /* confdefs.h */
| #define PACKAGE_NAME "TheForgottenServer"
| #define PACKAGE_TARNAME "theforgottenserver"
| #define PACKAGE_VERSION "0.3.6"
| #define PACKAGE_STRING "TheForgottenServer 0.3.6"
| #define PACKAGE_BUGREPORT ""
| #define PACKAGE_URL ""
| #define PACKAGE "theforgottenserver"
| #define VERSION "0.3.6"
| #define STDC_HEADERS 1
| #define HAVE_SYS_TYPES_H 1
| #define HAVE_SYS_STAT_H 1
| #define HAVE_STDLIB_H 1
| #define HAVE_STRING_H 1
| #define HAVE_MEMORY_H 1
| #define HAVE_STRINGS_H 1
| #define HAVE_INTTYPES_H 1
| #define HAVE_STDINT_H 1
| #define HAVE_UNISTD_H 1
| #define HAVE_ARPA_INET_H 1
| #define HAVE_NETDB_H 1
| #define HAVE_NETINET_IN_H 1
| #define HAVE_STDDEF_H 1
| #define HAVE_STDINT_H 1
| #define HAVE_STDLIB_H 1
| #define HAVE_SYS_SOCKET_H 1
| #define HAVE_SYS_TIMEB_H 1
| /* end confdefs.h.  */
| #include <stdio.h>
| #ifdef HAVE_SYS_TYPES_H
| # include <sys/types.h>
| #endif
| #ifdef HAVE_SYS_STAT_H
| # include <sys/stat.h>
| #endif
| #ifdef STDC_HEADERS
| # include <stdlib.h>
| # include <stddef.h>
| #else
| # ifdef HAVE_STDLIB_H
| #  include <stdlib.h>
| # endif
| #endif
| #ifdef HAVE_STRING_H
| # if !defined STDC_HEADERS && defined HAVE_MEMORY_H
| #  include <memory.h>
| # endif
| # include <string.h>
| #endif
| #ifdef HAVE_STRINGS_H
| # include <strings.h>
| #endif
| #ifdef HAVE_INTTYPES_H
| # include <inttypes.h>
| #endif
| #ifdef HAVE_STDINT_H
| # include <stdint.h>
| #endif
| #ifdef HAVE_UNISTD_H
| # include <unistd.h>
| #endif
| 	        enum { N = 32 / 2 - 1 };
| int
| main ()
| {
| static int test_array [1 - 2 * !((int32_t) (((((int32_t) 1 << N) << N) - 1) * 2 + 1)
| 		 < (int32_t) (((((int32_t) 1 << N) << N) - 1) * 2 + 2))];
| test_array [0] = 0;
| return test_array [0];
| 
|   ;
|   return 0;
| }
configure:4557: result: yes
configure:4568: checking for int64_t
configure:4568: g++ -c -g -O2  conftest.cpp >&5
configure:4568: $? = 0
configure:4568: g++ -c -g -O2  conftest.cpp >&5
conftest.cpp: In function 'int main()':
conftest.cpp:67:53: warning: integer overflow in expression of type 'int64_t' {aka 'long int'} results in '-9223372036854775808' [-Woverflow]
   67 |    < (int64_t) (((((int64_t) 1 << N) << N) - 1) * 2 + 2))];
      |                 ~~~~~~~~~~~~~~~~~~~~~~~~~~~~~~~~~~~~^~~
conftest.cpp:66:26: error: size '-1' of array 'test_array' is negative
   66 | static int test_array [1 - 2 * !((int64_t) (((((int64_t) 1 << N) << N) - 1) * 2 + 1)
      |                        ~~^~~~~~~~~~~~~~~~~~~~~~~~~~~~~~~~~~~~~~~~~~~~~~~~~~~~~~~~~~~
   67 |    < (int64_t) (((((int64_t) 1 << N) << N) - 1) * 2 + 2))];
      |    ~~~~~~~~~~~~~~~~~~~~~~~~~~~~~~~~~~~~~~~~~~~~~~~~~~~~~~
configure:4568: $? = 1
configure: failed program was:
| /* confdefs.h */
| #define PACKAGE_NAME "TheForgottenServer"
| #define PACKAGE_TARNAME "theforgottenserver"
| #define PACKAGE_VERSION "0.3.6"
| #define PACKAGE_STRING "TheForgottenServer 0.3.6"
| #define PACKAGE_BUGREPORT ""
| #define PACKAGE_URL ""
| #define PACKAGE "theforgottenserver"
| #define VERSION "0.3.6"
| #define STDC_HEADERS 1
| #define HAVE_SYS_TYPES_H 1
| #define HAVE_SYS_STAT_H 1
| #define HAVE_STDLIB_H 1
| #define HAVE_STRING_H 1
| #define HAVE_MEMORY_H 1
| #define HAVE_STRINGS_H 1
| #define HAVE_INTTYPES_H 1
| #define HAVE_STDINT_H 1
| #define HAVE_UNISTD_H 1
| #define HAVE_ARPA_INET_H 1
| #define HAVE_NETDB_H 1
| #define HAVE_NETINET_IN_H 1
| #define HAVE_STDDEF_H 1
| #define HAVE_STDINT_H 1
| #define HAVE_STDLIB_H 1
| #define HAVE_SYS_SOCKET_H 1
| #define HAVE_SYS_TIMEB_H 1
| /* end confdefs.h.  */
| #include <stdio.h>
| #ifdef HAVE_SYS_TYPES_H
| # include <sys/types.h>
| #endif
| #ifdef HAVE_SYS_STAT_H
| # include <sys/stat.h>
| #endif
| #ifdef STDC_HEADERS
| # include <stdlib.h>
| # include <stddef.h>
| #else
| # ifdef HAVE_STDLIB_H
| #  include <stdlib.h>
| # endif
| #endif
| #ifdef HAVE_STRING_H
| # if !defined STDC_HEADERS && defined HAVE_MEMORY_H
| #  include <memory.h>
| # endif
| # include <string.h>
| #endif
| #ifdef HAVE_STRINGS_H
| # include <strings.h>
| #endif
| #ifdef HAVE_INTTYPES_H
| # include <inttypes.h>
| #endif
| #ifdef HAVE_STDINT_H
| # include <stdint.h>
| #endif
| #ifdef HAVE_UNISTD_H
| # include <unistd.h>
| #endif
| 	        enum { N = 64 / 2 - 1 };
| int
| main ()
| {
| static int test_array [1 - 2 * !((int64_t) (((((int64_t) 1 << N) << N) - 1) * 2 + 1)
| 		 < (int64_t) (((((int64_t) 1 << N) << N) - 1) * 2 + 2))];
| test_array [0] = 0;
| return test_array [0];
| 
|   ;
|   return 0;
| }
configure:4568: result: yes
configure:4579: checking for size_t
configure:4579: g++ -c -g -O2  conftest.cpp >&5
configure:4579: $? = 0
configure:4579: g++ -c -g -O2  conftest.cpp >&5
conftest.cpp: In function 'int main()':
conftest.cpp:65:20: error: expected primary-expression before ')' token
   65 | if (sizeof ((size_t)))
      |                    ^
configure:4579: $? = 1
configure: failed program was:
| /* confdefs.h */
| #define PACKAGE_NAME "TheForgottenServer"
| #define PACKAGE_TARNAME "theforgottenserver"
| #define PACKAGE_VERSION "0.3.6"
| #define PACKAGE_STRING "TheForgottenServer 0.3.6"
| #define PACKAGE_BUGREPORT ""
| #define PACKAGE_URL ""
| #define PACKAGE "theforgottenserver"
| #define VERSION "0.3.6"
| #define STDC_HEADERS 1
| #define HAVE_SYS_TYPES_H 1
| #define HAVE_SYS_STAT_H 1
| #define HAVE_STDLIB_H 1
| #define HAVE_STRING_H 1
| #define HAVE_MEMORY_H 1
| #define HAVE_STRINGS_H 1
| #define HAVE_INTTYPES_H 1
| #define HAVE_STDINT_H 1
| #define HAVE_UNISTD_H 1
| #define HAVE_ARPA_INET_H 1
| #define HAVE_NETDB_H 1
| #define HAVE_NETINET_IN_H 1
| #define HAVE_STDDEF_H 1
| #define HAVE_STDINT_H 1
| #define HAVE_STDLIB_H 1
| #define HAVE_SYS_SOCKET_H 1
| #define HAVE_SYS_TIMEB_H 1
| /* end confdefs.h.  */
| #include <stdio.h>
| #ifdef HAVE_SYS_TYPES_H
| # include <sys/types.h>
| #endif
| #ifdef HAVE_SYS_STAT_H
| # include <sys/stat.h>
| #endif
| #ifdef STDC_HEADERS
| # include <stdlib.h>
| # include <stddef.h>
| #else
| # ifdef HAVE_STDLIB_H
| #  include <stdlib.h>
| # endif
| #endif
| #ifdef HAVE_STRING_H
| # if !defined STDC_HEADERS && defined HAVE_MEMORY_H
| #  include <memory.h>
| # endif
| # include <string.h>
| #endif
| #ifdef HAVE_STRINGS_H
| # include <strings.h>
| #endif
| #ifdef HAVE_INTTYPES_H
| # include <inttypes.h>
| #endif
| #ifdef HAVE_STDINT_H
| # include <stdint.h>
| #endif
| #ifdef HAVE_UNISTD_H
| # include <unistd.h>
| #endif
| int
| main ()
| {
| if (sizeof ((size_t)))
| 	    return 0;
|   ;
|   return 0;
| }
configure:4579: result: yes
configure:4590: checking whether struct tm is in sys/time.h or time.h
configure:4610: g++ -c -g -O2  conftest.cpp >&5
configure:4610: $? = 0
configure:4617: result: time.h
configure:4625: checking for uint16_t
configure:4625: g++ -c -g -O2  conftest.cpp >&5
configure:4625: $? = 0
configure:4625: result: yes
configure:4637: checking for uint32_t
configure:4637: g++ -c -g -O2  conftest.cpp >&5
configure:4637: $? = 0
configure:4637: result: yes
configure:4651: checking for uint64_t
configure:4651: g++ -c -g -O2  conftest.cpp >&5
configure:4651: $? = 0
configure:4651: result: yes
configure:4665: checking for uint8_t
configure:4665: g++ -c -g -O2  conftest.cpp >&5
configure:4665: $? = 0
configure:4665: result: yes
configure:4679: checking for ptrdiff_t
configure:4679: g++ -c -g -O2  conftest.cpp >&5
configure:4679: $? = 0
configure:4679: g++ -c -g -O2  conftest.cpp >&5
conftest.cpp: In function 'int main()':
conftest.cpp:65:23: error: expected primary-expression before ')' token
   65 | if (sizeof ((ptrdiff_t)))
      |                       ^
configure:4679: $? = 1
configure: failed program was:
| /* confdefs.h */
| #define PACKAGE_NAME "TheForgottenServer"
| #define PACKAGE_TARNAME "theforgottenserver"
| #define PACKAGE_VERSION "0.3.6"
| #define PACKAGE_STRING "TheForgottenServer 0.3.6"
| #define PACKAGE_BUGREPORT ""
| #define PACKAGE_URL ""
| #define PACKAGE "theforgottenserver"
| #define VERSION "0.3.6"
| #define STDC_HEADERS 1
| #define HAVE_SYS_TYPES_H 1
| #define HAVE_SYS_STAT_H 1
| #define HAVE_STDLIB_H 1
| #define HAVE_STRING_H 1
| #define HAVE_MEMORY_H 1
| #define HAVE_STRINGS_H 1
| #define HAVE_INTTYPES_H 1
| #define HAVE_STDINT_H 1
| #define HAVE_UNISTD_H 1
| #define HAVE_ARPA_INET_H 1
| #define HAVE_NETDB_H 1
| #define HAVE_NETINET_IN_H 1
| #define HAVE_STDDEF_H 1
| #define HAVE_STDINT_H 1
| #define HAVE_STDLIB_H 1
| #define HAVE_SYS_SOCKET_H 1
| #define HAVE_SYS_TIMEB_H 1
| /* end confdefs.h.  */
| #include <stdio.h>
| #ifdef HAVE_SYS_TYPES_H
| # include <sys/types.h>
| #endif
| #ifdef HAVE_SYS_STAT_H
| # include <sys/stat.h>
| #endif
| #ifdef STDC_HEADERS
| # include <stdlib.h>
| # include <stddef.h>
| #else
| # ifdef HAVE_STDLIB_H
| #  include <stdlib.h>
| # endif
| #endif
| #ifdef HAVE_STRING_H
| # if !defined STDC_HEADERS && defined HAVE_MEMORY_H
| #  include <memory.h>
| # endif
| # include <string.h>
| #endif
| #ifdef HAVE_STRINGS_H
| # include <strings.h>
| #endif
| #ifdef HAVE_INTTYPES_H
| # include <inttypes.h>
| #endif
| #ifdef HAVE_STDINT_H
| # include <stdint.h>
| #endif
| #ifdef HAVE_UNISTD_H
| # include <unistd.h>
| #endif
| int
| main ()
| {
| if (sizeof ((ptrdiff_t)))
| 	    return 0;
|   ;
|   return 0;
| }
configure:4679: result: yes
configure:4693: checking for stdlib.h
configure:4693: result: yes
configure:4703: checking for GNU libc compatible malloc
configure:4727: g++ -o conftest -g -O2   conftest.cpp  >&5
configure:4727: $? = 0
configure:4727: ./conftest
configure:4727: $? = 0
configure:4737: result: yes
configure:4758: checking for working memcmp
configure:4801: g++ -o conftest -g -O2   conftest.cpp  >&5
configure:4801: $? = 0
configure:4801: ./conftest
configure:4801: $? = 0
configure:4811: result: yes
configure:4822: checking for stdlib.h
configure:4822: result: yes
configure:4832: checking for GNU libc compatible realloc
configure:4856: g++ -o conftest -g -O2   conftest.cpp  >&5
configure:4856: $? = 0
configure:4856: ./conftest
configure:4856: $? = 0
configure:4866: result: yes
configure:4890: checking for floor
configure:4890: g++ -o conftest -g -O2   conftest.cpp  >&5
conftest.cpp:57:6: warning: declaration of 'char floor()' conflicts with built-in declaration 'double floor(double)' [-Wbuiltin-declaration-mismatch]
   57 | char floor ();
      |      ^~~~~
configure:4890: $? = 0
configure:4890: result: yes
configure:4890: checking for ftime
configure:4890: g++ -o conftest -g -O2   conftest.cpp  >&5
configure:4890: $? = 0
configure:4890: result: yes
configure:4890: checking for gethostbyname
configure:4890: g++ -o conftest -g -O2   conftest.cpp  >&5
configure:4890: $? = 0
configure:4890: result: yes
configure:4890: checking for gethostname
configure:4890: g++ -o conftest -g -O2   conftest.cpp  >&5
configure:4890: $? = 0
configure:4890: result: yes
configure:4890: checking for memset
configure:4890: g++ -o conftest -g -O2   conftest.cpp  >&5
conftest.cpp:61:6: warning: declaration of 'char memset()' conflicts with built-in declaration 'void* memset(void*, int, long unsigned int)' [-Wbuiltin-declaration-mismatch]
   61 | char memset ();
      |      ^~~~~~
configure:4890: $? = 0
configure:4890: result: yes
configure:4890: checking for pow
configure:4890: g++ -o conftest -g -O2   conftest.cpp  >&5
conftest.cpp:62:6: warning: declaration of 'char pow()' conflicts with built-in declaration 'double pow(double, double)' [-Wbuiltin-declaration-mismatch]
   62 | char pow ();
      |      ^~~
configure:4890: $? = 0
configure:4890: result: yes
configure:4890: checking for sqrt
configure:4890: g++ -o conftest -g -O2   conftest.cpp  >&5
conftest.cpp:63:6: warning: declaration of 'char sqrt()' conflicts with built-in declaration 'double sqrt(double)' [-Wbuiltin-declaration-mismatch]
   63 | char sqrt ();
      |      ^~~~
configure:4890: $? = 0
configure:4890: result: yes
configure:4890: checking for strcasecmp
configure:4890: g++ -o conftest -g -O2   conftest.cpp  >&5
conftest.cpp:64:6: warning: declaration of 'char strcasecmp()' conflicts with built-in declaration 'int strcasecmp(const char*, const char*)' [-Wbuiltin-declaration-mismatch]
   64 | char strcasecmp ();
      |      ^~~~~~~~~~
configure:4890: $? = 0
configure:4890: result: yes
configure:4890: checking for strncasecmp
configure:4890: g++ -o conftest -g -O2   conftest.cpp  >&5
conftest.cpp:65:6: warning: declaration of 'char strncasecmp()' conflicts with built-in declaration 'int strncasecmp(const char*, const char*, long unsigned int)' [-Wbuiltin-declaration-mismatch]
   65 | char strncasecmp ();
      |      ^~~~~~~~~~~
configure:4890: $? = 0
configure:4890: result: yes
configure:4890: checking for strstr
configure:4890: g++ -o conftest -g -O2   conftest.cpp  >&5
conftest.cpp:66:6: warning: declaration of 'char strstr()' conflicts with built-in declaration 'char* strstr(const char*, const char*)' [-Wbuiltin-declaration-mismatch]
   66 | char strstr ();
      |      ^~~~~~
configure:4890: $? = 0
configure:4890: result: yes
configure:4890: checking for strtol
configure:4890: g++ -o conftest -g -O2   conftest.cpp  >&5
configure:4890: $? = 0
configure:4890: result: yes
configure:4941: checking for xml2-config
configure:4959: found /usr/bin/xml2-config
configure:4972: result: /usr/bin/xml2-config
configure:4981: checking for libxml - version >= 2.6.5
configure:5083: g++ -o conftest -g -O2  -I/usr/include/libxml2  conftest.cpp -lxml2  >&5
conftest.cpp: In function 'int main()':
conftest.cpp:58:9: warning: ignoring return value of 'int system(const char*)', declared with attribute warn_unused_result [-Wunused-result]
   58 |   system("touch conf.xmltest");
      |   ~~~~~~^~~~~~~~~~~~~~~~~~~~~~
configure:5083: $? = 0
configure:5083: ./conftest
configure:5083: $? = 0
configure:5098: result: yes (version 2.9.10)
configure:5166: checking gmp.h usability
configure:5166: g++ -c -g -O2  conftest.cpp >&5
configure:5166: $? = 0
configure:5166: result: yes
configure:5166: checking gmp.h presence
configure:5166: g++ -E  conftest.cpp
configure:5166: $? = 0
configure:5166: result: yes
configure:5166: checking for gmp.h
configure:5166: result: yes
configure:5178: checking for __gmpz_init2 in -lgmp
configure:5203: g++ -o conftest -g -O2   conftest.cpp -lgmp   -lxml2 >&5
configure:5203: $? = 0
configure:5212: result: yes
configure:5227: checking for main in -lboost_thread-gcc-mt
configure:5246: g++ -o conftest -g -O2   conftest.cpp -lboost_thread-gcc-mt  -lgmp  -lxml2 >&5
/usr/bin/ld: cannot find -lboost_thread-gcc-mt
collect2: error: ld returned 1 exit status
configure:5246: $? = 1
configure: failed program was:
| /* confdefs.h */
| #define PACKAGE_NAME "TheForgottenServer"
| #define PACKAGE_TARNAME "theforgottenserver"
| #define PACKAGE_VERSION "0.3.6"
| #define PACKAGE_STRING "TheForgottenServer 0.3.6"
| #define PACKAGE_BUGREPORT ""
| #define PACKAGE_URL ""
| #define PACKAGE "theforgottenserver"
| #define VERSION "0.3.6"
| #define STDC_HEADERS 1
| #define HAVE_SYS_TYPES_H 1
| #define HAVE_SYS_STAT_H 1
| #define HAVE_STDLIB_H 1
| #define HAVE_STRING_H 1
| #define HAVE_MEMORY_H 1
| #define HAVE_STRINGS_H 1
| #define HAVE_INTTYPES_H 1
| #define HAVE_STDINT_H 1
| #define HAVE_UNISTD_H 1
| #define HAVE_ARPA_INET_H 1
| #define HAVE_NETDB_H 1
| #define HAVE_NETINET_IN_H 1
| #define HAVE_STDDEF_H 1
| #define HAVE_STDINT_H 1
| #define HAVE_STDLIB_H 1
| #define HAVE_SYS_SOCKET_H 1
| #define HAVE_SYS_TIMEB_H 1
| #define HAVE_PTRDIFF_T 1
| #define HAVE_STDLIB_H 1
| #define HAVE_MALLOC 1
| #define HAVE_STDLIB_H 1
| #define HAVE_REALLOC 1
| #define HAVE_FLOOR 1
| #define HAVE_FTIME 1
| #define HAVE_GETHOSTBYNAME 1
| #define HAVE_GETHOSTNAME 1
| #define HAVE_MEMSET 1
| #define HAVE_POW 1
| #define HAVE_SQRT 1
| #define HAVE_STRCASECMP 1
| #define HAVE_STRNCASECMP 1
| #define HAVE_STRSTR 1
| #define HAVE_STRTOL 1
| #define HAVE_GMP_H 1
| #define HAVE_LIBGMP 1
| /* end confdefs.h.  */
| 
| 
| int
| main ()
| {
| return main ();
|   ;
|   return 0;
| }
configure:5255: result: no
configure:5266: checking for main in -lboost_thread-mt
configure:5285: g++ -o conftest -g -O2   conftest.cpp -lboost_thread-mt  -lgmp  -lxml2 >&5
/usr/bin/ld: cannot find -lboost_thread-mt
collect2: error: ld returned 1 exit status
configure:5285: $? = 1
configure: failed program was:
| /* confdefs.h */
| #define PACKAGE_NAME "TheForgottenServer"
| #define PACKAGE_TARNAME "theforgottenserver"
| #define PACKAGE_VERSION "0.3.6"
| #define PACKAGE_STRING "TheForgottenServer 0.3.6"
| #define PACKAGE_BUGREPORT ""
| #define PACKAGE_URL ""
| #define PACKAGE "theforgottenserver"
| #define VERSION "0.3.6"
| #define STDC_HEADERS 1
| #define HAVE_SYS_TYPES_H 1
| #define HAVE_SYS_STAT_H 1
| #define HAVE_STDLIB_H 1
| #define HAVE_STRING_H 1
| #define HAVE_MEMORY_H 1
| #define HAVE_STRINGS_H 1
| #define HAVE_INTTYPES_H 1
| #define HAVE_STDINT_H 1
| #define HAVE_UNISTD_H 1
| #define HAVE_ARPA_INET_H 1
| #define HAVE_NETDB_H 1
| #define HAVE_NETINET_IN_H 1
| #define HAVE_STDDEF_H 1
| #define HAVE_STDINT_H 1
| #define HAVE_STDLIB_H 1
| #define HAVE_SYS_SOCKET_H 1
| #define HAVE_SYS_TIMEB_H 1
| #define HAVE_PTRDIFF_T 1
| #define HAVE_STDLIB_H 1
| #define HAVE_MALLOC 1
| #define HAVE_STDLIB_H 1
| #define HAVE_REALLOC 1
| #define HAVE_FLOOR 1
| #define HAVE_FTIME 1
| #define HAVE_GETHOSTBYNAME 1
| #define HAVE_GETHOSTNAME 1
| #define HAVE_MEMSET 1
| #define HAVE_POW 1
| #define HAVE_SQRT 1
| #define HAVE_STRCASECMP 1
| #define HAVE_STRNCASECMP 1
| #define HAVE_STRSTR 1
| #define HAVE_STRTOL 1
| #define HAVE_GMP_H 1
| #define HAVE_LIBGMP 1
| /* end confdefs.h.  */
| 
| 
| int
| main ()
| {
| return main ();
|   ;
|   return 0;
| }
configure:5294: result: no
configure:5305: checking for main in -lboost_thread
configure:5324: g++ -o conftest -g -O2   conftest.cpp -lboost_thread  -lgmp  -lxml2 >&5
configure:5324: $? = 0
configure:5333: result: yes
configure:5355: checking for main in -lboost_regex-gcc-mt
configure:5374: g++ -o conftest -g -O2   conftest.cpp -lboost_regex-gcc-mt  -lboost_thread -lgmp  -lxml2 >&5
/usr/bin/ld: cannot find -lboost_regex-gcc-mt
collect2: error: ld returned 1 exit status
configure:5374: $? = 1
configure: failed program was:
| /* confdefs.h */
| #define PACKAGE_NAME "TheForgottenServer"
| #define PACKAGE_TARNAME "theforgottenserver"
| #define PACKAGE_VERSION "0.3.6"
| #define PACKAGE_STRING "TheForgottenServer 0.3.6"
| #define PACKAGE_BUGREPORT ""
| #define PACKAGE_URL ""
| #define PACKAGE "theforgottenserver"
| #define VERSION "0.3.6"
| #define STDC_HEADERS 1
| #define HAVE_SYS_TYPES_H 1
| #define HAVE_SYS_STAT_H 1
| #define HAVE_STDLIB_H 1
| #define HAVE_STRING_H 1
| #define HAVE_MEMORY_H 1
| #define HAVE_STRINGS_H 1
| #define HAVE_INTTYPES_H 1
| #define HAVE_STDINT_H 1
| #define HAVE_UNISTD_H 1
| #define HAVE_ARPA_INET_H 1
| #define HAVE_NETDB_H 1
| #define HAVE_NETINET_IN_H 1
| #define HAVE_STDDEF_H 1
| #define HAVE_STDINT_H 1
| #define HAVE_STDLIB_H 1
| #define HAVE_SYS_SOCKET_H 1
| #define HAVE_SYS_TIMEB_H 1
| #define HAVE_PTRDIFF_T 1
| #define HAVE_STDLIB_H 1
| #define HAVE_MALLOC 1
| #define HAVE_STDLIB_H 1
| #define HAVE_REALLOC 1
| #define HAVE_FLOOR 1
| #define HAVE_FTIME 1
| #define HAVE_GETHOSTBYNAME 1
| #define HAVE_GETHOSTNAME 1
| #define HAVE_MEMSET 1
| #define HAVE_POW 1
| #define HAVE_SQRT 1
| #define HAVE_STRCASECMP 1
| #define HAVE_STRNCASECMP 1
| #define HAVE_STRSTR 1
| #define HAVE_STRTOL 1
| #define HAVE_GMP_H 1
| #define HAVE_LIBGMP 1
| #define HAVE_LIBBOOST_THREAD 1
| /* end confdefs.h.  */
| 
| 
| int
| main ()
| {
| return main ();
|   ;
|   return 0;
| }
configure:5383: result: no
configure:5394: checking for main in -lboost_regex-mt
configure:5413: g++ -o conftest -g -O2   conftest.cpp -lboost_regex-mt  -lboost_thread -lgmp  -lxml2 >&5
/usr/bin/ld: cannot find -lboost_regex-mt
collect2: error: ld returned 1 exit status
configure:5413: $? = 1
configure: failed program was:
| /* confdefs.h */
| #define PACKAGE_NAME "TheForgottenServer"
| #define PACKAGE_TARNAME "theforgottenserver"
| #define PACKAGE_VERSION "0.3.6"
| #define PACKAGE_STRING "TheForgottenServer 0.3.6"
| #define PACKAGE_BUGREPORT ""
| #define PACKAGE_URL ""
| #define PACKAGE "theforgottenserver"
| #define VERSION "0.3.6"
| #define STDC_HEADERS 1
| #define HAVE_SYS_TYPES_H 1
| #define HAVE_SYS_STAT_H 1
| #define HAVE_STDLIB_H 1
| #define HAVE_STRING_H 1
| #define HAVE_MEMORY_H 1
| #define HAVE_STRINGS_H 1
| #define HAVE_INTTYPES_H 1
| #define HAVE_STDINT_H 1
| #define HAVE_UNISTD_H 1
| #define HAVE_ARPA_INET_H 1
| #define HAVE_NETDB_H 1
| #define HAVE_NETINET_IN_H 1
| #define HAVE_STDDEF_H 1
| #define HAVE_STDINT_H 1
| #define HAVE_STDLIB_H 1
| #define HAVE_SYS_SOCKET_H 1
| #define HAVE_SYS_TIMEB_H 1
| #define HAVE_PTRDIFF_T 1
| #define HAVE_STDLIB_H 1
| #define HAVE_MALLOC 1
| #define HAVE_STDLIB_H 1
| #define HAVE_REALLOC 1
| #define HAVE_FLOOR 1
| #define HAVE_FTIME 1
| #define HAVE_GETHOSTBYNAME 1
| #define HAVE_GETHOSTNAME 1
| #define HAVE_MEMSET 1
| #define HAVE_POW 1
| #define HAVE_SQRT 1
| #define HAVE_STRCASECMP 1
| #define HAVE_STRNCASECMP 1
| #define HAVE_STRSTR 1
| #define HAVE_STRTOL 1
| #define HAVE_GMP_H 1
| #define HAVE_LIBGMP 1
| #define HAVE_LIBBOOST_THREAD 1
| /* end confdefs.h.  */
| 
| 
| int
| main ()
| {
| return main ();
|   ;
|   return 0;
| }
configure:5422: result: no
configure:5433: checking for main in -lboost_regex
configure:5452: g++ -o conftest -g -O2   conftest.cpp -lboost_regex  -lboost_thread -lgmp  -lxml2 >&5
configure:5452: $? = 0
configure:5461: result: yes
configure:5483: checking for main in -lboost_system-gcc-mt
configure:5502: g++ -o conftest -g -O2   conftest.cpp -lboost_system-gcc-mt  -lboost_regex -lboost_thread -lgmp  -lxml2 >&5
/usr/bin/ld: cannot find -lboost_system-gcc-mt
collect2: error: ld returned 1 exit status
configure:5502: $? = 1
configure: failed program was:
| /* confdefs.h */
| #define PACKAGE_NAME "TheForgottenServer"
| #define PACKAGE_TARNAME "theforgottenserver"
| #define PACKAGE_VERSION "0.3.6"
| #define PACKAGE_STRING "TheForgottenServer 0.3.6"
| #define PACKAGE_BUGREPORT ""
| #define PACKAGE_URL ""
| #define PACKAGE "theforgottenserver"
| #define VERSION "0.3.6"
| #define STDC_HEADERS 1
| #define HAVE_SYS_TYPES_H 1
| #define HAVE_SYS_STAT_H 1
| #define HAVE_STDLIB_H 1
| #define HAVE_STRING_H 1
| #define HAVE_MEMORY_H 1
| #define HAVE_STRINGS_H 1
| #define HAVE_INTTYPES_H 1
| #define HAVE_STDINT_H 1
| #define HAVE_UNISTD_H 1
| #define HAVE_ARPA_INET_H 1
| #define HAVE_NETDB_H 1
| #define HAVE_NETINET_IN_H 1
| #define HAVE_STDDEF_H 1
| #define HAVE_STDINT_H 1
| #define HAVE_STDLIB_H 1
| #define HAVE_SYS_SOCKET_H 1
| #define HAVE_SYS_TIMEB_H 1
| #define HAVE_PTRDIFF_T 1
| #define HAVE_STDLIB_H 1
| #define HAVE_MALLOC 1
| #define HAVE_STDLIB_H 1
| #define HAVE_REALLOC 1
| #define HAVE_FLOOR 1
| #define HAVE_FTIME 1
| #define HAVE_GETHOSTBYNAME 1
| #define HAVE_GETHOSTNAME 1
| #define HAVE_MEMSET 1
| #define HAVE_POW 1
| #define HAVE_SQRT 1
| #define HAVE_STRCASECMP 1
| #define HAVE_STRNCASECMP 1
| #define HAVE_STRSTR 1
| #define HAVE_STRTOL 1
| #define HAVE_GMP_H 1
| #define HAVE_LIBGMP 1
| #define HAVE_LIBBOOST_THREAD 1
| #define HAVE_LIBBOOST_REGEX 1
| /* end confdefs.h.  */
| 
| 
| int
| main ()
| {
| return main ();
|   ;
|   return 0;
| }
configure:5511: result: no
configure:5522: checking for main in -lboost_system-mt
configure:5541: g++ -o conftest -g -O2   conftest.cpp -lboost_system-mt  -lboost_regex -lboost_thread -lgmp  -lxml2 >&5
/usr/bin/ld: cannot find -lboost_system-mt
collect2: error: ld returned 1 exit status
configure:5541: $? = 1
configure: failed program was:
| /* confdefs.h */
| #define PACKAGE_NAME "TheForgottenServer"
| #define PACKAGE_TARNAME "theforgottenserver"
| #define PACKAGE_VERSION "0.3.6"
| #define PACKAGE_STRING "TheForgottenServer 0.3.6"
| #define PACKAGE_BUGREPORT ""
| #define PACKAGE_URL ""
| #define PACKAGE "theforgottenserver"
| #define VERSION "0.3.6"
| #define STDC_HEADERS 1
| #define HAVE_SYS_TYPES_H 1
| #define HAVE_SYS_STAT_H 1
| #define HAVE_STDLIB_H 1
| #define HAVE_STRING_H 1
| #define HAVE_MEMORY_H 1
| #define HAVE_STRINGS_H 1
| #define HAVE_INTTYPES_H 1
| #define HAVE_STDINT_H 1
| #define HAVE_UNISTD_H 1
| #define HAVE_ARPA_INET_H 1
| #define HAVE_NETDB_H 1
| #define HAVE_NETINET_IN_H 1
| #define HAVE_STDDEF_H 1
| #define HAVE_STDINT_H 1
| #define HAVE_STDLIB_H 1
| #define HAVE_SYS_SOCKET_H 1
| #define HAVE_SYS_TIMEB_H 1
| #define HAVE_PTRDIFF_T 1
| #define HAVE_STDLIB_H 1
| #define HAVE_MALLOC 1
| #define HAVE_STDLIB_H 1
| #define HAVE_REALLOC 1
| #define HAVE_FLOOR 1
| #define HAVE_FTIME 1
| #define HAVE_GETHOSTBYNAME 1
| #define HAVE_GETHOSTNAME 1
| #define HAVE_MEMSET 1
| #define HAVE_POW 1
| #define HAVE_SQRT 1
| #define HAVE_STRCASECMP 1
| #define HAVE_STRNCASECMP 1
| #define HAVE_STRSTR 1
| #define HAVE_STRTOL 1
| #define HAVE_GMP_H 1
| #define HAVE_LIBGMP 1
| #define HAVE_LIBBOOST_THREAD 1
| #define HAVE_LIBBOOST_REGEX 1
| /* end confdefs.h.  */
| 
| 
| int
| main ()
| {
| return main ();
|   ;
|   return 0;
| }
configure:5550: result: no
configure:5561: checking for main in -lboost_system
configure:5580: g++ -o conftest -g -O2   conftest.cpp -lboost_system  -lboost_regex -lboost_thread -lgmp  -lxml2 >&5
configure:5580: $? = 0
configure:5589: result: yes
configure:5611: checking for main in -lboost_date_time-gcc-mt
configure:5630: g++ -o conftest -g -O2   conftest.cpp -lboost_date_time-gcc-mt  -lboost_system -lboost_regex -lboost_thread -lgmp  -lxml2 >&5
/usr/bin/ld: cannot find -lboost_date_time-gcc-mt
collect2: error: ld returned 1 exit status
configure:5630: $? = 1
configure: failed program was:
| /* confdefs.h */
| #define PACKAGE_NAME "TheForgottenServer"
| #define PACKAGE_TARNAME "theforgottenserver"
| #define PACKAGE_VERSION "0.3.6"
| #define PACKAGE_STRING "TheForgottenServer 0.3.6"
| #define PACKAGE_BUGREPORT ""
| #define PACKAGE_URL ""
| #define PACKAGE "theforgottenserver"
| #define VERSION "0.3.6"
| #define STDC_HEADERS 1
| #define HAVE_SYS_TYPES_H 1
| #define HAVE_SYS_STAT_H 1
| #define HAVE_STDLIB_H 1
| #define HAVE_STRING_H 1
| #define HAVE_MEMORY_H 1
| #define HAVE_STRINGS_H 1
| #define HAVE_INTTYPES_H 1
| #define HAVE_STDINT_H 1
| #define HAVE_UNISTD_H 1
| #define HAVE_ARPA_INET_H 1
| #define HAVE_NETDB_H 1
| #define HAVE_NETINET_IN_H 1
| #define HAVE_STDDEF_H 1
| #define HAVE_STDINT_H 1
| #define HAVE_STDLIB_H 1
| #define HAVE_SYS_SOCKET_H 1
| #define HAVE_SYS_TIMEB_H 1
| #define HAVE_PTRDIFF_T 1
| #define HAVE_STDLIB_H 1
| #define HAVE_MALLOC 1
| #define HAVE_STDLIB_H 1
| #define HAVE_REALLOC 1
| #define HAVE_FLOOR 1
| #define HAVE_FTIME 1
| #define HAVE_GETHOSTBYNAME 1
| #define HAVE_GETHOSTNAME 1
| #define HAVE_MEMSET 1
| #define HAVE_POW 1
| #define HAVE_SQRT 1
| #define HAVE_STRCASECMP 1
| #define HAVE_STRNCASECMP 1
| #define HAVE_STRSTR 1
| #define HAVE_STRTOL 1
| #define HAVE_GMP_H 1
| #define HAVE_LIBGMP 1
| #define HAVE_LIBBOOST_THREAD 1
| #define HAVE_LIBBOOST_REGEX 1
| #define HAVE_LIBBOOST_SYSTEM 1
| /* end confdefs.h.  */
| 
| 
| int
| main ()
| {
| return main ();
|   ;
|   return 0;
| }
configure:5639: result: no
configure:5650: checking for main in -lboost_date_time-mt
configure:5669: g++ -o conftest -g -O2   conftest.cpp -lboost_date_time-mt  -lboost_system -lboost_regex -lboost_thread -lgmp  -lxml2 >&5
/usr/bin/ld: cannot find -lboost_date_time-mt
collect2: error: ld returned 1 exit status
configure:5669: $? = 1
configure: failed program was:
| /* confdefs.h */
| #define PACKAGE_NAME "TheForgottenServer"
| #define PACKAGE_TARNAME "theforgottenserver"
| #define PACKAGE_VERSION "0.3.6"
| #define PACKAGE_STRING "TheForgottenServer 0.3.6"
| #define PACKAGE_BUGREPORT ""
| #define PACKAGE_URL ""
| #define PACKAGE "theforgottenserver"
| #define VERSION "0.3.6"
| #define STDC_HEADERS 1
| #define HAVE_SYS_TYPES_H 1
| #define HAVE_SYS_STAT_H 1
| #define HAVE_STDLIB_H 1
| #define HAVE_STRING_H 1
| #define HAVE_MEMORY_H 1
| #define HAVE_STRINGS_H 1
| #define HAVE_INTTYPES_H 1
| #define HAVE_STDINT_H 1
| #define HAVE_UNISTD_H 1
| #define HAVE_ARPA_INET_H 1
| #define HAVE_NETDB_H 1
| #define HAVE_NETINET_IN_H 1
| #define HAVE_STDDEF_H 1
| #define HAVE_STDINT_H 1
| #define HAVE_STDLIB_H 1
| #define HAVE_SYS_SOCKET_H 1
| #define HAVE_SYS_TIMEB_H 1
| #define HAVE_PTRDIFF_T 1
| #define HAVE_STDLIB_H 1
| #define HAVE_MALLOC 1
| #define HAVE_STDLIB_H 1
| #define HAVE_REALLOC 1
| #define HAVE_FLOOR 1
| #define HAVE_FTIME 1
| #define HAVE_GETHOSTBYNAME 1
| #define HAVE_GETHOSTNAME 1
| #define HAVE_MEMSET 1
| #define HAVE_POW 1
| #define HAVE_SQRT 1
| #define HAVE_STRCASECMP 1
| #define HAVE_STRNCASECMP 1
| #define HAVE_STRSTR 1
| #define HAVE_STRTOL 1
| #define HAVE_GMP_H 1
| #define HAVE_LIBGMP 1
| #define HAVE_LIBBOOST_THREAD 1
| #define HAVE_LIBBOOST_REGEX 1
| #define HAVE_LIBBOOST_SYSTEM 1
| /* end confdefs.h.  */
| 
| 
| int
| main ()
| {
| return main ();
|   ;
|   return 0;
| }
configure:5678: result: no
configure:5689: checking for main in -lboost_date_time
configure:5708: g++ -o conftest -g -O2   conftest.cpp -lboost_date_time  -lboost_system -lboost_regex -lboost_thread -lgmp  -lxml2 >&5
configure:5708: $? = 0
configure:5717: result: yes
configure:5739: checking for main in -lboost_filesystem-gcc-mt
configure:5758: g++ -o conftest -g -O2   conftest.cpp -lboost_filesystem-gcc-mt  -lboost_date_time -lboost_system -lboost_regex -lboost_thread -lgmp  -lxml2 >&5
/usr/bin/ld: cannot find -lboost_filesystem-gcc-mt
collect2: error: ld returned 1 exit status
configure:5758: $? = 1
configure: failed program was:
| /* confdefs.h */
| #define PACKAGE_NAME "TheForgottenServer"
| #define PACKAGE_TARNAME "theforgottenserver"
| #define PACKAGE_VERSION "0.3.6"
| #define PACKAGE_STRING "TheForgottenServer 0.3.6"
| #define PACKAGE_BUGREPORT ""
| #define PACKAGE_URL ""
| #define PACKAGE "theforgottenserver"
| #define VERSION "0.3.6"
| #define STDC_HEADERS 1
| #define HAVE_SYS_TYPES_H 1
| #define HAVE_SYS_STAT_H 1
| #define HAVE_STDLIB_H 1
| #define HAVE_STRING_H 1
| #define HAVE_MEMORY_H 1
| #define HAVE_STRINGS_H 1
| #define HAVE_INTTYPES_H 1
| #define HAVE_STDINT_H 1
| #define HAVE_UNISTD_H 1
| #define HAVE_ARPA_INET_H 1
| #define HAVE_NETDB_H 1
| #define HAVE_NETINET_IN_H 1
| #define HAVE_STDDEF_H 1
| #define HAVE_STDINT_H 1
| #define HAVE_STDLIB_H 1
| #define HAVE_SYS_SOCKET_H 1
| #define HAVE_SYS_TIMEB_H 1
| #define HAVE_PTRDIFF_T 1
| #define HAVE_STDLIB_H 1
| #define HAVE_MALLOC 1
| #define HAVE_STDLIB_H 1
| #define HAVE_REALLOC 1
| #define HAVE_FLOOR 1
| #define HAVE_FTIME 1
| #define HAVE_GETHOSTBYNAME 1
| #define HAVE_GETHOSTNAME 1
| #define HAVE_MEMSET 1
| #define HAVE_POW 1
| #define HAVE_SQRT 1
| #define HAVE_STRCASECMP 1
| #define HAVE_STRNCASECMP 1
| #define HAVE_STRSTR 1
| #define HAVE_STRTOL 1
| #define HAVE_GMP_H 1
| #define HAVE_LIBGMP 1
| #define HAVE_LIBBOOST_THREAD 1
| #define HAVE_LIBBOOST_REGEX 1
| #define HAVE_LIBBOOST_SYSTEM 1
| #define HAVE_LIBBOOST_DATE_TIME 1
| /* end confdefs.h.  */
| 
| 
| int
| main ()
| {
| return main ();
|   ;
|   return 0;
| }
configure:5767: result: no
configure:5778: checking for main in -lboost_filesystem-mt
configure:5797: g++ -o conftest -g -O2   conftest.cpp -lboost_filesystem-mt  -lboost_date_time -lboost_system -lboost_regex -lboost_thread -lgmp  -lxml2 >&5
/usr/bin/ld: cannot find -lboost_filesystem-mt
collect2: error: ld returned 1 exit status
configure:5797: $? = 1
configure: failed program was:
| /* confdefs.h */
| #define PACKAGE_NAME "TheForgottenServer"
| #define PACKAGE_TARNAME "theforgottenserver"
| #define PACKAGE_VERSION "0.3.6"
| #define PACKAGE_STRING "TheForgottenServer 0.3.6"
| #define PACKAGE_BUGREPORT ""
| #define PACKAGE_URL ""
| #define PACKAGE "theforgottenserver"
| #define VERSION "0.3.6"
| #define STDC_HEADERS 1
| #define HAVE_SYS_TYPES_H 1
| #define HAVE_SYS_STAT_H 1
| #define HAVE_STDLIB_H 1
| #define HAVE_STRING_H 1
| #define HAVE_MEMORY_H 1
| #define HAVE_STRINGS_H 1
| #define HAVE_INTTYPES_H 1
| #define HAVE_STDINT_H 1
| #define HAVE_UNISTD_H 1
| #define HAVE_ARPA_INET_H 1
| #define HAVE_NETDB_H 1
| #define HAVE_NETINET_IN_H 1
| #define HAVE_STDDEF_H 1
| #define HAVE_STDINT_H 1
| #define HAVE_STDLIB_H 1
| #define HAVE_SYS_SOCKET_H 1
| #define HAVE_SYS_TIMEB_H 1
| #define HAVE_PTRDIFF_T 1
| #define HAVE_STDLIB_H 1
| #define HAVE_MALLOC 1
| #define HAVE_STDLIB_H 1
| #define HAVE_REALLOC 1
| #define HAVE_FLOOR 1
| #define HAVE_FTIME 1
| #define HAVE_GETHOSTBYNAME 1
| #define HAVE_GETHOSTNAME 1
| #define HAVE_MEMSET 1
| #define HAVE_POW 1
| #define HAVE_SQRT 1
| #define HAVE_STRCASECMP 1
| #define HAVE_STRNCASECMP 1
| #define HAVE_STRSTR 1
| #define HAVE_STRTOL 1
| #define HAVE_GMP_H 1
| #define HAVE_LIBGMP 1
| #define HAVE_LIBBOOST_THREAD 1
| #define HAVE_LIBBOOST_REGEX 1
| #define HAVE_LIBBOOST_SYSTEM 1
| #define HAVE_LIBBOOST_DATE_TIME 1
| /* end confdefs.h.  */
| 
| 
| int
| main ()
| {
| return main ();
|   ;
|   return 0;
| }
configure:5806: result: no
configure:5817: checking for main in -lboost_filesystem
configure:5836: g++ -o conftest -g -O2   conftest.cpp -lboost_filesystem  -lboost_date_time -lboost_system -lboost_regex -lboost_thread -lgmp  -lxml2 >&5
configure:5836: $? = 0
configure:5845: result: yes
configure:5870: checking boost/asio.hpp usability
configure:5870: g++ -c -g -O2  conftest.cpp >&5
configure:5870: $? = 0
configure:5870: result: yes
configure:5870: checking boost/asio.hpp presence
configure:5870: g++ -E  conftest.cpp
configure:5870: $? = 0
configure:5870: result: yes
configure:5870: checking for boost/asio.hpp
configure:5870: result: yes
configure:5886: checking boost/unordered_set.hpp usability
configure:5886: g++ -c -g -O2  conftest.cpp >&5
configure:5886: $? = 0
configure:5886: result: yes
configure:5886: checking boost/unordered_set.hpp presence
configure:5886: g++ -E  conftest.cpp
configure:5886: $? = 0
configure:5886: result: yes
configure:5886: checking for boost/unordered_set.hpp
configure:5886: result: yes
configure:5954: checking for pkg-config
configure:5972: found /usr/bin/pkg-config
configure:5984: result: /usr/bin/pkg-config
configure:6009: checking pkg-config is at least version 0.9.0
configure:6012: result: yes
configure:6022: checking for LUA
configure:6029: $PKG_CONFIG --exists --print-errors "lua5.1 >= 5.1"
configure:6032: $? = 0
configure:6046: $PKG_CONFIG --exists --print-errors "lua5.1 >= 5.1"
configure:6049: $? = 0
configure:6199: result: yes
configure:6210: checking mysql/mysql.h usability
configure:6210: g++ -c -g -O2  conftest.cpp >&5
configure:6210: $? = 0
configure:6210: result: yes
configure:6210: checking mysql/mysql.h presence
configure:6210: g++ -E  conftest.cpp
configure:6210: $? = 0
configure:6210: result: yes
configure:6210: checking for mysql/mysql.h
configure:6210: result: yes
configure:6222: checking for main in -lmysqlclient
configure:6241: g++ -o conftest -g -O2   conftest.cpp -lmysqlclient  -lboost_filesystem -lboost_date_time -lboost_system -lboost_regex -lboost_thread -lgmp  -lxml2 >&5
configure:6241: $? = 0
configure:6250: result: yes
configure:6549: checking that generated files are newer than configure
configure:6555: result: done
configure:6626: creating ./config.status

## ---------------------- ##
## Running config.status. ##
## ---------------------- ##

This file was extended by TheForgottenServer config.status 0.3.6, which was
generated by GNU Autoconf 2.69.  Invocation command line was

  CONFIG_FILES    = 
  CONFIG_HEADERS  = 
  CONFIG_LINKS    = 
  CONFIG_COMMANDS = 
  $ ./config.status 

on instance-20250411-1607

config.status:915: creating Makefile
config.status:915: creating config.h
config.status:1096: config.h is unchanged
config.status:1144: executing depfiles commands
config.status:1221: cd .       && sed -e '/# am--include-marker/d' Makefile         | make -f - am--depfiles
make: Nothing to be done for 'am--depfiles'.
config.status:1226: $? = 0

## ---------------- ##
## Cache variables. ##
## ---------------- ##

ac_cv_c_const=yes
ac_cv_c_inline=inline
ac_cv_c_int16_t=yes
ac_cv_c_int32_t=yes
ac_cv_c_int64_t=yes
ac_cv_c_uint16_t=yes
ac_cv_c_uint32_t=yes
ac_cv_c_uint64_t=yes
ac_cv_c_uint8_t=yes
ac_cv_cxx_compiler_gnu=yes
ac_cv_env_CCC_set=
ac_cv_env_CCC_value=
ac_cv_env_CPPFLAGS_set=
ac_cv_env_CPPFLAGS_value=
ac_cv_env_CXXCPP_set=
ac_cv_env_CXXCPP_value=
ac_cv_env_CXXFLAGS_set=
ac_cv_env_CXXFLAGS_value=
ac_cv_env_CXX_set=
ac_cv_env_CXX_value=
ac_cv_env_LDFLAGS_set=
ac_cv_env_LDFLAGS_value=
ac_cv_env_LIBS_set=
ac_cv_env_LIBS_value=
ac_cv_env_LUA_CFLAGS_set=
ac_cv_env_LUA_CFLAGS_value=
ac_cv_env_LUA_LIBS_set=
ac_cv_env_LUA_LIBS_value=
ac_cv_env_PKG_CONFIG_LIBDIR_set=
ac_cv_env_PKG_CONFIG_LIBDIR_value=
ac_cv_env_PKG_CONFIG_PATH_set=
ac_cv_env_PKG_CONFIG_PATH_value=
ac_cv_env_PKG_CONFIG_set=
ac_cv_env_PKG_CONFIG_value=
ac_cv_env_build_alias_set=
ac_cv_env_build_alias_value=
ac_cv_env_host_alias_set=
ac_cv_env_host_alias_value=
ac_cv_env_target_alias_set=
ac_cv_env_target_alias_value=
ac_cv_func_floor=yes
ac_cv_func_ftime=yes
ac_cv_func_gethostbyname=yes
ac_cv_func_gethostname=yes
ac_cv_func_malloc_0_nonnull=yes
ac_cv_func_memcmp_working=yes
ac_cv_func_memset=yes
ac_cv_func_pow=yes
ac_cv_func_realloc_0_nonnull=yes
ac_cv_func_sqrt=yes
ac_cv_func_strcasecmp=yes
ac_cv_func_strncasecmp=yes
ac_cv_func_strstr=yes
ac_cv_func_strtol=yes
ac_cv_header_arpa_inet_h=yes
ac_cv_header_boost_asio_hpp=yes
ac_cv_header_boost_unordered_set_hpp=yes
ac_cv_header_gmp_h=yes
ac_cv_header_inttypes_h=yes
ac_cv_header_memory_h=yes
ac_cv_header_mysql_mysql_h=yes
ac_cv_header_netdb_h=yes
ac_cv_header_netinet_in_h=yes
ac_cv_header_stdbool_h=no
ac_cv_header_stdc=yes
ac_cv_header_stddef_h=yes
ac_cv_header_stdint_h=yes
ac_cv_header_stdlib_h=yes
ac_cv_header_string_h=yes
ac_cv_header_strings_h=yes
ac_cv_header_sys_socket_h=yes
ac_cv_header_sys_stat_h=yes
ac_cv_header_sys_timeb_h=yes
ac_cv_header_sys_types_h=yes
ac_cv_header_unistd_h=yes
ac_cv_lib_boost_date_time_gcc_mt_main=no
ac_cv_lib_boost_date_time_main=yes
ac_cv_lib_boost_date_time_mt_main=no
ac_cv_lib_boost_filesystem_gcc_mt_main=no
ac_cv_lib_boost_filesystem_main=yes
ac_cv_lib_boost_filesystem_mt_main=no
ac_cv_lib_boost_regex_gcc_mt_main=no
ac_cv_lib_boost_regex_main=yes
ac_cv_lib_boost_regex_mt_main=no
ac_cv_lib_boost_system_gcc_mt_main=no
ac_cv_lib_boost_system_main=yes
ac_cv_lib_boost_system_mt_main=no
ac_cv_lib_boost_thread_gcc_mt_main=no
ac_cv_lib_boost_thread_main=yes
ac_cv_lib_boost_thread_mt_main=no
ac_cv_lib_gmp___gmpz_init2=yes
ac_cv_lib_mysqlclient_main=yes
ac_cv_objext=o
ac_cv_path_EGREP='/usr/bin/grep -E'
ac_cv_path_GREP=/usr/bin/grep
ac_cv_path_XML2_CONFIG=/usr/bin/xml2-config
ac_cv_path_ac_pt_PKG_CONFIG=/usr/bin/pkg-config
ac_cv_path_install='/usr/bin/install -c'
ac_cv_path_mkdir=/usr/bin/mkdir
ac_cv_prog_AWK=gawk
ac_cv_prog_CXXCPP='g++ -E'
ac_cv_prog_ac_ct_CXX=g++
ac_cv_prog_cxx_g=yes
ac_cv_prog_make_make_set=yes
ac_cv_struct_tm=time.h
ac_cv_type__Bool=no
ac_cv_type_ptrdiff_t=yes
ac_cv_type_size_t=yes
am_cv_CXX_dependencies_compiler_type=gcc3
am_cv_make_support_nested_variables=yes
pkg_cv_LUA_CFLAGS=-I/usr/include/lua5.1
pkg_cv_LUA_LIBS=-llua5.1

## ----------------- ##
## Output variables. ##
## ----------------- ##

ACLOCAL='${SHELL} /home/ubuntu/cyan/source/missing aclocal-1.16'
AMDEPBACKSLASH='\'
AMDEP_FALSE='#'
AMDEP_TRUE=''
AMTAR='$${TAR-tar}'
AM_BACKSLASH='\'
AM_DEFAULT_V='$(AM_DEFAULT_VERBOSITY)'
AM_DEFAULT_VERBOSITY='1'
AM_V='$(V)'
AUTOCONF='${SHELL} /home/ubuntu/cyan/source/missing autoconf'
AUTOHEADER='${SHELL} /home/ubuntu/cyan/source/missing autoheader'
AUTOMAKE='${SHELL} /home/ubuntu/cyan/source/missing automake-1.16'
AWK='gawk'
CPPFLAGS=''
CXX='g++'
CXXCPP='g++ -E'
CXXDEPMODE='depmode=gcc3'
CXXFLAGS='-g -O2'
CYGPATH_W='echo'
DEBUG_FLAGS=''
DEFS='-DHAVE_CONFIG_H'
DEPDIR='.deps'
ECHO_C=''
ECHO_N='-n'
ECHO_T=''
EGREP='/usr/bin/grep -E'
EXEEXT=''
GREP='/usr/bin/grep'
INSTALL_DATA='${INSTALL} -m 644'
INSTALL_PROGRAM='${INSTALL}'
INSTALL_SCRIPT='${INSTALL}'
INSTALL_STRIP_PROGRAM='$(install_sh) -c -s'
LDFLAGS=''
LIBOBJS=''
LIBS='-lmysqlclient -lboost_filesystem -lboost_date_time -lboost_system -lboost_regex -lboost_thread -lgmp  -lxml2'
LOGIN_SERVER_FALSE=''
LOGIN_SERVER_TRUE='#'
LTLIBOBJS=''
LUA_CFLAGS='-I/usr/include/lua5.1'
LUA_LIBS='-llua5.1'
MAKEINFO='${SHELL} /home/ubuntu/cyan/source/missing makeinfo'
MKDIR_P='/usr/bin/mkdir -p'
MYSQL_FLAGS='-D__USE_MYSQL__'
MYSQL_LIBS='-lmysqlclient'
OBJEXT='o'
ODBC_FLAGS=''
ODBC_LIBS=''
OPTIONAL_FLAGS=' -D__ENABLE_SERVER_DIAGNOSTIC__ -D__ROOT_PERMISSION__'
PACKAGE='theforgottenserver'
PACKAGE_BUGREPORT=''
PACKAGE_NAME='TheForgottenServer'
PACKAGE_STRING='TheForgottenServer 0.3.6'
PACKAGE_TARNAME='theforgottenserver'
PACKAGE_URL=''
PACKAGE_VERSION='0.3.6'
PATH_SEPARATOR=':'
PGSQL_FLAGS=''
PGSQL_LIBS=''
PKG_CONFIG='/usr/bin/pkg-config'
PKG_CONFIG_LIBDIR=''
PKG_CONFIG_PATH=''
PROFILER_FLAGS=''
REMOTE_CONTROL_FALSE=''
REMOTE_CONTROL_TRUE='#'
SET_MAKE=''
SHELL='/bin/bash'
SQLITE_FLAGS=''
SQLITE_LIBS=''
STRIP=''
USE_MYSQL_FALSE='#'
USE_MYSQL_TRUE=''
USE_ODBC_FALSE=''
USE_ODBC_TRUE='#'
USE_PGSQL_FALSE=''
USE_PGSQL_TRUE='#'
USE_SQLITE_FALSE=''
USE_SQLITE_TRUE='#'
VERSION='0.3.6'
XML2_CONFIG='/usr/bin/xml2-config'
XML_CPPFLAGS='-I/usr/include/libxml2'
XML_LIBS='-lxml2'
ac_ct_CXX='g++'
am__EXEEXT_FALSE=''
am__EXEEXT_TRUE='#'
am__fastdepCXX_FALSE='#'
am__fastdepCXX_TRUE=''
am__include='include'
am__isrc=''
am__leading_dot='.'
am__nodep='_no'
am__quote=''
am__tar='$${TAR-tar} chof - "$$tardir"'
am__untar='$${TAR-tar} xf -'
bindir='${exec_prefix}/bin'
build_alias=''
datadir='${datarootdir}'
datarootdir='${prefix}/share'
docdir='${datarootdir}/doc/${PACKAGE_TARNAME}'
dvidir='${docdir}'
exec_prefix='${prefix}'
host_alias=''
htmldir='${docdir}'
includedir='${prefix}/include'
infodir='${datarootdir}/info'
install_sh='${SHELL} /home/ubuntu/cyan/source/install-sh'
libdir='${exec_prefix}/lib'
libexecdir='${exec_prefix}/libexec'
localedir='${datarootdir}/locale'
localstatedir='${prefix}/var'
mandir='${datarootdir}/man'
mkdir_p='$(MKDIR_P)'
oldincludedir='/usr/include'
pdfdir='${docdir}'
prefix='/usr/local'
program_transform_name='s,x,x,'
psdir='${docdir}'
runstatedir='${localstatedir}/run'
sbindir='${exec_prefix}/sbin'
sharedstatedir='${prefix}/com'
sysconfdir='${prefix}/etc'
target_alias=''

## ----------- ##
## confdefs.h. ##
## ----------- ##

/* confdefs.h */
#define PACKAGE_NAME "TheForgottenServer"
#define PACKAGE_TARNAME "theforgottenserver"
#define PACKAGE_VERSION "0.3.6"
#define PACKAGE_STRING "TheForgottenServer 0.3.6"
#define PACKAGE_BUGREPORT ""
#define PACKAGE_URL ""
#define PACKAGE "theforgottenserver"
#define VERSION "0.3.6"
#define STDC_HEADERS 1
#define HAVE_SYS_TYPES_H 1
#define HAVE_SYS_STAT_H 1
#define HAVE_STDLIB_H 1
#define HAVE_STRING_H 1
#define HAVE_MEMORY_H 1
#define HAVE_STRINGS_H 1
#define HAVE_INTTYPES_H 1
#define HAVE_STDINT_H 1
#define HAVE_UNISTD_H 1
#define HAVE_ARPA_INET_H 1
#define HAVE_NETDB_H 1
#define HAVE_NETINET_IN_H 1
#define HAVE_STDDEF_H 1
#define HAVE_STDINT_H 1
#define HAVE_STDLIB_H 1
#define HAVE_SYS_SOCKET_H 1
#define HAVE_SYS_TIMEB_H 1
#define HAVE_PTRDIFF_T 1
#define HAVE_STDLIB_H 1
#define HAVE_MALLOC 1
#define HAVE_STDLIB_H 1
#define HAVE_REALLOC 1
#define HAVE_FLOOR 1
#define HAVE_FTIME 1
#define HAVE_GETHOSTBYNAME 1
#define HAVE_GETHOSTNAME 1
#define HAVE_MEMSET 1
#define HAVE_POW 1
#define HAVE_SQRT 1
#define HAVE_STRCASECMP 1
#define HAVE_STRNCASECMP 1
#define HAVE_STRSTR 1
#define HAVE_STRTOL 1
#define HAVE_GMP_H 1
#define HAVE_LIBGMP 1
#define HAVE_LIBBOOST_THREAD 1
#define HAVE_LIBBOOST_REGEX 1
#define HAVE_LIBBOOST_SYSTEM 1
#define HAVE_LIBBOOST_DATE_TIME 1
#define HAVE_LIBBOOST_FILESYSTEM 1
#define HAVE_BOOST_ASIO_HPP 1
#define HAVE_BOOST_UNORDERED_SET_HPP 1
#define HAVE_MYSQL_MYSQL_H 1
#define HAVE_LIBMYSQLCLIENT 1

configure: exit 0
